Component: ARM Compiler 5.06 update 4 (build 422) Tool: armlink [4d35d2]

==============================================================================

Section Cross References

    main.o(.text) refers to misc.o(.text) for NVIC_PriorityGroupConfig
    main.o(.text) refers to delay.o(.text) for delay_init
    main.o(.text) refers to usart.o(.text) for uart_init
    main.o(.text) refers to mcu_gpio.o(.text) for pinMode
    main.o(.text) refers to __2printf.o(.text) for __2printf
    main.o(.text) refers to user_cmd_fun.o(.text) for eeprom_init
    main.o(.text) refers to rt_memcpy_w.o(.text) for __aeabi_memcpy4
    main.o(.text) refers to commands.o(.text) for CommandCheckAndExe
    main.o(.text) refers to dido.o(.data) for Out
    main.o(.text) refers to mcu_gpio.o(.data) for PB2
    main.o(.text) refers to user_cmd_fun.o(.data) for at24c256
    main.o(.text) refers to at24cxx.o(.data) for at24cxx
    system_stm32f10x.o(.text) refers to system_stm32f10x.o(.data) for SystemCoreClock
    commands.o(.text) refers to strcmpv7m.o(.text) for strcmp
    commands.o(.text) refers to __2printf.o(.text) for __2printf
    commands.o(.text) refers to dido.o(.data) for Out
    commands.o(.text) refers to rt_memcpy_w.o(.text) for __aeabi_memcpy4
    commands.o(.text) refers to user_cmd_fun.o(.data) for at24c256
    commands.o(.text) refers to at24cxx.o(.data) for at24cxx
    commands.o(.text) refers to commands.o(.conststring) for .conststring
    commands.o(.text) refers to user_cmd_fun.o(.text) for CMD_rom
    commands.o(.text) refers to c89printf.o(.text) for __c89printf
    commands.o(.text) refers to usart.o(.data) for USART_RX_STA
    commands.o(.text) refers to usart.o(.bss) for USART_RX_BUF
    user_cmd_fun.o(.text) refers to _printf_percent.o(.ARM.Collect$$_printf_percent$$00000000) for _printf_percent
    user_cmd_fun.o(.text) refers to _printf_s.o(.ARM.Collect$$_printf_percent$$00000014) for _printf_s
    user_cmd_fun.o(.text) refers to _printf_str.o(.text) for _printf_str
    user_cmd_fun.o(.text) refers to _printf_d.o(.ARM.Collect$$_printf_percent$$00000009) for _printf_d
    user_cmd_fun.o(.text) refers to _printf_dec.o(.text) for _printf_int_dec
    user_cmd_fun.o(.text) refers to strcmpv7m.o(.text) for strcmp
    user_cmd_fun.o(.text) refers to __2printf.o(.text) for __2printf
    user_cmd_fun.o(.text) refers to strncmp.o(.text) for strncmp
    user_cmd_fun.o(.text) refers to strtol.o(.text) for strtol
    user_cmd_fun.o(.text) refers to strlen.o(.text) for strlen
    user_cmd_fun.o(.text) refers to rt_memcpy_w.o(.text) for __aeabi_memcpy4
    user_cmd_fun.o(.text) refers to strtod.o(i.strtod) for strtod
    user_cmd_fun.o(.text) refers to dido.o(.data) for Int
    user_cmd_fun.o(.text) refers to user_cmd_fun.o(.data) for at24c256
    user_cmd_fun.o(.text) refers to at24cxx.o(.constdata) for C24LC256
    user_cmd_fun.o(.text) refers to at24cxx.o(.data) for at24cxx
    user_cmd_fun.o(.data) refers to mcu_gpio.o(.data) for PA0
    74hc165.o(.text) refers to mcu_gpio.o(.text) for pinMode
    74hc165.o(.text) refers to delay.o(.text) for delay_us
    74hc165.o(.text) refers to sys.o(.text) for shift_in
    74hc165.o(.text) refers to 74hc165.o(.data) for hc165
    74hc165.o(.data) refers to mcu_gpio.o(.data) for PA1
    74hc165.o(.data) refers to 74hc165.o(.text) for hc165_init
    74hc595.o(.text) refers to mcu_gpio.o(.text) for pinMode
    74hc595.o(.text) refers to sys.o(.text) for shift_out
    74hc595.o(.text) refers to delay.o(.text) for delay_us
    74hc595.o(.text) refers to 74hc595.o(.data) for hc595
    74hc595.o(.data) refers to mcu_gpio.o(.data) for PB13
    74hc595.o(.data) refers to 74hc595.o(.text) for hc595_init
    at24cxx.o(.text) refers to delay.o(.text) for delay_ms
    at24cxx.o(.text) refers to rt_memcpy_w.o(.text) for __aeabi_memcpy4
    at24cxx.o(.text) refers to mcu_softi2c.o(.data) for SoftI2c
    at24cxx.o(.data) refers to at24cxx.o(.text) for AT24CXX_Init
    dido.o(.text) refers to mcu_gpio.o(.text) for pinMode
    dido.o(.text) refers to mcu_gpio.o(.data) for PE0
    dido.o(.text) refers to 74hc165.o(.data) for hc165
    dido.o(.text) refers to dido.o(.data) for Int
    dido.o(.text) refers to 74hc595.o(.data) for hc595
    dido.o(.data) refers to dido.o(.text) for input_init
    mcu_exit.o(.text) refers to misc.o(.text) for NVIC_Init
    mcu_exit.o(.text) refers to mcu_gpio.o(.text) for pinMode
    mcu_exit.o(.text) refers to stm32f10x_rcc.o(.text) for RCC_APB2PeriphClockCmd
    mcu_exit.o(.text) refers to stm32f10x_gpio.o(.text) for GPIO_EXTILineConfig
    mcu_exit.o(.text) refers to stm32f10x_exti.o(.text) for EXTI_Init
    mcu_exit.o(.text) refers to mcu_exit.o(.data) for irq
    mcu_exit.o(.text) refers to mcu_gpio.o(.data) for PE6
    mcu_gpio.o(.text) refers to stm32f10x_rcc.o(.text) for RCC_APB2PeriphClockCmd
    mcu_gpio.o(.text) refers to stm32f10x_gpio.o(.text) for GPIO_Init
    mcu_softi2c.o(.text) refers to mcu_gpio.o(.text) for pinMode
[...]
    __ARM_exceptions_init                     - Undefined Weak Reference
    __alloca_initialize                       - Undefined Weak Reference
    __arm_preinit_                            - Undefined Weak Reference
    __cpp_initialize__aeabi_                  - Undefined Weak Reference
    __cxa_finalize                            - Undefined Weak Reference
    __sigvec_lookup                           - Undefined Weak Reference
    _atexit_init                              - Undefined Weak Reference
    _call_atexit_fns                          - Undefined Weak Reference
    _clock_init                               - Undefined Weak Reference
    _fp_trap_init                             - Undefined Weak Reference
    _fp_trap_shutdown                         - Undefined Weak Reference
    _get_lc_collate                           - Undefined Weak Reference
    _get_lc_monetary                          - Undefined Weak Reference
    _get_lc_time                              - Undefined Weak Reference
    _getenv_init                              - Undefined Weak Reference
    _handle_redirection                       - Undefined Weak Reference
    _init_alloc                               - Undefined Weak Reference
    _init_user_alloc                          - Undefined Weak Reference
    _initio                                   - Undefined Weak Reference
    _mutex_acquire                            - Undefined Weak Reference
    _mutex_release                            - Undefined Weak Reference
    _printf_fp_hex                            - Undefined Weak Reference
    _printf_mbtowc                            - Undefined Weak Reference
    _printf_wc                                - Undefined Weak Reference
    _rand_init                                - Undefined Weak Reference
    _signal_finish                            - Undefined Weak Reference
    _signal_init                              - Undefined Weak Reference
    _terminate_alloc                          - Undefined Weak Reference
    _terminate_user_alloc                     - Undefined Weak Reference
    _terminateio                              - Undefined Weak Reference
    __Vectors_Size                           0x00000130   Number         0  startup_stm32f10x_hd.o ABSOLUTE
    __Vectors                                0x08000000   Data           4  startup_stm32f10x_hd.o(RESET)
    __Vectors_End                            0x08000130   Data           0  startup_stm32f10x_hd.o(RESET)
    __main                                   0x08000131   Thumb Code     8  __main.o(!!!main)
    __scatterload                            0x08000139   Thumb Code     0  __scatter.o(!!!scatter)
    __scatterload_rt2                        0x08000139   Thumb Code    44  __scatter.o(!!!scatter)
    __scatterload_rt2_thumb_only             0x08000139   Thumb Code     0  __scatter.o(!!!scatter)
    __scatterload_null                       0x08000147   Thumb Code     0  __scatter.o(!!!scatter)
    __decompress                             0x0800016d   Thumb Code    90  __dczerorl2.o(!!dczerorl2)
    __decompress1                            0x0800016d   Thumb Code     0  __dczerorl2.o(!!dczerorl2)
    __scatterload_zeroinit                   0x080001c9   Thumb Code    28  __scatter_zi.o(!!handler_zi)
    _printf_n                                0x080001e5   Thumb Code     0  _printf_n.o(.ARM.Collect$$_printf_percent$$00000001)
    _printf_percent                          0x080001e5   Thumb Code     0  _printf_percent.o(.ARM.Collect$$_printf_percent$$00000000)
    _printf_p                                0x080001eb   Thumb Code     0  _printf_p.o(.ARM.Collect$$_printf_percent$$00000002)
    _printf_f                                0x080001f1   Thumb Code     0  _printf_f.o(.ARM.Collect$$_printf_percent$$00000003)
    _printf_e                                0x080001f7   Thumb Code     0  _printf_e.o(.ARM.Collect$$_printf_percent$$00000004)
    _printf_g                                0x080001fd   Thumb Code     0  _printf_g.o(.ARM.Collect$$_printf_percent$$00000005)
    _printf_a                                0x08000203   Thumb Code     0  _printf_a.o(.ARM.Collect$$_printf_percent$$00000006)
    _printf_ll                               0x08000209   Thumb Code     0  _printf_ll.o(.ARM.Collect$$_printf_percent$$00000007)
    _printf_i                                0x08000213   Thumb Code     0  _printf_i.o(.ARM.Collect$$_printf_percent$$00000008)
    _printf_d                                0x08000219   Thumb Code     0  _printf_d.o(.ARM.Collect$$_printf_percent$$00000009)
    _printf_u                                0x0800021f   Thumb Code     0  _printf_u.o(.ARM.Collect$$_printf_percent$$0000000A)
    _printf_o                                0x08000225   Thumb Code     0  _printf_o.o(.ARM.Collect$$_printf_percent$$0000000B)
    _printf_x                                0x0800022b   Thumb Code     0  _printf_x.o(.ARM.Collect$$_printf_percent$$0000000C)
    _printf_lli                              0x08000231   Thumb Code     0  _printf_lli.o(.ARM.Collect$$_printf_percent$$0000000D)
    _printf_lld                              0x08000237   Thumb Code     0  _printf_lld.o(.ARM.Collect$$_printf_percent$$0000000E)
    _printf_llu                              0x0800023d   Thumb Code     0  _printf_llu.o(.ARM.Collect$$_printf_percent$$0000000F)
    _printf_llo                              0x08000243   Thumb Code     0  _printf_llo.o(.ARM.Collect$$_printf_percent$$00000010)
    _printf_llx                              0x08000249   Thumb Code     0  _printf_llx.o(.ARM.Collect$$_printf_percent$$00000011)
    _printf_l                                0x0800024f   Thumb Code     0  _printf_l.o(.ARM.Collect$$_printf_percent$$00000012)
    _printf_c                                0x08000259   Thumb Code     0  _printf_c.o(.ARM.Collect$$_printf_percent$$00000013)
    _printf_s                                0x0800025f   Thumb Code     0  _printf_s.o(.ARM.Collect$$_printf_percent$$00000014)
    _printf_lc                               0x08000265   Thumb Code     0  _printf_lc.o(.ARM.Collect$$_printf_percent$$00000015)
    _printf_ls                               0x0800026b   Thumb Code     0  _printf_ls.o(.ARM.Collect$$_printf_percent$$00000016)
    _printf_percent_end                      0x08000271   Thumb Code     0  _printf_percent_end.o(.ARM.Collect$$_printf_percent$$00000017)
    __rt_lib_init                            0x08000275   Thumb Code     0  libinit.o(.ARM.Collect$$libinit$$00000000)
    __rt_lib_init_fp_1                       0x08000277   Thumb Code     0  libinit2.o(.ARM.Collect$$libinit$$00000002)
    __rt_lib_init_heap_1                     0x08000277   Thumb Code     0  libinit2.o(.ARM.Collect$$libinit$$0000000A)
    __rt_lib_init_lc_common                  0x08000277   Thumb Code     0  libinit2.o(.ARM.Collect$$libinit$$0000000F)
    __rt_lib_init_preinit_1                  0x08000277   Thumb Code     0  libinit2.o(.ARM.Collect$$libinit$$00000004)
    __rt_lib_init_rand_1                     0x08000277   Thumb Code     0  libinit2.o(.ARM.Collect$$libinit$$0000000E)
    __rt_lib_init_user_alloc_1               0x08000277   Thumb Code     0  libinit2.o(.ARM.Collect$$libinit$$0000000C)
    __rt_lib_init_lc_collate_1               0x0800027d   Thumb Code     0  libinit2.o(.ARM.Collect$$libinit$$00000011)
    __rt_lib_init_lc_ctype_2                 0x0800027d   Thumb Code     0  libinit2.o(.ARM.Collect$$libinit$$00000012)
    __rt_lib_init_lc_ctype_1                 0x08000289   Thumb Code     0  libinit2.o(.ARM.Collect$$libinit$$00000013)
    __rt_lib_init_lc_monetary_1              0x08000289   Thumb Code     0  libinit2.o(.ARM.Collect$$libinit$$00000015)
    __rt_lib_init_lc_numeric_2               0x08000289   Thumb Code     0  libinit2.o(.ARM.Collect$$libinit$$00000016)
    __rt_lib_init_alloca_1                   0x08000293   Thumb Code     0  libinit2.o(.ARM.Collect$$libinit$$0000002E)
    __rt_lib_init_argv_1                     0x08000293   Thumb Code     0  libinit2.o(.ARM.Collect$$libinit$$0000002C)
    __rt_lib_init_atexit_1                   0x08000293   Thumb Code     0  libinit2.o(.ARM.Collect$$libinit$$0000001B)
    __rt_lib_init_clock_1                    0x08000293   Thumb Code     0  libinit2.o(.ARM.Collect$$libinit$$00000021)
    __rt_lib_init_cpp_1                      0x08000293   Thumb Code     0  libinit2.o(.ARM.Collect$$libinit$$00000032)
    __rt_lib_init_exceptions_1               0x08000293   Thumb Code     0  libinit2.o(.ARM.Collect$$libinit$$00000030)
    __rt_lib_init_fp_trap_1                  0x08000293   Thumb Code     0  libinit2.o(.ARM.Collect$$libinit$$0000001F)
    __rt_lib_init_getenv_1                   0x08000293   Thumb Code     0  libinit2.o(.ARM.Collect$$libinit$$00000023)
    __rt_lib_init_lc_numeric_1               0x08000293   Thumb Code     0  libinit2.o(.ARM.Collect$$libinit$$00000017)
    __rt_lib_init_lc_time_1                  0x08000293   Thumb Code     0  libinit2.o(.ARM.Collect$$libinit$$00000019)
    __rt_lib_init_return                     0x08000293   Thumb Code     0  libinit2.o(.ARM.Collect$$libinit$$00000033)
    __rt_lib_init_signal_1                   0x08000293   Thumb Code     0  libinit2.o(.ARM.Collect$$libinit$$0000001D)
    __rt_lib_init_stdio_1                    0x08000293   Thumb Code     0  libinit2.o(.ARM.Collect$$libinit$$00000025)
    __rt_lib_shutdown                        0x08000295   Thumb Code     0  libshutdown.o(.ARM.Collect$$libshutdown$$00000000)
    __rt_lib_shutdown_cpp_1                  0x08000297   Thumb Code     0  libshutdown2.o(.ARM.Collect$$libshutdown$$00000002)
    __rt_lib_shutdown_fp_trap_1              0x08000297   Thumb Code     0  libshutdown2.o(.ARM.Collect$$libshutdown$$00000007)
    __rt_lib_shutdown_heap_1                 0x08000297   Thumb Code     0  libshutdown2.o(.ARM.Collect$$libshutdown$$0000000F)
    __rt_lib_shutdown_return                 0x08000297   Thumb Code     0  libshutdown2.o(.ARM.Collect$$libshutdown$$00000010)
    __rt_lib_shutdown_signal_1               0x08000297   Thumb Code     0  libshutdown2.o(.ARM.Collect$$libshutdown$$0000000A)
    __rt_lib_shutdown_stdio_1                0x08000297   Thumb Code     0  libshutdown2.o(.ARM.Collect$$libshutdown$$00000004)
    __rt_lib_shutdown_user_alloc_1           0x08000297   Thumb Code     0  libshutdown2.o(.ARM.Collect$$libshutdown$$0000000C)
    __rt_entry                               0x08000299   Thumb Code     0  __rtentry.o(.ARM.Collect$$rtentry$$00000000)
    __rt_entry_presh_1                       0x08000299   Thumb Code     0  __rtentry2.o(.ARM.Collect$$rtentry$$00000002)
    __rt_entry_sh                            0x08000299   Thumb Code     0  __rtentry4.o(.ARM.Collect$$rtentry$$00000004)
    __rt_entry_li                            0x0800029f   Thumb Code     0  __rtentry2.o(.ARM.Collect$$rtentry$$0000000A)
    __rt_entry_postsh_1                      0x0800029f   Thumb Code     0  __rtentry2.o(.ARM.Collect$$rtentry$$00000009)
    __rt_entry_main                          0x080002a3   Thumb Code     0  __rtentry2.o(.ARM.Collect$$rtentry$$0000000D)
    __rt_entry_postli_1                      0x080002a3   Thumb Code     0  __rtentry2.o(.ARM.Collect$$rtentry$$0000000C)
    __rt_exit                                0x080002ab   Thumb Code     0  rtexit.o(.ARM.Collect$$rtexit$$00000000)
    __rt_exit_ls                             0x080002ad   Thumb Code     0  rtexit2.o(.ARM.Collect$$rtexit$$00000003)
    __rt_exit_prels_1                        0x080002ad   Thumb Code     0  rtexit2.o(.ARM.Collect$$rtexit$$00000002)
    __rt_exit_exit                           0x080002b1   Thumb Code     0  rtexit2.o(.ARM.Collect$$rtexit$$00000004)
    main                                     0x080002b9   Thumb Code   364  main.o(.text)
    NMI_Handler                              0x080004d5   Thumb Code     2  stm32f10x_it.o(.text)
    HardFault_Handler                        0x080004d7   Thumb Code     4  stm32f10x_it.o(.text)
    MemManage_Handler                        0x080004db   Thumb Code     4  stm32f10x_it.o(.text)
    BusFault_Handler                         0x080004df   Thumb Code     4  stm32f10x_it.o(.text)
    UsageFault_Handler                       0x080004e3   Thumb Code     4  stm32f10x_it.o(.text)
    SVC_Handler                              0x080004e7   Thumb Code     2  stm32f10x_it.o(.text)
    DebugMon_Handler                         0x080004e9   Thumb Code     2  stm32f10x_it.o(.text)
    PendSV_Handler                           0x080004eb   Thumb Code     2  stm32f10x_it.o(.text)
    SystemInit                               0x080005cb   Thumb Code    78  system_stm32f10x.o(.text)
    SystemCoreClockUpdate                    0x08000619   Thumb Code   142  system_stm32f10x.o(.text)
    CommandCheckAndExe                       0x0800197f   Thumb Code    60  commands.o(.text)
    CMD_int                                  0x08001ae9   Thumb Code   198  user_cmd_fun.o(.text)
    CMD_out                                  0x08001baf   Thumb Code   250  user_cmd_fun.o(.text)
    eeprom_init                              0x08001ca9   Thumb Code    40  user_cmd_fun.o(.text)
    CMD_fsn                                  0x08001cd1   Thumb Code   292  user_cmd_fun.o(.text)
    CMD_rom                                  0x08001df5   Thumb Code   486  user_cmd_fun.o(.text)
    CMD_RomPage                              0x08001fdb   Thumb Code   274  user_cmd_fun.o(.text)
    hc165_init                               0x08002115   Thumb Code    76  74hc165.o(.text)
    hc165_read                               0x08002161   Thumb Code    70  74hc165.o(.text)
    hc595_init                               0x080021ad   Thumb Code    58  74hc595.o(.text)
    hc595_write                              0x080021e7   Thumb Code    46  74hc595.o(.text)
    hc595_updata                             0x08002215   Thumb Code    26  74hc595.o(.text)
    AT24CXX_Init                             0x08002235   Thumb Code    20  at24cxx.o(.text)
    AT24CXX_Reads                            0x08002249   Thumb Code   118  at24cxx.o(.text)
    AT24CXX_Writes                           0x080022bf   Thumb Code   242  at24cxx.o(.text)
    AT24CXX_ReadU8                           0x080023b1   Thumb Code    48  at24cxx.o(.text)
    AT24CXX_WriteU8                          0x080023e1   Thumb Code    50  at24cxx.o(.text)
    AT24CXX_ReadU16                          0x08002413   Thumb Code    48  at24cxx.o(.text)
    AT24CXX_WriteU16                         0x08002443   Thumb Code    50  at24cxx.o(.text)
    AT24CXX_ReadU32                          0x08002475   Thumb Code    46  at24cxx.o(.text)
    AT24CXX_WriteU32                         0x080024a3   Thumb Code    50  at24cxx.o(.text)
    AT24CXX_ReadF32                          0x080024d5   Thumb Code    46  at24cxx.o(.text)
    AT24CXX_WriteF32                         0x08002503   Thumb Code    50  at24cxx.o(.text)
    exit_nvic_init                           0x080028ed   Thumb Code    38  mcu_exit.o(.text)
    exit_init                                0x08002913   Thumb Code   604  mcu_exit.o(.text)
    EXTI0_IRQHandler                         0x08002b6f   Thumb Code    24  mcu_exit.o(.text)
    EXTI1_IRQHandler                         0x08002b87   Thumb Code    24  mcu_exit.o(.text)
    EXTI2_IRQHandler                         0x08002b9f   Thumb Code    24  mcu_exit.o(.text)
    EXTI3_IRQHandler                         0x08002bb7   Thumb Code    24  mcu_exit.o(.text)
    EXTI4_IRQHandler                         0x08002bcf   Thumb Code    24  mcu_exit.o(.text)
    EXTI9_5_IRQHandler                       0x08002be7   Thumb Code   118  mcu_exit.o(.text)
    EXTI15_10_IRQHandler                     0x08002c5d   Thumb Code   236  mcu_exit.o(.text)
    pinMode                                  0x08002d49   Thumb Code   180  mcu_gpio.o(.text)
    pinSet                                   0x08002dfd   Thumb Code     8  mcu_gpio.o(.text)
    pinReset                                 0x08002e05   Thumb Code     8  mcu_gpio.o(.text)
    pinWrite                                 0x08002e0d   Thumb Code    18  mcu_gpio.o(.text)
    pinRead                                  0x08002e1f   Thumb Code    20  mcu_gpio.o(.text)
    pinToggle                                0x08002e33   Thumb Code    14  mcu_gpio.o(.text)
    SoftI2c_Init                             0x08002e49   Thumb Code    20  mcu_softi2c.o(.text)
    SoftI2c_start                            0x08002e5d   Thumb Code    48  mcu_softi2c.o(.text)
    SoftI2c_stop                             0x08002e8d   Thumb Code    48  mcu_softi2c.o(.text)
    SoftI2c_wait_ack                         0x08002ebd   Thumb Code    78  mcu_softi2c.o(.text)
    SoftI2c_send_ack                         0x08002f0b   Thumb Code    54  mcu_softi2c.o(.text)
    SoftI2c_send_no_ack                      0x08002f41   Thumb Code    54  mcu_softi2c.o(.text)
    SoftI2c_send_byte                        0x08002f77   Thumb Code    80  mcu_softi2c.o(.text)
    SoftI2c_read_byte                        0x08002fc7   Thumb Code    92  mcu_softi2c.o(.text)
    SoftI2c_writes                           0x08003023   Thumb Code   368  mcu_softi2c.o(.text)
    SoftI2c_reads                            0x08003193   Thumb Code   404  mcu_softi2c.o(.text)
    SysTick_Handler                          0x08003329   Thumb Code    12  delay.o(.text)
    GetSysTimer                              0x08003335   Thumb Code     6  delay.o(.text)
    delay_init                               0x0800333b   Thumb Code    80  delay.o(.text)
    delay_us                                 0x0800338b   Thumb Code    62  delay.o(.text)
    delay_ms                                 0x080033c9   Thumb Code    18  delay.o(.text)
    WFI_SET                                  0x080033f1   Thumb Code     4  sys.o(.text)
    INTX_DISABLE                             0x080033f5   Thumb Code     4  sys.o(.text)
    INTX_ENABLE                              0x080033f9   Thumb Code     4  sys.o(.text)
    ResetCPU                                 0x080033fd   Thumb Code     8  sys.o(.text)
    shift_in                                 0x08003405   Thumb Code    90  sys.o(.text)
    shift_out                                0x0800345f   Thumb Code    94  sys.o(.text)
    _sys_exit                                0x080034c5   Thumb Code     6  usart.o(.text)
    fputc                                    0x080034cb   Thumb Code    24  usart.o(.text)
    uart_init                                0x080034e3   Thumb Code   152  usart.o(.text)
    USART1_IRQHandler                        0x0800357b   Thumb Code   122  usart.o(.text)
    NVIC_PriorityGroupConfig                 0x08003605   Thumb Code    10  misc.o(.text)
    NVIC_Init                                0x0800360f   Thumb Code   100  misc.o(.text)
    NVIC_SetVectorTable                      0x08003673   Thumb Code    14  misc.o(.text)
    NVIC_SystemLPConfig                      0x08003681   Thumb Code    34  misc.o(.text)
    SysTick_CLKSourceConfig                  0x080036a3   Thumb Code    40  misc.o(.text)
    Reset_Handler                            0x080036e1   Thumb Code     8  startup_stm32f10x_hd.o(.text)
    ADC1_2_IRQHandler                        0x080036fb   Thumb Code     0  startup_stm32f10x_hd.o(.text)
    ADC3_IRQHandler                          0x080036fb   Thumb Code     0  startup_stm32f10x_hd.o(.text)
    CAN1_RX1_IRQHandler                      0x080036fb   Thumb Code     0  startup_stm32f10x_hd.o(.text)
    CAN1_SCE_IRQHandler                      0x080036fb   Thumb Code     0  startup_stm32f10x_hd.o(.text)
    DMA1_Channel1_IRQHandler                 0x080036fb   Thumb Code     0  startup_stm32f10x_hd.o(.text)
    DMA1_Channel2_IRQHandler                 0x080036fb   Thumb Code     0  startup_stm32f10x_hd.o(.text)
    DMA1_Channel3_IRQHandler                 0x080036fb   Thumb Code     0  startup_stm32f10x_hd.o(.text)
    DMA1_Channel4_IRQHandler                 0x080036fb   Thumb Code     0  startup_stm32f10x_hd.o(.text)
    DMA1_Channel5_IRQHandler                 0x080036fb   Thumb Code     0  startup_stm32f10x_hd.o(.text)
    DMA1_Channel6_IRQHandler                 0x080036fb   Thumb Code     0  startup_stm32f10x_hd.o(.text)
    DMA1_Channel7_IRQHandler                 0x080036fb   Thumb Code     0  startup_stm32f10x_hd.o(.text)
    DMA2_Channel1_IRQHandler                 0x080036fb   Thumb Code     0  startup_stm32f10x_hd.o(.text)
    DMA2_Channel2_IRQHandler                 0x080036fb   Thumb Code     0  startup_stm32f10x_hd.o(.text)
    DMA2_Channel3_IRQHandler                 0x080036fb   Thumb Code     0  startup_stm32f10x_hd.o(.text)
    DMA2_Channel4_5_IRQHandler               0x080036fb   Thumb Code     0  startup_stm32f10x_hd.o(.text)
    FLASH_IRQHandler                         0x080036fb   Thumb Code     0  startup_stm32f10x_hd.o(.text)
    FSMC_IRQHandler                          0x080036fb   Thumb Code     0  startup_stm32f10x_hd.o(.text)
    I2C1_ER_IRQHandler                       0x080036fb   Thumb Code     0  startup_stm32f10x_hd.o(.text)
    I2C1_EV_IRQHandler                       0x080036fb   Thumb Code     0  startup_stm32f10x_hd.o(.text)
    I2C2_ER_IRQHandler                       0x080036fb   Thumb Code     0  startup_stm32f10x_hd.o(.text)
    I2C2_EV_IRQHandler                       0x080036fb   Thumb Code     0  startup_stm32f10x_hd.o(.text)
    PVD_IRQHandler                           0x080036fb   Thumb Code     0  startup_stm32f10x_hd.o(.text)
    RCC_IRQHandler                           0x080036fb   Thumb Code     0  startup_stm32f10x_hd.o(.text)
    RTCAlarm_IRQHandler                      0x080036fb   Thumb Code     0  startup_stm32f10x_hd.o(.text)
    RTC_IRQHandler                           0x080036fb   Thumb Code     0  startup_stm32f10x_hd.o(.text)
    SDIO_IRQHandler                          0x080036fb   Thumb Code     0  startup_stm32f10x_hd.o(.text)
    SPI1_IRQHandler                          0x080036fb   Thumb Code     0  startup_stm32f10x_hd.o(.text)
    SPI2_IRQHandler                          0x080036fb   Thumb Code     0  startup_stm32f10x_hd.o(.text)
    SPI3_IRQHandler                          0x080036fb   Thumb Code     0  startup_stm32f10x_hd.o(.text)
    TAMPER_IRQHandler                        0x080036fb   Thumb Code     0  startup_stm32f10x_hd.o(.text)
    TIM1_BRK_IRQHandler                      0x080036fb   Thumb Code     0  startup_stm32f10x_hd.o(.text)
    TIM1_CC_IRQHandler                       0x080036fb   Thumb Code     0  startup_stm32f10x_hd.o(.text)
    TIM1_TRG_COM_IRQHandler                  0x080036fb   Thumb Code     0  startup_stm32f10x_hd.o(.text)
    TIM1_UP_IRQHandler                       0x080036fb   Thumb Code     0  startup_stm32f10x_hd.o(.text)
    TIM2_IRQHandler                          0x080036fb   Thumb Code     0  startup_stm32f10x_hd.o(.text)
    TIM3_IRQHandler                          0x080036fb   Thumb Code     0  startup_stm32f10x_hd.o(.text)
    TIM4_IRQHandler                          0x080036fb   Thumb Code     0  startup_stm32f10x_hd.o(.text)
    TIM5_IRQHandler                          0x080036fb   Thumb Code     0  startup_stm32f10x_hd.o(.text)
    TIM6_IRQHandler                          0x080036fb   Thumb Code     0  startup_stm32f10x_hd.o(.text)
    TIM7_IRQHandler                          0x080036fb   Thumb Code     0  startup_stm32f10x_hd.o(.text)
    TIM8_BRK_IRQHandler                      0x080036fb   Thumb Code     0  startup_stm32f10x_hd.o(.text)
    TIM8_CC_IRQHandler                       0x080036fb   Thumb Code     0  startup_stm32f10x_hd.o(.text)
    TIM8_TRG_COM_IRQHandler                  0x080036fb   Thumb Code     0  startup_stm32f10x_hd.o(.text)
    TIM8_UP_IRQHandler                       0x080036fb   Thumb Code     0  startup_stm32f10x_hd.o(.text)
    UART4_IRQHandler                         0x080036fb   Thumb Code     0  startup_stm32f10x_hd.o(.text)
    UART5_IRQHandler                         0x080036fb   Thumb Code     0  startup_stm32f10x_hd.o(.text)
    USART2_IRQHandler                        0x080036fb   Thumb Code     0  startup_stm32f10x_hd.o(.text)
    USART3_IRQHandler                        0x080036fb   Thumb Code     0  startup_stm32f10x_hd.o(.text)
    USBWakeUp_IRQHandler                     0x080036fb   Thumb Code     0  startup_stm32f10x_hd.o(.text)
    USB_HP_CAN1_TX_IRQHandler                0x080036fb   Thumb Code     0  startup_stm32f10x_hd.o(.text)
    USB_LP_CAN1_RX0_IRQHandler               0x080036fb   Thumb Code     0  startup_stm32f10x_hd.o(.text)
    WWDG_IRQHandler                          0x080036fb   Thumb Code     0  startup_stm32f10x_hd.o(.text)
    __user_initial_stackheap                 0x080036fd   Thumb Code     0  startup_stm32f10x_hd.o(.text)
    EXTI_DeInit                              0x08003721   Thumb Code    28  stm32f10x_exti.o(.text)
    EXTI_Init                                0x0800373d   Thumb Code   142  stm32f10x_exti.o(.text)
    EXTI_StructInit                          0x080037cb   Thumb Code    16  stm32f10x_exti.o(.text)
    EXTI_GenerateSWInterrupt                 0x080037db   Thumb Code    16  stm32f10x_exti.o(.text)
    EXTI_GetFlagStatus                       0x080037eb   Thumb Code    22  stm32f10x_exti.o(.text)
    EXTI_ClearFlag                           0x08003801   Thumb Code     8  stm32f10x_exti.o(.text)
    EXTI_GetITStatus                         0x08003809   Thumb Code    34  stm32f10x_exti.o(.text)
    EXTI_ClearITPendingBit                   0x0800382b   Thumb Code     8  stm32f10x_exti.o(.text)
    GPIO_DeInit                              0x0800383d   Thumb Code   172  stm32f10x_gpio.o(.text)
    GPIO_AFIODeInit                          0x080038e9   Thumb Code    20  stm32f10x_gpio.o(.text)
    GPIO_Init                                0x080038fd   Thumb Code   278  stm32f10x_gpio.o(.text)
    GPIO_StructInit                          0x08003a13   Thumb Code    16  stm32f10x_gpio.o(.text)
    GPIO_ReadInputDataBit                    0x08003a23   Thumb Code    18  stm32f10x_gpio.o(.text)
    GPIO_ReadInputData                       0x08003a35   Thumb Code     8  stm32f10x_gpio.o(.text)
    GPIO_ReadOutputDataBit                   0x08003a3d   Thumb Code    18  stm32f10x_gpio.o(.text)
    GPIO_ReadOutputData                      0x08003a4f   Thumb Code     8  stm32f10x_gpio.o(.text)
    GPIO_SetBits                             0x08003a57   Thumb Code     4  stm32f10x_gpio.o(.text)
    GPIO_ResetBits                           0x08003a5b   Thumb Code     4  stm32f10x_gpio.o(.text)
    GPIO_WriteBit                            0x08003a5f   Thumb Code    10  stm32f10x_gpio.o(.text)
    GPIO_Write                               0x08003a69   Thumb Code     4  stm32f10x_gpio.o(.text)
    GPIO_PinLockConfig                       0x08003a6d   Thumb Code    18  stm32f10x_gpio.o(.text)
    GPIO_EventOutputConfig                   0x08003a7f   Thumb Code    26  stm32f10x_gpio.o(.text)
    GPIO_EventOutputCmd                      0x08003a99   Thumb Code     6  stm32f10x_gpio.o(.text)
    GPIO_PinRemapConfig                      0x08003a9f   Thumb Code   138  stm32f10x_gpio.o(.text)
    GPIO_EXTILineConfig                      0x08003b29   Thumb Code    66  stm32f10x_gpio.o(.text)
    GPIO_ETH_MediaInterfaceConfig            0x08003b6b   Thumb Code     8  stm32f10x_gpio.o(.text)
    USART_DeInit                             0x08003b99   Thumb Code   134  stm32f10x_usart.o(.text)
    USART_Init                               0x08003c1f   Thumb Code   210  stm32f10x_usart.o(.text)
    USART_StructInit                         0x08003cf1   Thumb Code    24  stm32f10x_usart.o(.text)
    USART_ClockInit                          0x08003d09   Thumb Code    34  stm32f10x_usart.o(.text)
    USART_ClockStructInit                    0x08003d2b   Thumb Code    12  stm32f10x_usart.o(.text)
    USART_Cmd                                0x08003d37   Thumb Code    24  stm32f10x_usart.o(.text)
    USART_ITConfig                           0x08003d4f   Thumb Code    74  stm32f10x_usart.o(.text)
    USART_DMACmd                             0x08003d99   Thumb Code    18  stm32f10x_usart.o(.text)
    USART_SetAddress                         0x08003dab   Thumb Code    18  stm32f10x_usart.o(.text)
    USART_WakeUpConfig                       0x08003dbd   Thumb Code    18  stm32f10x_usart.o(.text)
    USART_ReceiverWakeUpCmd                  0x08003dcf   Thumb Code    24  stm32f10x_usart.o(.text)
    USART_LINBreakDetectLengthConfig         0x08003de7   Thumb Code    18  stm32f10x_usart.o(.text)
    USART_LINCmd                             0x08003df9   Thumb Code    24  stm32f10x_usart.o(.text)
    USART_SendData                           0x08003e11   Thumb Code     8  stm32f10x_usart.o(.text)
    USART_ReceiveData                        0x08003e19   Thumb Code    10  stm32f10x_usart.o(.text)
    USART_SendBreak                          0x08003e23   Thumb Code    10  stm32f10x_usart.o(.text)
    USART_SetGuardTime                       0x08003e2d   Thumb Code    16  stm32f10x_usart.o(.text)
    USART_SetPrescaler                       0x08003e3d   Thumb Code    16  stm32f10x_usart.o(.text)
    USART_SmartCardCmd                       0x08003e4d   Thumb Code    24  stm32f10x_usart.o(.text)
    USART_SmartCardNACKCmd                   0x08003e65   Thumb Code    24  stm32f10x_usart.o(.text)
    USART_HalfDuplexCmd                      0x08003e7d   Thumb Code    24  stm32f10x_usart.o(.text)
    USART_OverSampling8Cmd                   0x08003e95   Thumb Code    22  stm32f10x_usart.o(.text)
    USART_OneBitMethodCmd                    0x08003eab   Thumb Code    24  stm32f10x_usart.o(.text)
    USART_IrDAConfig                         0x08003ec3   Thumb Code    18  stm32f10x_usart.o(.text)
    USART_IrDACmd                            0x08003ed5   Thumb Code    24  stm32f10x_usart.o(.text)
    USART_GetFlagStatus                      0x08003eed   Thumb Code    26  stm32f10x_usart.o(.text)
    USART_ClearFlag                          0x08003f07   Thumb Code    18  stm32f10x_usart.o(.text)
    USART_GetITStatus                        0x08003f19   Thumb Code    84  stm32f10x_usart.o(.text)
    USART_ClearITPendingBit                  0x08003f6d   Thumb Code    52  stm32f10x_usart.o(.text)
    RCC_DeInit                               0x08003fa1   Thumb Code    64  stm32f10x_rcc.o(.text)
    RCC_HSEConfig                            0x08003fe1   Thumb Code    70  stm32f10x_rcc.o(.text)
    RCC_GetFlagStatus                        0x08004027   Thumb Code    56  stm32f10x_rcc.o(.text)
    RCC_WaitForHSEStartUp                    0x0800405f   Thumb Code    56  stm32f10x_rcc.o(.text)
    RCC_AdjustHSICalibrationValue            0x08004097   Thumb Code    20  stm32f10x_rcc.o(.text)
    RCC_HSICmd                               0x080040ab   Thumb Code     6  stm32f10x_rcc.o(.text)
    RCC_PLLConfig                            0x080040b1   Thumb Code    24  stm32f10x_rcc.o(.text)
    RCC_PLLCmd                               0x080040c9   Thumb Code     6  stm32f10x_rcc.o(.text)
    RCC_SYSCLKConfig                         0x080040cf   Thumb Code    18  stm32f10x_rcc.o(.text)
    RCC_GetSYSCLKSource                      0x080040e1   Thumb Code    10  stm32f10x_rcc.o(.text)
    RCC_HCLKConfig                           0x080040eb   Thumb Code    18  stm32f10x_rcc.o(.text)
    RCC_PCLK1Config                          0x080040fd   Thumb Code    18  stm32f10x_rcc.o(.text)
    RCC_PCLK2Config                          0x0800410f   Thumb Code    20  stm32f10x_rcc.o(.text)
    RCC_ITConfig                             0x08004123   Thumb Code    26  stm32f10x_rcc.o(.text)
    RCC_USBCLKConfig                         0x0800413d   Thumb Code     8  stm32f10x_rcc.o(.text)
    RCC_ADCCLKConfig                         0x08004145   Thumb Code    18  stm32f10x_rcc.o(.text)
    RCC_LSEConfig                            0x08004157   Thumb Code    50  stm32f10x_rcc.o(.text)
    RCC_LSICmd                               0x08004189   Thumb Code     6  stm32f10x_rcc.o(.text)
    RCC_RTCCLKConfig                         0x0800418f   Thumb Code    12  stm32f10x_rcc.o(.text)
    RCC_RTCCLKCmd                            0x0800419b   Thumb Code     8  stm32f10x_rcc.o(.text)
    RCC_GetClocksFreq                        0x080041a3   Thumb Code   192  stm32f10x_rcc.o(.text)
    RCC_AHBPeriphClockCmd                    0x08004263   Thumb Code    26  stm32f10x_rcc.o(.text)
    RCC_APB2PeriphClockCmd                   0x0800427d   Thumb Code    26  stm32f10x_rcc.o(.text)
    RCC_APB1PeriphClockCmd                   0x08004297   Thumb Code    26  stm32f10x_rcc.o(.text)
    RCC_APB2PeriphResetCmd                   0x080042b1   Thumb Code    26  stm32f10x_rcc.o(.text)
    RCC_APB1PeriphResetCmd                   0x080042cb   Thumb Code    26  stm32f10x_rcc.o(.text)
    RCC_BackupResetCmd                       0x080042e5   Thumb Code     8  stm32f10x_rcc.o(.text)
    RCC_ClockSecuritySystemCmd               0x080042ed   Thumb Code     6  stm32f10x_rcc.o(.text)
    RCC_MCOConfig                            0x080042f3   Thumb Code     6  stm32f10x_rcc.o(.text)
    RCC_ClearFlag                            0x080042f9   Thumb Code    14  stm32f10x_rcc.o(.text)
    RCC_GetITStatus                          0x08004307   Thumb Code    20  stm32f10x_rcc.o(.text)
    RCC_ClearITPendingBit                    0x0800431b   Thumb Code     6  stm32f10x_rcc.o(.text)
    __use_no_semihosting                     0x0800434d   Thumb Code     2  use_no_semi_2.o(.text)
    __c89printf                              0x08004351   Thumb Code    20  c89printf.o(.text)
    __2printf                                0x08004369   Thumb Code    20  __2printf.o(.text)
    _printf_str                              0x08004381   Thumb Code    82  _printf_str.o(.text)
    _printf_int_dec                          0x080043d5   Thumb Code   104  _printf_dec.o(.text)
    __printf                                 0x0800444d   Thumb Code   388  __printf_flags_ss_wp.o(.text)
    strtol                                   0x080045d5   Thumb Code   112  strtol.o(.text)
    strlen                                   0x08004645   Thumb Code    62  strlen.o(.text)
    strncmp                                  0x08004683   Thumb Code   150  strncmp.o(.text)
    __aeabi_memcpy4                          0x08004719   Thumb Code     0  rt_memcpy_w.o(.text)
    __aeabi_memcpy8                          0x08004719   Thumb Code     0  rt_memcpy_w.o(.text)
    __rt_memcpy_w                            0x08004719   Thumb Code   100  rt_memcpy_w.o(.text)
    _memcpy_lastbytes_aligned                0x08004761   Thumb Code     0  rt_memcpy_w.o(.text)
    strcmp                                   0x0800477d   Thumb Code   128  strcmpv7m.o(.text)
    __use_two_region_memory                  0x080047fd   Thumb Code     2  heapauxi.o(.text)
    __rt_heap_escrow$2region                 0x080047ff   Thumb Code     2  heapauxi.o(.text)
    __rt_heap_expand$2region                 0x08004801   Thumb Code     2  heapauxi.o(.text)
    __I$use$semihosting                      0x08004803   Thumb Code     0  use_no_semi.o(.text)
    __use_no_semihosting_swi                 0x08004803   Thumb Code     2  use_no_semi.o(.text)
    __rt_ctype_table                         0x08004805   Thumb Code    16  rt_ctype_table.o(.text)
    __aeabi_errno_addr                       0x08004815   Thumb Code     8  rt_errno_addr_intlibspace.o(.text)
    __errno$intlibspace                      0x08004815   Thumb Code     0  rt_errno_addr_intlibspace.o(.text)
    __rt_errno_addr$intlibspace              0x08004815   Thumb Code     0  rt_errno_addr_intlibspace.o(.text)
    __read_errno                             0x0800481d   Thumb Code    10  _rserrno.o(.text)
    __set_errno                              0x08004827   Thumb Code    12  _rserrno.o(.text)
    _printf_pre_padding                      0x08004833   Thumb Code    44  _printf_pad.o(.text)
    _printf_post_padding                     0x0800485f   Thumb Code    34  _printf_pad.o(.text)
    _printf_truncate_signed                  0x08004881   Thumb Code    18  _printf_truncate.o(.text)
    _printf_truncate_unsigned                0x08004893   Thumb Code    18  _printf_truncate.o(.text)
    _printf_int_common                       0x080048a5   Thumb Code   178  _printf_intcommon.o(.text)
    _printf_charcount                        0x08004957   Thumb Code    40  _printf_charcount.o(.text)
    _printf_cs_common                        0x0800497f   Thumb Code    20  _printf_char.o(.text)
    _printf_char                             0x08004993   Thumb Code    16  _printf_char.o(.text)
    _printf_string                           0x080049a3   Thumb Code     8  _printf_char.o(.text)
    _printf_char_file                        0x080049ad   Thumb Code    32  _printf_char_file.o(.text)
    _printf_wctomb                           0x080049d1   Thumb Code   182  _printf_wctomb.o(.text)
    _printf_longlong_dec                     0x08004a8d   Thumb Code   108  _printf_longlong_dec.o(.text)
    _printf_longlong_oct                     0x08004b09   Thumb Code    66  _printf_oct_int_ll.o(.text)
    _printf_int_oct                          0x08004b4b   Thumb Code    24  _printf_oct_int_ll.o(.text)
    _printf_ll_oct                           0x08004b63   Thumb Code    12  _printf_oct_int_ll.o(.text)
    _printf_longlong_hex                     0x08004b79   Thumb Code    86  _printf_hex_int_ll_ptr.o(.text)
    _printf_int_hex                          0x08004bcf   Thumb Code    28  _printf_hex_int_ll_ptr.o(.text)
    _printf_ll_hex                           0x08004beb   Thumb Code    12  _printf_hex_int_ll_ptr.o(.text)
    _printf_hex_ptr                          0x08004bf7   Thumb Code    18  _printf_hex_int_ll_ptr.o(.text)
    _strtoul                                 0x08004c0d   Thumb Code   158  _strtoul.o(.text)
    __strtod_int                             0x08004ce9   Thumb Code    90  strtod.o(.text)
    __user_libspace                          0x08004d51   Thumb Code     8  libspace.o(.text)
    __user_perproc_libspace                  0x08004d51   Thumb Code     0  libspace.o(.text)
    __user_perthread_libspace                0x08004d51   Thumb Code     0  libspace.o(.text)
    __rt_locale                              0x08004d59   Thumb Code     8  rt_locale_intlibspace.o(.text)
    _ll_udiv10                               0x08004d61   Thumb Code   138  lludiv10.o(.text)
    isspace                                  0x08004deb   Thumb Code    18  isspace.o(.text)
    __lib_sel_fp_printf                      0x08004dfd   Thumb Code     2  _printf_fp_dec.o(.text)
    _printf_fp_dec_real                      0x08004fab   Thumb Code   620  _printf_fp_dec.o(.text)
    _printf_char_common                      0x08005223   Thumb Code    32  _printf_char_common.o(.text)
    _printf_lcs_common                       0x08005249   Thumb Code    20  _printf_wchar.o(.text)
    _printf_wchar                            0x0800525d   Thumb Code    16  _printf_wchar.o(.text)
    _printf_wstring                          0x0800526d   Thumb Code     8  _printf_wchar.o(.text)
    _chval                                   0x08005275   Thumb Code    28  _chval.o(.text)
    _sgetc                                   0x08005291   Thumb Code    30  _sgetc.o(.text)
    _sbackspace                              0x080052af   Thumb Code    34  _sgetc.o(.text)
    ferror                                   0x080052d1   Thumb Code     8  ferror.o(.text)
    _wcrtomb                                 0x080052d9   Thumb Code    64  _wcrtomb.o(.text)
    __user_setup_stackheap                   0x08005319   Thumb Code    74  sys_stackheap_outer.o(.text)
    _printf_fp_infnan                        0x08005365   Thumb Code   112  _printf_fp_infnan.o(.text)
    _scanf_really_real                       0x080055e1   Thumb Code   668  scanf_fp.o(.text)
    _btod_etento                             0x08005889   Thumb Code   216  bigflt0.o(.text)
    exit                                     0x08005965   Thumb Code    18  exit.o(.text)
    _scanf_really_hex_real                   0x08005979   Thumb Code   786  scanf_hexfp.o(.text)
    _scanf_really_infnan                     0x08005c99   Thumb Code   292  scanf_infnan.o(.text)
    __aeabi_llsl                             0x08005dcd   Thumb Code     0  llshl.o(.text)
    _ll_shift_l                              0x08005dcd   Thumb Code    38  llshl.o(.text)
    _btod_d2e                                0x08005df3   Thumb Code    62  btod.o(CL$$btod_d2e)
    _d2e_denorm_low                          0x08005e31   Thumb Code    70  btod.o(CL$$btod_d2e_denorm_low)
    _d2e_norm_op1                            0x08005e77   Thumb Code    96  btod.o(CL$$btod_d2e_norm_op1)
    __btod_div_common                        0x08005ed7   Thumb Code   696  btod.o(CL$$btod_div_common)
    _e2d                                     0x08006211   Thumb Code    80  btod.o(CL$$btod_e2d)
    _e2e                                     0x08006265   Thumb Code   198  btod.o(CL$$btod_e2e)
    _btod_ediv                               0x0800632b   Thumb Code    40  btod.o(CL$$btod_ediv)
    _btod_edivd                              0x08006353   Thumb Code    40  btod.o(CL$$btod_edivd)
    _btod_emul                               0x0800637b   Thumb Code    40  btod.o(CL$$btod_emul)
    _btod_emuld                              0x080063a3   Thumb Code    40  btod.o(CL$$btod_emuld)
    __btod_mult_common                       0x080063cb   Thumb Code   580  btod.o(CL$$btod_mult_common)
    __ARM_fpclassify                         0x0800660f   Thumb Code    40  fpclassify.o(i.__ARM_fpclassify)
    __mathlib_dbl_overflow                   0x08006637   Thumb Code    14  dunder.o(i.__mathlib_dbl_overflow)
    __mathlib_dbl_underflow                  0x08006645   Thumb Code    10  dunder.o(i.__mathlib_dbl_underflow)
    __mathlib_narrow                         0x08006655   Thumb Code    16  narrow.o(i.__mathlib_narrow)
    __mathlib_tofloat                        0x08006665   Thumb Code   132  narrow.o(i.__mathlib_tofloat)
    __support_ldexp                          0x080066ed   Thumb Code    22  ldexp.o(i.__support_ldexp)
    _is_digit                                0x08006703   Thumb Code    14  __printf_wp.o(i._is_digit)
    frexp                                    0x08006711   Thumb Code    80  frexp.o(i.frexp)
    ldexp                                    0x08006769   Thumb Code   116  ldexp.o(i.ldexp)
    strtod                                   0x080067dd   Thumb Code    28  strtod.o(i.strtod)
    _get_lc_ctype                            0x080067f9   Thumb Code    44  lc_ctype_c.o(locale$$code)
    _get_lc_numeric                          0x08006825   Thumb Code    44  lc_numeric_c.o(locale$$code)
    __aeabi_d2f                              0x08006851   Thumb Code     0  d2f.o(x$fpl$d2f)
    _d2f                                     0x08006851   Thumb Code    98  d2f.o(x$fpl$d2f)
    __fpl_dcheck_NaN1                        0x080068b5   Thumb Code    10  dcheck1.o(x$fpl$dcheck1)
    __fpl_dcmp_Inf                           0x080068c5   Thumb Code    24  dcmpi.o(x$fpl$dcmpinf)
    __aeabi_cdcmpeq                          0x080068dd   Thumb Code     0  deqf.o(x$fpl$deqf)
    _dcmpeq                                  0x080068dd   Thumb Code   120  deqf.o(x$fpl$deqf)
    __aeabi_cdcmple                          0x08006955   Thumb Code     0  dleqf.o(x$fpl$dleqf)
    _dcmple                                  0x08006955   Thumb Code   120  dleqf.o(x$fpl$dleqf)
    __fpl_dcmple_InfNaN                      0x080069b7   Thumb Code     0  dleqf.o(x$fpl$dleqf)
    __fpl_dnaninf                            0x080069cd   Thumb Code   156  dnaninf.o(x$fpl$dnaninf)
    __aeabi_cdrcmple                         0x08006a69   Thumb Code     0  drleqf.o(x$fpl$drleqf)
    _drcmple                                 0x08006a69   Thumb Code   108  drleqf.o(x$fpl$drleqf)
    __fpl_fretinf                            0x08006ad5   Thumb Code    10  fretinf.o(x$fpl$fretinf)
    _printf_fp_dec                           0x08006adf   Thumb Code     4  printf1.o(x$fpl$printf1)
    __fpl_return_NaN                         0x08006ae3   Thumb Code   100  retnan.o(x$fpl$retnan)
    __ARM_scalbn                             0x08006b47   Thumb Code    92  scalbn.o(x$fpl$scalbn)
    _scanf_real                              0x08006ba3   Thumb Code     4  scanf1.o(x$fpl$scanf1)
    _scanf_hex_real                          0x08006ba7   Thumb Code     4  scanf2.o(x$fpl$scanf2)
    _scanf_infnan                            0x08006bab   Thumb Code     4  scanf2.o(x$fpl$scanf2)
    __fpl_cmpreturn                          0x08006baf   Thumb Code    48  trapv.o(x$fpl$trapveneer)
    __I$use$fp                               0x08006bde   Number         0  usenofp.o(x$fpl$usenofp)
    C24LC01                                  0x08006be0   Data          16  at24cxx.o(.constdata)
    C24LC02                                  0x08006bf0   Data          16  at24cxx.o(.constdata)
    C24LC04                                  0x08006c00   Data          16  at24cxx.o(.constdata)
    C24LC08                                  0x08006c10   Data          16  at24cxx.o(.constdata)
    C24LC16                                  0x08006c20   Data          16  at24cxx.o(.constdata)
    C24LC32                                  0x08006c30   Data          16  at24cxx.o(.constdata)
    C24LC64                                  0x08006c40   Data          16  at24cxx.o(.constdata)
    C24LC128                                 0x08006c50   Data          16  at24cxx.o(.constdata)
    C24LC256                                 0x08006c60   Data          16  at24cxx.o(.constdata)
    C24LC512                                 0x08006c70   Data          16  at24cxx.o(.constdata)
    Region$$Table$$Base                      0x08006da0   Number         0  anon$$obj.o(Region$$Table)
    Region$$Table$$Limit                     0x08006dc0   Number         0  anon$$obj.o(Region$$Table)
    __aeabi_HUGE_VAL                         0x08006dc0   Data           0  fpconst.o(c$$dinf)
    __aeabi_HUGE_VALL                        0x08006dc0   Data           0  fpconst.o(c$$dinf)
    __aeabi_INFINITY                         0x08006dc0   Data           0  fpconst.o(c$$dinf)
    __dInf                                   0x08006dc0   Data           0  fpconst.o(c$$dinf)
    __huge_val                               0x08006dc0   Data           0  fpconst.o(c$$dinf)
    __ctype                                  0x08006dd5   Data           0  lc_ctype_c.o(locale$$data)
    SystemCoreClock                          0x20000000   Data           4  system_stm32f10x.o(.data)
    AHBPrescTable                            0x20000004   Data          16  system_stm32f10x.o(.data)
    at24c256                                 0x20000014   Data          36  user_cmd_fun.o(.data)
    hc165                                    0x20000038   Data          28  74hc165.o(.data)
    hc595                                    0x20000054   Data          28  74hc595.o(.data)
    at24cxx                                  0x20000070   Data          44  at24cxx.o(.data)
    Int                                      0x2000009c   Data          28  dido.o(.data)
    Out                                      0x200000b8   Data          12  dido.o(.data)
    dev                                      0x200000d0   Data           4  mcu_exit.o(.data)
    exit0_handler                            0x200000d4   Data           4  mcu_exit.o(.data)
    exit1_handler                            0x200000d8   Data           4  mcu_exit.o(.data)
    exit2_handler                            0x200000dc   Data           4  mcu_exit.o(.data)
    exit3_handler                            0x200000e0   Data           4  mcu_exit.o(.data)
    exit4_handler                            0x200000e4   Data           4  mcu_exit.o(.data)
    exit5_handler                            0x200000e8   Data           4  mcu_exit.o(.data)
    exit6_handler                            0x200000ec   Data           4  mcu_exit.o(.data)
    exit7_handler                            0x200000f0   Data           4  mcu_exit.o(.data)
    exit8_handler                            0x200000f4   Data           4  mcu_exit.o(.data)
    exit9_handler                            0x200000f8   Data           4  mcu_exit.o(.data)
    exit10_handler                           0x200000fc   Data           4  mcu_exit.o(.data)
    exit11_handler                           0x20000100   Data           4  mcu_exit.o(.data)
    exit12_handler                           0x20000104   Data           4  mcu_exit.o(.data)
    exit13_handler                           0x20000108   Data           4  mcu_exit.o(.data)
    exit14_handler                           0x2000010c   Data           4  mcu_exit.o(.data)
    exit15_handler                           0x20000110   Data           4  mcu_exit.o(.data)
    PA0                                      0x20000114   Data           8  mcu_gpio.o(.data)
    PA1                                      0x2000011c   Data           8  mcu_gpio.o(.data)
    PA2                                      0x20000124   Data           8  mcu_gpio.o(.data)
    PA3                                      0x2000012c   Data           8  mcu_gpio.o(.data)
    PA4                                      0x20000134   Data           8  mcu_gpio.o(.data)
    PA5                                      0x2000013c   Data           8  mcu_gpio.o(.data)
    PA6                                      0x20000144   Data           8  mcu_gpio.o(.data)
    PA7                                      0x2000014c   Data           8  mcu_gpio.o(.data)
    PA8                                      0x20000154   Data           8  mcu_gpio.o(.data)
    PA9                                      0x2000015c   Data           8  mcu_gpio.o(.data)
    PA10                                     0x20000164   Data           8  mcu_gpio.o(.data)
    PA11                                     0x2000016c   Data           8  mcu_gpio.o(.data)
    PA12                                     0x20000174   Data           8  mcu_gpio.o(.data)
    PA13                                     0x2000017c   Data           8  mcu_gpio.o(.data)
    PA14                                     0x20000184   Data           8  mcu_gpio.o(.data)
    PA15                                     0x2000018c   Data           8  mcu_gpio.o(.data)
    PB0                                      0x20000194   Data           8  mcu_gpio.o(.data)
    PB1                                      0x2000019c   Data           8  mcu_gpio.o(.data)
    PB2                                      0x200001a4   Data           8  mcu_gpio.o(.data)
    PB3                                      0x200001ac   Data           8  mcu_gpio.o(.data)
    PB4                                      0x200001b4   Data           8  mcu_gpio.o(.data)
    PB5                                      0x200001bc   Data           8  mcu_gpio.o(.data)
    PB6                                      0x200001c4   Data           8  mcu_gpio.o(.data)
    PB7                                      0x200001cc   Data           8  mcu_gpio.o(.data)
    PB8                                      0x200001d4   Data           8  mcu_gpio.o(.data)
    PB9                                      0x200001dc   Data           8  mcu_gpio.o(.data)
    PB10                                     0x200001e4   Data           8  mcu_gpio.o(.data)
    PB11                                     0x200001ec   Data           8  mcu_gpio.o(.data)
    PB12                                     0x200001f4   Data           8  mcu_gpio.o(.data)
    PB13                                     0x200001fc   Data           8  mcu_gpio.o(.data)
    PB14                                     0x20000204   Data           8  mcu_gpio.o(.data)
    PB15                                     0x2000020c   Data           8  mcu_gpio.o(.data)
    PC0                                      0x20000214   Data           8  mcu_gpio.o(.data)
    PC1                                      0x2000021c   Data           8  mcu_gpio.o(.data)
    PC2                                      0x20000224   Data           8  mcu_gpio.o(.data)
    PC3                                      0x2000022c   Data           8  mcu_gpio.o(.data)
    PC4                                      0x20000234   Data           8  mcu_gpio.o(.data)
    PC5                                      0x2000023c   Data           8  mcu_gpio.o(.data)
    PC6                                      0x20000244   Data           8  mcu_gpio.o(.data)
    PC7                                      0x2000024c   Data           8  mcu_gpio.o(.data)
    PC8                                      0x20000254   Data           8  mcu_gpio.o(.data)
    PC9                                      0x2000025c   Data           8  mcu_gpio.o(.data)
    PC10                                     0x20000264   Data           8  mcu_gpio.o(.data)
    PC11                                     0x2000026c   Data           8  mcu_gpio.o(.data)
    PC12                                     0x20000274   Data           8  mcu_gpio.o(.data)
    PC13                                     0x2000027c   Data           8  mcu_gpio.o(.data)
    PC14                                     0x20000284   Data           8  mcu_gpio.o(.data)
    PC15                                     0x2000028c   Data           8  mcu_gpio.o(.data)
    PD0                                      0x20000294   Data           8  mcu_gpio.o(.data)
    PD1                                      0x2000029c   Data           8  mcu_gpio.o(.data)
    PD2                                      0x200002a4   Data           8  mcu_gpio.o(.data)
    PD3                                      0x200002ac   Data           8  mcu_gpio.o(.data)
    PD4                                      0x200002b4   Data           8  mcu_gpio.o(.data)
    PD5                                      0x200002bc   Data           8  mcu_gpio.o(.data)
    PD6                                      0x200002c4   Data           8  mcu_gpio.o(.data)
    PD7                                      0x200002cc   Data           8  mcu_gpio.o(.data)
    PD8                                      0x200002d4   Data           8  mcu_gpio.o(.data)
    PD9                                      0x200002dc   Data           8  mcu_gpio.o(.data)
    PD10                                     0x200002e4   Data           8  mcu_gpio.o(.data)
    PD11                                     0x200002ec   Data           8  mcu_gpio.o(.data)
    PD12                                     0x200002f4   Data           8  mcu_gpio.o(.data)
    PD13                                     0x200002fc   Data           8  mcu_gpio.o(.data)
    PD14                                     0x20000304   Data           8  mcu_gpio.o(.data)
    PD15                                     0x2000030c   Data           8  mcu_gpio.o(.data)
    PE0                                      0x20000314   Data           8  mcu_gpio.o(.data)
    PE1                                      0x2000031c   Data           8  mcu_gpio.o(.data)
    PE2                                      0x20000324   Data           8  mcu_gpio.o(.data)
    PE3                                      0x2000032c   Data           8  mcu_gpio.o(.data)
    PE4                                      0x20000334   Data           8  mcu_gpio.o(.data)
    PE5                                      0x2000033c   Data           8  mcu_gpio.o(.data)
    PE6                                      0x20000344   Data           8  mcu_gpio.o(.data)
    PE7                                      0x2000034c   Data           8  mcu_gpio.o(.data)
    PE8                                      0x20000354   Data           8  mcu_gpio.o(.data)
    PE9                                      0x2000035c   Data           8  mcu_gpio.o(.data)
    PE10                                     0x20000364   Data           8  mcu_gpio.o(.data)
    PE11                                     0x2000036c   Data           8  mcu_gpio.o(.data)
    PE12                                     0x20000374   Data           8  mcu_gpio.o(.data)
    PE13                                     0x2000037c   Data           8  mcu_gpio.o(.data)
    PE14                                     0x20000384   Data           8  mcu_gpio.o(.data)
    PE15                                     0x2000038c   Data           8  mcu_gpio.o(.data)
    PF0                                      0x20000394   Data           8  mcu_gpio.o(.data)
    PF1                                      0x2000039c   Data           8  mcu_gpio.o(.data)
    PF2                                      0x200003a4   Data           8  mcu_gpio.o(.data)
    PF3                                      0x200003ac   Data           8  mcu_gpio.o(.data)
    PF4                                      0x200003b4   Data           8  mcu_gpio.o(.data)
    PF5                                      0x200003bc   Data           8  mcu_gpio.o(.data)
    PF6                                      0x200003c4   Data           8  mcu_gpio.o(.data)
    PF7                                      0x200003cc   Data           8  mcu_gpio.o(.data)
    PF8                                      0x200003d4   Data           8  mcu_gpio.o(.data)
    PF9                                      0x200003dc   Data           8  mcu_gpio.o(.data)
    PF10                                     0x200003e4   Data           8  mcu_gpio.o(.data)
    PF11                                     0x200003ec   Data           8  mcu_gpio.o(.data)
    PF12                                     0x200003f4   Data           8  mcu_gpio.o(.data)
    PF13                                     0x200003fc   Data           8  mcu_gpio.o(.data)
    PF14                                     0x20000404   Data           8  mcu_gpio.o(.data)
    PF15                                     0x2000040c   Data           8  mcu_gpio.o(.data)
    PG0                                      0x20000414   Data           8  mcu_gpio.o(.data)
    PG1                                      0x2000041c   Data           8  mcu_gpio.o(.data)
    PG2                                      0x20000424   Data           8  mcu_gpio.o(.data)
    PG3                                      0x2000042c   Data           8  mcu_gpio.o(.data)
    PG4                                      0x20000434   Data           8  mcu_gpio.o(.data)
    PG5                                      0x2000043c   Data           8  mcu_gpio.o(.data)
    PG6                                      0x20000444   Data           8  mcu_gpio.o(.data)
    PG7                                      0x2000044c   Data           8  mcu_gpio.o(.data)
    PG8                                      0x20000454   Data           8  mcu_gpio.o(.data)
    PG9                                      0x2000045c   Data           8  mcu_gpio.o(.data)
    PG10                                     0x20000464   Data           8  mcu_gpio.o(.data)
    PG11                                     0x2000046c   Data           8  mcu_gpio.o(.data)
    PG12                                     0x20000474   Data           8  mcu_gpio.o(.data)
    PG13                                     0x2000047c   Data           8  mcu_gpio.o(.data)
    PG14                                     0x20000484   Data           8  mcu_gpio.o(.data)
    PG15                                     0x2000048c   Data           8  mcu_gpio.o(.data)
    SoftI2c                                  0x20000494   Data          12  mcu_softi2c.o(.data)
    __stdout                                 0x200004a8   Data           4  usart.o(.data)
    USART_RX_STA                             0x200004ac   Data           2  usart.o(.data)
    USART_RX_BUF                             0x200004c4   Data         200  usart.o(.bss)
    __libspace_start                         0x2000058c   Data          96  libspace.o(.bss)
    __temporary_stack_top$libspace           0x200005ec   Data           0  libspace.o(.bss)



==============================================================================

Memory Map of the image

  Image Entry point : 0x08000131

  Load Region LR_IROM1 (Base: 0x08000000, Size: 0x000073b8, Max: 0x00080000, ABSOLUTE, COMPRESSED[0x00007194])

    Execution Region ER_IROM1 (Base: 0x08000000, Size: 0x00006ef4, Max: 0x00080000, ABSOLUTE)

    Base Addr    Size         Type   Attr      Idx    E Section Name        Object

    0x08000000   0x00000130   Data   RO          555    RESET               startup_stm32f10x_hd.o
    0x08000130   0x00000008   Code   RO          700  * !!!main             c_w.l(__main.o)
    0x08000138   0x00000034   Code   RO         1130    !!!scatter          c_w.l(__scatter.o)
    0x0800016c   0x0000005a   Code   RO         1128    !!dczerorl2         c_w.l(__dczerorl2.o)
    0x080001c6   0x00000002   PAD
    0x080001c8   0x0000001c   Code   RO         1132    !!handler_zi        c_w.l(__scatter_zi.o)
    0x080001e4   0x00000000   Code   RO          687    .ARM.Collect$$_printf_percent$$00000000  c_w.l(_printf_percent.o)
    0x080001e4   0x00000006   Code   RO          789    .ARM.Collect$$_printf_percent$$00000001  c_w.l(_printf_n.o)
    0x080001ea   0x00000006   Code   RO          791    .ARM.Collect$$_printf_percent$$00000002  c_w.l(_printf_p.o)
    0x080001f0   0x00000006   Code   RO          795    .ARM.Collect$$_printf_percent$$00000003  c_w.l(_printf_f.o)
    0x080001f6   0x00000006   Code   RO          796    .ARM.Collect$$_printf_percent$$00000004  c_w.l(_printf_e.o)
    0x080001fc   0x00000006   Code   RO          797    .ARM.Collect$$_printf_percent$$00000005  c_w.l(_printf_g.o)
    0x08000202   0x00000006   Code   RO          798    .ARM.Collect$$_printf_percent$$00000006  c_w.l(_printf_a.o)
    0x08000208   0x0000000a   Code   RO          803    .ARM.Collect$$_printf_percent$$00000007  c_w.l(_printf_ll.o)
    0x08000212   0x00000006   Code   RO          793    .ARM.Collect$$_printf_percent$$00000008  c_w.l(_printf_i.o)
    0x08000218   0x00000006   Code   RO          686    .ARM.Collect$$_printf_percent$$00000009  c_w.l(_printf_d.o)
    0x0800021e   0x00000006   Code   RO          794    .ARM.Collect$$_printf_percent$$0000000A  c_w.l(_printf_u.o)
    0x08000224   0x00000006   Code   RO          792    .ARM.Collect$$_printf_percent$$0000000B  c_w.l(_printf_o.o)
    0x0800022a   0x00000006   Code   RO          790    .ARM.Collect$$_printf_percent$$0000000C  c_w.l(_printf_x.o)
    0x08000230   0x00000006   Code   RO          800    .ARM.Collect$$_printf_percent$$0000000D  c_w.l(_printf_lli.o)
    0x08000236   0x00000006   Code   RO          801    .ARM.Collect$$_printf_percent$$0000000E  c_w.l(_printf_lld.o)
    0x0800023c   0x00000006   Code   RO          802    .ARM.Collect$$_printf_percent$$0000000F  c_w.l(_printf_llu.o)
    0x08000242   0x00000006   Code   RO          807    .ARM.Collect$$_printf_percent$$00000010  c_w.l(_printf_llo.o)
    0x08000248   0x00000006   Code   RO          808    .ARM.Collect$$_printf_percent$$00000011  c_w.l(_printf_llx.o)
    0x0800024e   0x0000000a   Code   RO          804    .ARM.Collect$$_printf_percent$$00000012  c_w.l(_printf_l.o)
    0x08000258   0x00000006   Code   RO          788    .ARM.Collect$$_printf_percent$$00000013  c_w.l(_printf_c.o)
    0x0800025e   0x00000006   Code   RO          685    .ARM.Collect$$_printf_percent$$00000014  c_w.l(_printf_s.o)
    0x08000264   0x00000006   Code   RO          805    .ARM.Collect$$_printf_percent$$00000015  c_w.l(_printf_lc.o)
    0x0800026a   0x00000006   Code   RO          806    .ARM.Collect$$_printf_percent$$00000016  c_w.l(_printf_ls.o)
    0x08000270   0x00000004   Code   RO          799    .ARM.Collect$$_printf_percent$$00000017  c_w.l(_printf_percent_end.o)
    0x08000274   0x00000002   Code   RO          954    .ARM.Collect$$libinit$$00000000  c_w.l(libinit.o)
    0x08000276   0x00000000   Code   RO          956    .ARM.Collect$$libinit$$00000002  c_w.l(libinit2.o)
    0x08000276   0x00000000   Code   RO          958    .ARM.Collect$$libinit$$00000004  c_w.l(libinit2.o)
    0x08000276   0x00000000   Code   RO          961    .ARM.Collect$$libinit$$0000000A  c_w.l(libinit2.o)
    0x08000276   0x00000000   Code   RO          963    .ARM.Collect$$libinit$$0000000C  c_w.l(libinit2.o)
    0x08000276   0x00000000   Code   RO          965    .ARM.Collect$$libinit$$0000000E  c_w.l(libinit2.o)
    0x08000276   0x00000006   Code   RO          966    .ARM.Collect$$libinit$$0000000F  c_w.l(libinit2.o)
    0x0800027c   0x00000000   Code   RO          968    .ARM.Collect$$libinit$$00000011  c_w.l(libinit2.o)
    0x0800027c   0x0000000c   Code   RO          969    .ARM.Collect$$libinit$$00000012  c_w.l(libinit2.o)
    0x08000288   0x00000000   Code   RO          970    .ARM.Collect$$libinit$$00000013  c_w.l(libinit2.o)
    0x08000288   0x00000000   Code   RO          972    .ARM.Collect$$libinit$$00000015  c_w.l(libinit2.o)
    0x08000288   0x0000000a   Code   RO          973    .ARM.Collect$$libinit$$00000016  c_w.l(libinit2.o)
    0x08000292   0x00000000   Code   RO          974    .ARM.Collect$$libinit$$00000017  c_w.l(libinit2.o)
    0x08000292   0x00000000   Code   RO          976    .ARM.Collect$$libinit$$00000019  c_w.l(libinit2.o)
    0x08000292   0x00000000   Code   RO          978    .ARM.Collect$$libinit$$0000001B  c_w.l(libinit2.o)
    0x08000292   0x00000000   Code   RO          980    .ARM.Collect$$libinit$$0000001D  c_w.l(libinit2.o)
    0x08000292   0x00000000   Code   RO          982    .ARM.Collect$$libinit$$0000001F  c_w.l(libinit2.o)
    0x08000292   0x00000000   Code   RO          984    .ARM.Collect$$libinit$$00000021  c_w.l(libinit2.o)
    0x08000292   0x00000000   Code   RO          986    .ARM.Collect$$libinit$$00000023  c_w.l(libinit2.o)
    0x08000292   0x00000000   Code   RO          988    .ARM.Collect$$libinit$$00000025  c_w.l(libinit2.o)
    0x08000292   0x00000000   Code   RO          992    .ARM.Collect$$libinit$$0000002C  c_w.l(libinit2.o)
    0x08000292   0x00000000   Code   RO          994    .ARM.Collect$$libinit$$0000002E  c_w.l(libinit2.o)
    0x08000292   0x00000000   Code   RO          996    .ARM.Collect$$libinit$$00000030  c_w.l(libinit2.o)
    0x08000292   0x00000000   Code   RO          998    .ARM.Collect$$libinit$$00000032  c_w.l(libinit2.o)
    0x08000292   0x00000002   Code   RO          999    .ARM.Collect$$libinit$$00000033  c_w.l(libinit2.o)
    0x08000294   0x00000002   Code   RO         1064    .ARM.Collect$$libshutdown$$00000000  c_w.l(libshutdown.o)
    0x08000296   0x00000000   Code   RO         1087    .ARM.Collect$$libshutdown$$00000002  c_w.l(libshutdown2.o)
    0x08000296   0x00000000   Code   RO         1089    .ARM.Collect$$libshutdown$$00000004  c_w.l(libshutdown2.o)
    0x08000296   0x00000000   Code   RO         1092    .ARM.Collect$$libshutdown$$00000007  c_w.l(libshutdown2.o)
    0x08000296   0x00000000   Code   RO         1095    .ARM.Collect$$libshutdown$$0000000A  c_w.l(libshutdown2.o)
    0x08000296   0x00000000   Code   RO         1097    .ARM.Collect$$libshutdown$$0000000C  c_w.l(libshutdown2.o)
    0x08000296   0x00000000   Code   RO         1100    .ARM.Collect$$libshutdown$$0000000F  c_w.l(libshutdown2.o)
    0x08000296   0x00000002   Code   RO         1101    .ARM.Collect$$libshutdown$$00000010  c_w.l(libshutdown2.o)
    0x08000298   0x00000000   Code   RO          734    .ARM.Collect$$rtentry$$00000000  c_w.l(__rtentry.o)
    0x08000298   0x00000000   Code   RO          861    .ARM.Collect$$rtentry$$00000002  c_w.l(__rtentry2.o)
    0x08000298   0x00000006   Code   RO          873    .ARM.Collect$$rtentry$$00000004  c_w.l(__rtentry4.o)
    0x0800029e   0x00000000   Code   RO          863    .ARM.Collect$$rtentry$$00000009  c_w.l(__rtentry2.o)
    0x0800029e   0x00000004   Code   RO          864    .ARM.Collect$$rtentry$$0000000A  c_w.l(__rtentry2.o)
    0x080002a2   0x00000000   Code   RO          866    .ARM.Collect$$rtentry$$0000000C  c_w.l(__rtentry2.o)
    0x080002a2   0x00000008   Code   RO          867    .ARM.Collect$$rtentry$$0000000D  c_w.l(__rtentry2.o)
    0x080002aa   0x00000002   Code   RO         1006    .ARM.Collect$$rtexit$$00000000  c_w.l(rtexit.o)
    0x080002ac   0x00000000   Code   RO         1030    .ARM.Collect$$rtexit$$00000002  c_w.l(rtexit2.o)
    0x080002ac   0x00000004   Code   RO         1031    .ARM.Collect$$rtexit$$00000003  c_w.l(rtexit2.o)
    0x080002b0   0x00000006   Code   RO         1032    .ARM.Collect$$rtexit$$00000004  c_w.l(rtexit2.o)
    0x080002b6   0x00000002   PAD
    0x080002b8   0x0000021c   Code   RO            1    .text               main.o
    0x080004d4   0x00000018   Code   RO          137    .text               stm32f10x_it.o
    0x080004ec   0x000001e8   Code   RO          178    .text               system_stm32f10x.o
    0x080006d4   0x00001414   Code   RO          196    .text               commands.o
    0x08001ae8   0x0000062c   Code   RO          225    .text               user_cmd_fun.o
    0x08002114   0x00000098   Code   RO          251    .text               74hc165.o
    0x080021ac   0x00000088   Code   RO          272    .text               74hc595.o
    0x08002234   0x00000304   Code   RO          290    .text               at24cxx.o
    0x08002538   0x000003b4   Code   RO          310    .text               dido.o
    0x080028ec   0x0000045c   Code   RO          335    .text               mcu_exit.o
    0x08002d48   0x00000100   Code   RO          353    .text               mcu_gpio.o
    0x08002e48   0x000004de   Code   RO          371    .text               mcu_softi2c.o
    0x08003326   0x00000002   PAD
    0x08003328   0x000000c8   Code   RO          408    .text               delay.o
    0x080033f0   0x000000d4   Code   RO          423    .text               sys.o
    0x080034c4   0x00000140   Code   RO          439    .text               usart.o
    0x08003604   0x000000dc   Code   RO          462    .text               misc.o
    0x080036e0   0x00000040   Code   RO          556    .text               startup_stm32f10x_hd.o
    0x08003720   0x0000011c   Code   RO          560    .text               stm32f10x_exti.o
    0x0800383c   0x0000035c   Code   RO          578    .text               stm32f10x_gpio.o
    0x08003b98   0x00000408   Code   RO          593    .text               stm32f10x_usart.o
    0x08003fa0   0x000003ac   Code   RO          632    .text               stm32f10x_rcc.o
    0x0800434c   0x00000002   Code   RO          651    .text               c_w.l(use_no_semi_2.o)
    0x0800434e   0x00000002   PAD
    0x08004350   0x00000018   Code   RO          653    .text               c_w.l(c89printf.o)
    0x08004368   0x00000018   Code   RO          655    .text               c_w.l(__2printf.o)
    0x08004380   0x00000052   Code   RO          661    .text               c_w.l(_printf_str.o)
    0x080043d2   0x00000002   PAD
    0x080043d4   0x00000078   Code   RO          663    .text               c_w.l(_printf_dec.o)
    0x0800444c   0x00000188   Code   RO          682    .text               c_w.l(__printf_flags_ss_wp.o)
    0x080045d4   0x00000070   Code   RO          688    .text               c_w.l(strtol.o)
    0x08004644   0x0000003e   Code   RO          690    .text               c_w.l(strlen.o)
    0x08004682   0x00000096   Code   RO          692    .text               c_w.l(strncmp.o)
    0x08004718   0x00000064   Code   RO          694    .text               c_w.l(rt_memcpy_w.o)
    0x0800477c   0x00000080   Code   RO          696    .text               c_w.l(strcmpv7m.o)
    0x080047fc   0x00000006   Code   RO          698    .text               c_w.l(heapauxi.o)
    0x08004802   0x00000002   Code   RO          732    .text               c_w.l(use_no_semi.o)
    0x08004804   0x00000010   Code   RO          735    .text               c_w.l(rt_ctype_table.o)
    0x08004814   0x00000008   Code   RO          740    .text               c_w.l(rt_errno_addr_intlibspace.o)
    0x0800481c   0x00000016   Code   RO          742    .text               c_w.l(_rserrno.o)
    0x08004832   0x0000004e   Code   RO          744    .text               c_w.l(_printf_pad.o)
    0x08004880   0x00000024   Code   RO          746    .text               c_w.l(_printf_truncate.o)
    0x080048a4   0x000000b2   Code   RO          748    .text               c_w.l(_printf_intcommon.o)
    0x08004956   0x00000028   Code   RO          750    .text               c_w.l(_printf_charcount.o)
    0x0800497e   0x0000002c   Code   RO          752    .text               c_w.l(_printf_char.o)
    0x080049aa   0x00000002   PAD
    0x080049ac   0x00000024   Code   RO          754    .text               c_w.l(_printf_char_file.o)
    0x080049d0   0x000000bc   Code   RO          756    .text               c_w.l(_printf_wctomb.o)
    0x08004a8c   0x0000007c   Code   RO          759    .text               c_w.l(_printf_longlong_dec.o)
    0x08004b08   0x00000070   Code   RO          765    .text               c_w.l(_printf_oct_int_ll.o)
    0x08004b78   0x00000094   Code   RO          785    .text               c_w.l(_printf_hex_int_ll_ptr.o)
    0x08004c0c   0x0000009e   Code   RO          809    .text               c_w.l(_strtoul.o)
    0x08004caa   0x00000002   PAD
    0x08004cac   0x000000a4   Code   RO          811    .text               c_w.l(strtod.o)
    0x08004d50   0x00000008   Code   RO          857    .text               c_w.l(libspace.o)
    0x08004d58   0x00000008   Code   RO          878    .text               c_w.l(rt_locale_intlibspace.o)
    0x08004d60   0x0000008a   Code   RO          880    .text               c_w.l(lludiv10.o)
    0x08004dea   0x00000012   Code   RO          882    .text               c_w.l(isspace.o)
    0x08004dfc   0x0000041a   Code   RO          884    .text               c_w.l(_printf_fp_dec.o)
    0x08005216   0x00000002   PAD
    0x08005218   0x00000030   Code   RO          886    .text               c_w.l(_printf_char_common.o)
    0x08005248   0x0000002c   Code   RO          888    .text               c_w.l(_printf_wchar.o)
    0x08005274   0x0000001c   Code   RO          890    .text               c_w.l(_chval.o)
    0x08005290   0x00000040   Code   RO          892    .text               c_w.l(_sgetc.o)
    0x080052d0   0x00000008   Code   RO          894    .text               c_w.l(ferror.o)
    0x080052d8   0x00000040   Code   RO          898    .text               c_w.l(_wcrtomb.o)
    0x08005318   0x0000004a   Code   RO          914    .text               c_w.l(sys_stackheap_outer.o)
    0x08005362   0x00000002   PAD
    0x08005364   0x00000080   Code   RO          916    .text               c_w.l(_printf_fp_infnan.o)
    0x080053e4   0x000004a4   Code   RO          920    .text               c_w.l(scanf_fp.o)
    0x08005888   0x000000dc   Code   RO          922    .text               c_w.l(bigflt0.o)
    0x08005964   0x00000012   Code   RO          947    .text               c_w.l(exit.o)
    0x08005976   0x00000002   PAD
    0x08005978   0x00000320   Code   RO         1036    .text               c_w.l(scanf_hexfp.o)
    0x08005c98   0x00000134   Code   RO         1038    .text               c_w.l(scanf_infnan.o)
    0x08005dcc   0x00000026   Code   RO         1056    .text               c_w.l(llshl.o)
    0x08005df2   0x0000003e   Code   RO          925    CL$$btod_d2e        c_w.l(btod.o)
    0x08005e30   0x00000046   Code   RO          927    CL$$btod_d2e_denorm_low  c_w.l(btod.o)
    0x08005e76   0x00000060   Code   RO          926    CL$$btod_d2e_norm_op1  c_w.l(btod.o)
    0x08005ed6   0x00000338   Code   RO          935    CL$$btod_div_common  c_w.l(btod.o)
    0x0800620e   0x00000002   PAD
    0x08006210   0x00000054   Code   RO          933    CL$$btod_e2d        c_w.l(btod.o)
    0x08006264   0x000000c6   Code   RO          932    CL$$btod_e2e        c_w.l(btod.o)
    0x0800632a   0x00000028   Code   RO          929    CL$$btod_ediv       c_w.l(btod.o)
    0x08006352   0x00000028   Code   RO          931    CL$$btod_edivd      c_w.l(btod.o)
    0x0800637a   0x00000028   Code   RO          928    CL$$btod_emul       c_w.l(btod.o)
    0x080063a2   0x00000028   Code   RO          930    CL$$btod_emuld      c_w.l(btod.o)
    0x080063ca   0x00000244   Code   RO          934    CL$$btod_mult_common  c_w.l(btod.o)
    0x0800660e   0x00000028   Code   RO          844    i.__ARM_fpclassify  m_ws.l(fpclassify.o)
    0x08006636   0x0000000e   Code   RO          834    i.__mathlib_dbl_overflow  m_ws.l(dunder.o)
    0x08006644   0x00000010   Code   RO          836    i.__mathlib_dbl_underflow  m_ws.l(dunder.o)
    0x08006654   0x00000010   Code   RO         1023    i.__mathlib_narrow  m_ws.l(narrow.o)
    0x08006664   0x00000088   Code   RO         1024    i.__mathlib_tofloat  m_ws.l(narrow.o)
    0x080066ec   0x00000016   Code   RO         1068    i.__support_ldexp   m_ws.l(ldexp.o)
    0x08006702   0x0000000e   Code   RO          675    i._is_digit         c_w.l(__printf_wp.o)
    0x08006710   0x00000058   Code   RO         1049    i.frexp             m_ws.l(frexp.o)
    0x08006768   0x00000074   Code   RO         1069    i.ldexp             m_ws.l(ldexp.o)
    0x080067dc   0x0000001c   Code   RO          729    i.strtod            m_ws.l(strtod.o)
    0x080067f8   0x0000002c   Code   RO          901    locale$$code        c_w.l(lc_ctype_c.o)
    0x08006824   0x0000002c   Code   RO          904    locale$$code        c_w.l(lc_numeric_c.o)
    0x08006850   0x00000062   Code   RO         1044    x$fpl$d2f           fz_ws.l(d2f.o)
    0x080068b2   0x00000002   PAD
    0x080068b4   0x00000010   Code   RO          906    x$fpl$dcheck1       fz_ws.l(dcheck1.o)
    0x080068c4   0x00000018   Code   RO         1000    x$fpl$dcmpinf       fz_ws.l(dcmpi.o)
    0x080068dc   0x00000078   Code   RO         1046    x$fpl$deqf          fz_ws.l(deqf.o)
    0x08006954   0x00000078   Code   RO          908    x$fpl$dleqf         fz_ws.l(dleqf.o)
    0x080069cc   0x0000009c   Code   RO          819    x$fpl$dnaninf       fz_ws.l(dnaninf.o)
    0x08006a68   0x0000006c   Code   RO          823    x$fpl$drleqf        fz_ws.l(drleqf.o)
    0x08006ad4   0x0000000a   Code   RO         1065    x$fpl$fretinf       fz_ws.l(fretinf.o)
    0x08006ade   0x00000004   Code   RO          825    x$fpl$printf1       fz_ws.l(printf1.o)
    0x08006ae2   0x00000064   Code   RO         1004    x$fpl$retnan        fz_ws.l(retnan.o)
    0x08006b46   0x0000005c   Code   RO          827    x$fpl$scalbn        fz_ws.l(scalbn.o)
    0x08006ba2   0x00000004   Code   RO          912    x$fpl$scanf1        fz_ws.l(scanf1.o)
    0x08006ba6   0x00000008   Code   RO         1015    x$fpl$scanf2        fz_ws.l(scanf2.o)
    0x08006bae   0x00000030   Code   RO         1021    x$fpl$trapveneer    fz_ws.l(trapv.o)
    0x08006bde   0x00000000   Code   RO          829    x$fpl$usenofp       fz_ws.l(usenofp.o)
    0x08006bde   0x00000002   PAD
    0x08006be0   0x000000a0   Data   RO          291    .constdata          at24cxx.o
    0x08006c80   0x00000011   Data   RO          683    .constdata          c_w.l(__printf_flags_ss_wp.o)
    0x08006c91   0x00000003   PAD
    0x08006c94   0x00000008   Data   RO          757    .constdata          c_w.l(_printf_wctomb.o)
    0x08006c9c   0x00000028   Data   RO          786    .constdata          c_w.l(_printf_hex_int_ll_ptr.o)
    0x08006cc4   0x00000094   Data   RO          923    .constdata          c_w.l(bigflt0.o)
    0x08006d58   0x00000047   Data   RO          197    .conststring        commands.o
    0x08006d9f   0x00000001   PAD
    0x08006da0   0x00000020   Data   RO         1126    Region$$Table       anon$$obj.o
    0x08006dc0   0x00000008   Data   RO         1010    c$$dinf             fz_ws.l(fpconst.o)
    0x08006dc8   0x00000110   Data   RO          900    locale$$data        c_w.l(lc_ctype_c.o)
    0x08006ed8   0x0000001c   Data   RO          903    locale$$data        c_w.l(lc_numeric_c.o)


    Execution Region RW_IRAM1 (Base: 0x20000000, Size: 0x00000bf0, Max: 0x00010000, ABSOLUTE, COMPRESSED[0x000002a0])

    Base Addr    Size         Type   Attr      Idx    E Section Name        Object

    0x20000000   0x00000014   Data   RW          179    .data               system_stm32f10x.o
    0x20000014   0x00000024   Data   RW          226    .data               user_cmd_fun.o
    0x20000038   0x0000001c   Data   RW          252    .data               74hc165.o
    0x20000054   0x0000001c   Data   RW          273    .data               74hc595.o
    0x20000070   0x0000002c   Data   RW          292    .data               at24cxx.o
    0x2000009c   0x00000028   Data   RW          311    .data               dido.o
    0x200000c4   0x00000050   Data   RW          336    .data               mcu_exit.o
    0x20000114   0x00000380   Data   RW          354    .data               mcu_gpio.o
    0x20000494   0x0000000c   Data   RW          372    .data               mcu_softi2c.o
    0x200004a0   0x00000008   Data   RW          409    .data               delay.o
    0x200004a8   0x00000006   Data   RW          441    .data               usart.o
    0x200004ae   0x00000014   Data   RW          633    .data               stm32f10x_rcc.o
    0x200004c2   0x00000002   PAD
    0x200004c4   0x000000c8   Zero   RW          440    .bss                usart.o
    0x2000058c   0x00000060   Zero   RW          858    .bss                c_w.l(libspace.o)
    0x200005ec   0x00000004   PAD
    0x200005f0   0x00000200   Zero   RW          554    HEAP                startup_stm32f10x_hd.o
    0x200007f0   0x00000400   Zero   RW          553    STACK               startup_stm32f10x_hd.o


==============================================================================

Image component sizes


      Code (inc. data)   RO Data    RW Data    ZI Data      Debug   Object Name

       152          6          0         28          0       3932   74hc165.o
       136          6          0         28          0       1994   74hc595.o
       772          4        160         44          0       5662   at24cxx.o
      5140       2628         71          0          0       3877   commands.o
       200         22          0          8          0       1739   delay.o
       948        104          0         40          0       2910   dido.o
       540        176          0          0          0     232125   main.o
      1116        106          0         80          0       4316   mcu_exit.o
       256          8          0        896          0       5289   mcu_gpio.o
      1246          0          0         12          0       4499   mcu_softi2c.o
       220         22          0          0          0      12645   misc.o
        64         26        304          0       1536        848   startup_stm32f10x_hd.o
       284         10          0          0          0       4787   stm32f10x_exti.o
       860         38          0          0          0      14453   stm32f10x_gpio.o
        24          0          0          0          0       1078   stm32f10x_it.o
       940         44          0         20          0      18048   stm32f10x_rcc.o
      1032         22          0          0          0      14860   stm32f10x_usart.o
       212          8          0          0          0       1855   sys.o
       488         46          0         20          0       1707   system_stm32f10x.o
       320         16          0          6        200       3150   usart.o
      1580        208          0         36          0       5138   user_cmd_fun.o

    ----------------------------------------------------------------------
     16532       3500        568       1220       1736     344912   Object Totals
         0          0         32          0          0          0   (incl. Generated)
         2          0          1          2          0          0   (incl. Padding)

    ----------------------------------------------------------------------

      Code (inc. data)   RO Data    RW Data    ZI Data      Debug   Library Member Name

        24          4          0          0          0         84   __2printf.o
        90          0          0          0          0          0   __dczerorl2.o
         8          0          0          0          0         68   __main.o
       392          4         17          0          0         92   __printf_flags_ss_wp.o
        14          0          0          0          0         68   __printf_wp.o
         0          0          0          0          0          0   __rtentry.o
        12          0          0          0          0          0   __rtentry2.o
         6          0          0          0          0          0   __rtentry4.o
        52          8          0          0          0          0   __scatter.o
        28          0          0          0          0          0   __scatter_zi.o
        28          0          0          0          0         68   _chval.o
         6          0          0          0          0          0   _printf_a.o
         6          0          0          0          0          0   _printf_c.o
        44          0          0          0          0        108   _printf_char.o
        48          6          0          0          0         96   _printf_char_common.o
        36          4          0          0          0         80   _printf_char_file.o
        40          0          0          0          0         68   _printf_charcount.o
         6          0          0          0          0          0   _printf_d.o
       120         16          0          0          0         92   _printf_dec.o
         6          0          0          0          0          0   _printf_e.o
         6          0          0          0          0          0   _printf_f.o
      1050          0          0          0          0        216   _printf_fp_dec.o
       128         16          0          0          0         84   _printf_fp_infnan.o
         6          0          0          0          0          0   _printf_g.o
       148          4         40          0          0        160   _printf_hex_int_ll_ptr.o
         6          0          0          0          0          0   _printf_i.o
       178          0          0          0          0         88   _printf_intcommon.o
        10          0          0          0          0          0   _printf_l.o
         6          0          0          0          0          0   _printf_lc.o
        10          0          0          0          0          0   _printf_ll.o
         6          0          0          0          0          0   _printf_lld.o
         6          0          0          0          0          0   _printf_lli.o
         6          0          0          0          0          0   _printf_llo.o
         6          0          0          0          0          0   _printf_llu.o
         6          0          0          0          0          0   _printf_llx.o
       124         16          0          0          0         92   _printf_longlong_dec.o
         6          0          0          0          0          0   _printf_ls.o
         6          0          0          0          0          0   _printf_n.o
         6          0          0          0          0          0   _printf_o.o
       112         10          0          0          0        124   _printf_oct_int_ll.o
         6          0          0          0          0          0   _printf_p.o
        78          0          0          0          0        108   _printf_pad.o
         0          0          0          0          0          0   _printf_percent.o
         4          0          0          0          0          0   _printf_percent_end.o
         6          0          0          0          0          0   _printf_s.o
        82          0          0          0          0         80   _printf_str.o
        36          0          0          0          0         84   _printf_truncate.o
         6          0          0          0          0          0   _printf_u.o
        44          0          0          0          0        108   _printf_wchar.o
       188          6          8          0          0         92   _printf_wctomb.o
         6          0          0          0          0          0   _printf_x.o
        22          0          0          0          0        100   _rserrno.o
        64          0          0          0          0         84   _sgetc.o
       158          0          0          0          0         92   _strtoul.o
        64          0          0          0          0         92   _wcrtomb.o
       220          4        148          0          0         96   bigflt0.o
      2074        132          0          0          0        940   btod.o
        24          4          0          0          0         84   c89printf.o
        18          0          0          0          0         80   exit.o
         8          0          0          0          0         68   ferror.o
         6          0          0          0          0        152   heapauxi.o
        18          0          0          0          0         76   isspace.o
        44         10        272          0          0         76   lc_ctype_c.o
        44         10         28          0          0         76   lc_numeric_c.o
         2          0          0          0          0          0   libinit.o
        30          0          0          0          0          0   libinit2.o
         2          0          0          0          0          0   libshutdown.o
         2          0          0          0          0          0   libshutdown2.o
         8          4          0          0         96         68   libspace.o
        38          0          0          0          0         68   llshl.o
       138          0          0          0          0         80   lludiv10.o
        16          4          0          0          0         76   rt_ctype_table.o
         8          4          0          0          0         68   rt_errno_addr_intlibspace.o
         8          4          0          0          0         68   rt_locale_intlibspace.o
       100          0          0          0          0         80   rt_memcpy_w.o
         2          0          0          0          0          0   rtexit.o
        10          0          0          0          0          0   rtexit2.o
      1188         12          0          0          0        148   scanf_fp.o
       800         14          0          0          0        100   scanf_hexfp.o
       308         16          0          0          0        100   scanf_infnan.o
       128          0          0          0          0         68   strcmpv7m.o
        62          0          0          0          0         76   strlen.o
       150          0          0          0          0         80   strncmp.o
       164         14          0          0          0        120   strtod.o
       112          0          0          0          0         88   strtol.o
        74          0          0          0          0         80   sys_stackheap_outer.o
         2          0          0          0          0         68   use_no_semi.o
         2          0          0          0          0         68   use_no_semi_2.o
        98          4          0          0          0         92   d2f.o
        16          4          0          0          0         68   dcheck1.o
        24          0          0          0          0         68   dcmpi.o
       120          4          0          0          0         92   deqf.o
       120          4          0          0          0         92   dleqf.o
       156          4          0          0          0         92   dnaninf.o
       108          0          0          0          0         80   drleqf.o
         0          0          8          0          0          0   fpconst.o
        10          0          0          0          0         68   fretinf.o
         4          0          0          0          0         68   printf1.o
       100          0          0          0          0         68   retnan.o
        92          0          0          0          0         68   scalbn.o
         4          0          0          0          0         68   scanf1.o
         8          0          0          0          0         84   scanf2.o
        48          0          0          0          0         68   trapv.o
         0          0          0          0          0          0   usenofp.o
        30          6          0          0          0        136   dunder.o
        40          0          0          0          0         68   fpclassify.o
        88          8          0          0          0         76   frexp.o
       138          0          0          0          0        160   ldexp.o
       152          4          0          0          0        168   narrow.o
        28          0          0          0          0         80   strtod.o

    ----------------------------------------------------------------------
     10780        366        524          0        100       7344   Library Totals
        24          2          3          0          4          0   (incl. Padding)

    ----------------------------------------------------------------------

      Code (inc. data)   RO Data    RW Data    ZI Data      Debug   Library Name

      9372        326        513          0         96       5580   c_w.l
       908         20          8          0          0       1076   fz_ws.l
       476         18          0          0          0        688   m_ws.l

    ----------------------------------------------------------------------
     10780        366        524          0        100       7344   Library Totals

    ----------------------------------------------------------------------

==============================================================================


      Code (inc. data)   RO Data    RW Data    ZI Data      Debug   

     27312       3866       1092       1220       1836     346376   Grand Totals
     27312       3866       1092        672       1836     346376   ELF Image Totals (compressed)
     27312       3866       1092        672          0          0   ROM Totals

==============================================================================

    Total RO  Size (Code + RO Data)                28404 (  27.74kB)
    Total RW  Size (RW Data + ZI Data)              3056 (   2.98kB)
    Total ROM Size (Code + RO Data + RW Data)      29076 (  28.39kB)

==============================================================================

