Component: ARM Compiler 5.06 update 5 (build 528) Tool: armlink [4d35e2]

==============================================================================

Section Cross References

    startup_stm32f030x6.o(RESET) refers to startup_stm32f030x6.o(STACK) for __initial_sp
    startup_stm32f030x6.o(RESET) refers to startup_stm32f030x6.o(.text) for Reset_Handler
    startup_stm32f030x6.o(RESET) refers to stm32f0xx_it.o(i.NMI_Handler) for NMI_Handler
    startup_stm32f030x6.o(RESET) refers to stm32f0xx_it.o(i.HardFault_Handler) for HardFault_Handler
    startup_stm32f030x6.o(RESET) refers to port.o(i.SVC_Handler) for SVC_Handler
    startup_stm32f030x6.o(RESET) refers to port.o(.emb_text) for PendSV_Handler
    startup_stm32f030x6.o(RESET) refers to stm32f0xx_it.o(i.SysTick_Handler) for SysTick_Handler
    startup_stm32f030x6.o(RESET) refers to stm32f0xx_it.o(i.TIM1_BRK_UP_TRG_COM_IRQHandler) for TIM1_BRK_UP_TRG_COM_IRQHandler
    startup_stm32f030x6.o(RESET) refers to stm32f0xx_it.o(i.USART1_IRQHandler) for USART1_IRQHandler
    startup_stm32f030x6.o(.text) refers to system_stm32f0xx.o(i.SystemInit) for SystemInit
    startup_stm32f030x6.o(.text) refers to entry.o(.ARM.Collect$$$$00000000) for __main
    delay.o(i.delay_ms) refers to stm32f0xx_hal.o(i.HAL_Delay) for HAL_Delay
    delay.o(i.delay_ms) refers to printf8.o(i.__0printf$8) for __2printf
    delay.o(i.delay_us) refers to printf8.o(i.__0printf$8) for __2printf
    usmart.o(i.usmart_cmd_rec) refers to usmart_str.o(i.usmart_get_fname) for usmart_get_fname
    usmart.o(i.usmart_cmd_rec) refers to usmart_str.o(i.usmart_strcmp) for usmart_strcmp
    usmart.o(i.usmart_cmd_rec) refers to usmart_str.o(i.usmart_get_fparam) for usmart_get_fparam
    usmart.o(i.usmart_cmd_rec) refers to usmart_config.o(.data) for usmart_dev
    usmart.o(i.usmart_exe) refers to usmart_str.o(i.usmart_get_fname) for usmart_get_fname
    usmart.o(i.usmart_exe) refers to printf8.o(i.__0printf$8) for __2printf
    usmart.o(i.usmart_exe) refers to usmart_str.o(i.usmart_get_parmpos) for usmart_get_parmpos
    usmart.o(i.usmart_exe) refers to usmart.o(i.__ARM_common_switch8) for __ARM_common_switch8
    usmart.o(i.usmart_exe) refers to uidiv.o(.text) for __aeabi_uidivmod
    usmart.o(i.usmart_exe) refers to usmart_config.o(.data) for usmart_dev
    usmart.o(i.usmart_init) refers to usmart_config.o(.data) for usmart_dev
    usmart.o(i.usmart_scan) refers to usmart.o(i.usmart_sys_cmd_exe) for usmart_sys_cmd_exe
    usmart.o(i.usmart_scan) refers to printf8.o(i.__0printf$8) for __2printf
    usmart.o(i.usmart_scan) refers to usart_1.o(.data) for USART_RX_STA
    usmart.o(i.usmart_scan) refers to usart_1.o(.bss) for USART_RX_BUF
    usmart.o(i.usmart_scan) refers to usmart_config.o(.data) for usmart_dev
    usmart.o(i.usmart_sys_cmd_exe) refers to usmart_str.o(i.usmart_get_cmdname) for usmart_get_cmdname
    usmart.o(i.usmart_sys_cmd_exe) refers to usmart_str.o(i.usmart_strcmp) for usmart_strcmp
    usmart.o(i.usmart_sys_cmd_exe) refers to usmart.o(i.__ARM_common_switch8) for __ARM_common_switch8
    usmart.o(i.usmart_sys_cmd_exe) refers to printf8.o(i.__0printf$8) for __2printf
    usmart.o(i.usmart_sys_cmd_exe) refers to usmart_str.o(i.usmart_get_fname) for usmart_get_fname
    usmart.o(i.usmart_sys_cmd_exe) refers to usmart_str.o(i.usmart_get_aparm) for usmart_get_aparm
    usmart.o(i.usmart_sys_cmd_exe) refers to usmart_str.o(i.usmart_str2num) for usmart_str2num
    usmart.o(i.usmart_sys_cmd_exe) refers to usmart.o(.data) for .data
    usmart.o(i.usmart_sys_cmd_exe) refers to usmart_config.o(.data) for usmart_dev
    usmart.o(.data) refers to usmart.o(.conststring) for .conststring
    usmart_config.o(.data) refers to delay.o(i.delay_ms) for delay_ms
    usmart_config.o(.data) refers to usmart_config.o(.conststring) for .conststring
    usmart_config.o(.data) refers to delay.o(i.delay_us) for delay_us
    usmart_config.o(.data) refers to pcm1.o(i.relay_close) for relay_close
    usmart_config.o(.data) refers to pcm1.o(i.relay_open) for relay_open
    usmart_config.o(.data) refers to usmart_config.o(.data) for usmart_nametab
    usmart_config.o(.data) refers to usmart.o(i.usmart_init) for usmart_init
    usmart_config.o(.data) refers to usmart.o(i.usmart_cmd_rec) for usmart_cmd_rec
    usmart_config.o(.data) refers to usmart.o(i.usmart_exe) for usmart_exe
    usmart_config.o(.data) refers to usmart.o(i.usmart_scan) for usmart_scan
    usmart_str.o(i.usmart_get_fname) refers to usmart_str.o(i.usmart_strcmp) for usmart_strcmp
    usmart_str.o(i.usmart_get_fname) refers to usmart_str.o(i.usmart_search_nextc) for usmart_search_nextc
    usmart_str.o(i.usmart_get_fparam) refers to usmart_str.o(i.usmart_get_aparm) for usmart_get_aparm
    usmart_str.o(i.usmart_get_fparam) refers to usmart_str.o(i.usmart_str2num) for usmart_str2num
    usmart_str.o(i.usmart_get_fparam) refers to usmart_str.o(i.usmart_get_parmpos) for usmart_get_parmpos
[...]
    Removing system_stm32f0xx.o(.rev16_text), (4 bytes).
    Removing system_stm32f0xx.o(.revsh_text), (4 bytes).
    Removing system_stm32f0xx.o(i.SystemCoreClockUpdate), (108 bytes).
    Removing heap_4.o(.rev16_text), (4 bytes).
    Removing heap_4.o(.revsh_text), (4 bytes).
    Removing heap_4.o(i.vPortInitialiseBlocks), (2 bytes).
    Removing heap_4.o(i.xPortGetFreeHeapSize), (12 bytes).
    Removing heap_4.o(i.xPortGetMinimumEverFreeHeapSize), (12 bytes).
    Removing port.o(.rev16_text), (4 bytes).
    Removing port.o(.revsh_text), (4 bytes).
    Removing port.o(i.vPortEndScheduler), (24 bytes).
    Removing croutine.o(.rev16_text), (4 bytes).
    Removing croutine.o(.revsh_text), (4 bytes).
    Removing event_groups.o(.rev16_text), (4 bytes).
    Removing event_groups.o(.revsh_text), (4 bytes).
    Removing event_groups.o(i.prvTestWaitCondition), (22 bytes).
    Removing event_groups.o(i.vEventGroupClearBitsCallback), (8 bytes).
    Removing event_groups.o(i.vEventGroupDelete), (54 bytes).
    Removing event_groups.o(i.vEventGroupSetBitsCallback), (8 bytes).
    Removing event_groups.o(i.xEventGroupClearBits), (40 bytes).
    Removing event_groups.o(i.xEventGroupCreate), (26 bytes).
    Removing event_groups.o(i.xEventGroupGetBitsFromISR), (18 bytes).
    Removing event_groups.o(i.xEventGroupSetBits), (116 bytes).
    Removing event_groups.o(i.xEventGroupSync), (164 bytes).
    Removing event_groups.o(i.xEventGroupWaitBits), (204 bytes).
    Removing list.o(.rev16_text), (4 bytes).
    Removing list.o(.revsh_text), (4 bytes).
    Removing queue.o(.rev16_text), (4 bytes).
    Removing queue.o(.revsh_text), (4 bytes).
    Removing queue.o(i.pcQueueGetName), (40 bytes).
    Removing queue.o(i.prvCopyDataFromQueue), (38 bytes).
    Removing queue.o(i.prvCopyDataToQueue), (112 bytes).
    Removing queue.o(i.prvIsQueueEmpty), (28 bytes).
    Removing queue.o(i.prvUnlockQueue), (112 bytes).
    Removing queue.o(i.uxQueueMessagesWaiting), (24 bytes).
    Removing queue.o(i.uxQueueMessagesWaitingFromISR), (12 bytes).
    Removing queue.o(i.uxQueueSpacesAvailable), (28 bytes).
    Removing queue.o(i.vQueueAddToRegistry), (36 bytes).
    Removing queue.o(i.vQueueDelete), (22 bytes).
    Removing queue.o(i.vQueueUnregisterQueue), (40 bytes).
    Removing queue.o(i.xQueueCreateMutex), (36 bytes).
    Removing queue.o(i.xQueueGenericCreate), (62 bytes).
    Removing queue.o(i.xQueueGenericReceive), (312 bytes).
    Removing queue.o(i.xQueueGenericReset), (108 bytes).
    Removing queue.o(i.xQueueGenericSend), (280 bytes).
    Removing queue.o(i.xQueueGenericSendFromISR), (140 bytes).
    Removing queue.o(i.xQueueGiveFromISR), (116 bytes).
    Removing queue.o(i.xQueueIsQueueEmptyFromISR), (22 bytes).
    Removing queue.o(i.xQueueIsQueueFullFromISR), (24 bytes).
    Removing queue.o(i.xQueuePeekFromISR), (76 bytes).
    Removing queue.o(i.xQueueReceiveFromISR), (120 bytes).
    Removing queue.o(.bss), (64 bytes).
    Removing tasks.o(.rev16_text), (4 bytes).
    Removing tasks.o(.revsh_text), (4 bytes).
    Removing tasks.o(i.pcTaskGetName), (24 bytes).
    Removing tasks.o(i.prvTaskIsTaskSuspended), (44 bytes).
    Removing tasks.o(i.pvTaskIncrementMutexHeldCount), (24 bytes).
    Removing tasks.o(i.ulTaskNotifyTake), (96 bytes).
    Removing tasks.o(i.uxTaskGetNumberOfTasks), (12 bytes).
    Removing tasks.o(i.uxTaskPriorityGet), (32 bytes).
    Removing tasks.o(i.uxTaskPriorityGetFromISR), (32 bytes).
    Removing tasks.o(i.uxTaskResetEventItemValue), (24 bytes).
    Removing tasks.o(i.vTaskDelete), (120 bytes).
    Removing tasks.o(i.vTaskEndScheduler), (20 bytes).
    Removing tasks.o(i.vTaskMissedYield), (12 bytes).
    Removing tasks.o(i.vTaskNotifyGiveFromISR), (140 bytes).
    Removing tasks.o(i.vTaskPlaceOnEventList), (36 bytes).
    Removing tasks.o(i.vTaskPlaceOnUnorderedEventList), (60 bytes).
    Removing tasks.o(i.vTaskPriorityInherit), (100 bytes).
    Removing tasks.o(i.vTaskPrioritySet), (148 bytes).
    Removing tasks.o(i.vTaskResume), (92 bytes).
    Removing tasks.o(i.vTaskSetTimeOutState), (24 bytes).
    Removing tasks.o(i.vTaskSuspend), (124 bytes).
    Removing tasks.o(i.xTaskCheckForTimeOut), (84 bytes).
    Removing tasks.o(i.xTaskGenericNotify), (164 bytes).
    Removing tasks.o(i.xTaskGenericNotifyFromISR), (196 bytes).
    Removing tasks.o(i.xTaskGetCurrentTaskHandle), (12 bytes).
    Removing tasks.o(i.xTaskGetTickCount), (12 bytes).
    Removing tasks.o(i.xTaskGetTickCountFromISR), (12 bytes).
    Removing tasks.o(i.xTaskNotifyStateClear), (48 bytes).
    Removing tasks.o(i.xTaskNotifyWait), (124 bytes).
    Removing tasks.o(i.xTaskPriorityDisinherit), (104 bytes).
    Removing tasks.o(i.xTaskRemoveFromEventList), (100 bytes).
    Removing tasks.o(i.xTaskRemoveFromUnorderedEventList), (96 bytes).
    Removing tasks.o(i.xTaskResumeFromISR), (108 bytes).
    Removing timers.o(.rev16_text), (4 bytes).
    Removing timers.o(.revsh_text), (4 bytes).
    Removing cmsis_os.o(.rev16_text), (4 bytes).
    Removing cmsis_os.o(.revsh_text), (4 bytes).
    Removing cmsis_os.o(i.inHandlerMode), (12 bytes).
    Removing cmsis_os.o(i.makeCmsisPriority), (14 bytes).
    Removing cmsis_os.o(i.osAbortDelay), (4 bytes).
    Removing cmsis_os.o(i.osDelayUntil), (4 bytes).
    Removing cmsis_os.o(i.osKernelRunning), (18 bytes).
    Removing cmsis_os.o(i.osKernelSysTick), (22 bytes).
    Removing cmsis_os.o(i.osMailAlloc), (14 bytes).
    Removing cmsis_os.o(i.osMailCAlloc), (32 bytes).
    Removing cmsis_os.o(i.osMailCreate), (92 bytes).
    Removing cmsis_os.o(i.osMailFree), (18 bytes).
    Removing cmsis_os.o(i.osMailGet), (140 bytes).
    Removing cmsis_os.o(i.osMailPut), (88 bytes).
    Removing cmsis_os.o(i.osMessageAvailableSpace), (8 bytes).
    Removing cmsis_os.o(i.osMessageCreate), (12 bytes).
    Removing cmsis_os.o(i.osMessageDelete), (26 bytes).
    Removing cmsis_os.o(i.osMessageGet), (144 bytes).
    Removing cmsis_os.o(i.osMessagePeek), (78 bytes).
    Removing cmsis_os.o(i.osMessagePut), (88 bytes).
    Removing cmsis_os.o(i.osMessageWaiting), (26 bytes).
    Removing cmsis_os.o(i.osMutexCreate), (10 bytes).
    Removing cmsis_os.o(i.osMutexDelete), (26 bytes).
    Removing cmsis_os.o(i.osMutexRelease), (76 bytes).
    Removing cmsis_os.o(i.osMutexWait), (104 bytes).
    Removing cmsis_os.o(i.osPoolAlloc), (100 bytes).
    Removing cmsis_os.o(i.osPoolCAlloc), (20 bytes).
    Removing cmsis_os.o(i.osPoolCreate), (94 bytes).
    Removing cmsis_os.o(i.osPoolFree), (48 bytes).
    Removing cmsis_os.o(i.osRecursiveMutexCreate), (4 bytes).
    Removing cmsis_os.o(i.osRecursiveMutexRelease), (4 bytes).
    Removing cmsis_os.o(i.osRecursiveMutexWait), (4 bytes).
    Removing cmsis_os.o(i.osSemaphoreCreate), (38 bytes).
    Removing cmsis_os.o(i.osSemaphoreDelete), (26 bytes).
    Removing cmsis_os.o(i.osSemaphoreGetCount), (8 bytes).
    Removing cmsis_os.o(i.osSemaphoreRelease), (76 bytes).
    Removing cmsis_os.o(i.osSemaphoreWait), (104 bytes).
    Removing cmsis_os.o(i.osSignalSet), (88 bytes).
    Removing cmsis_os.o(i.osSignalWait), (90 bytes).
    Removing cmsis_os.o(i.osThreadGetId), (8 bytes).
    Removing cmsis_os.o(i.osThreadGetPriority), (30 bytes).
    Removing cmsis_os.o(i.osThreadList), (4 bytes).
    Removing cmsis_os.o(i.osThreadResume), (44 bytes).
    Removing cmsis_os.o(i.osThreadResumeAll), (18 bytes).
    Removing cmsis_os.o(i.osThreadSetPriority), (22 bytes).
    Removing cmsis_os.o(i.osThreadSuspend), (10 bytes).
    Removing cmsis_os.o(i.osThreadSuspendAll), (10 bytes).
    Removing cmsis_os.o(i.osThreadTerminate), (10 bytes).
    Removing cmsis_os.o(i.osThreadYield), (10 bytes).
    Removing cmsis_os.o(i.osTimerCreate), (4 bytes).
    Removing cmsis_os.o(i.osTimerDelete), (4 bytes).
    Removing cmsis_os.o(i.osTimerStart), (4 bytes).
    Removing cmsis_os.o(i.osTimerStop), (4 bytes).
    Removing pcm1.o(.rev16_text), (4 bytes).
    Removing pcm1.o(.revsh_text), (4 bytes).
    Removing dadd.o(.text), (356 bytes).
    Removing dmul.o(.text), (208 bytes).
    Removing ddiv.o(.text), (240 bytes).
    Removing dfixul.o(.text), (64 bytes).
    Removing cdrcmple.o(.text), (40 bytes).
    Removing depilogue.o(.text), (190 bytes).
    Removing depilogue.o(i.__ARM_clz), (46 bytes).

548 unused section(s) (total 34800 bytes) removed from the image.

==============================================================================

Image Symbol Table

    Local Symbols

    Symbol Name                              Value     Ov Type        Size  Object(Section)

    ..//Src/system_stm32f0xx.c               0x00000000   Number         0  system_stm32f0xx.o ABSOLUTE
    ../Drivers/STM32F0xx_HAL_Driver/Src/stm32f0xx_hal.c 0x00000000   Number         0  stm32f0xx_hal.o ABSOLUTE
    ../Drivers/STM32F0xx_HAL_Driver/Src/stm32f0xx_hal_cortex.c 0x00000000   Number         0  stm32f0xx_hal_cortex.o ABSOLUTE
    ../Drivers/STM32F0xx_HAL_Driver/Src/stm32f0xx_hal_dma.c 0x00000000   Number         0  stm32f0xx_hal_dma.o ABSOLUTE
    ../Drivers/STM32F0xx_HAL_Driver/Src/stm32f0xx_hal_flash.c 0x00000000   Number         0  stm32f0xx_hal_flash.o ABSOLUTE
    ../Drivers/STM32F0xx_HAL_Driver/Src/stm32f0xx_hal_flash_ex.c 0x00000000   Number         0  stm32f0xx_hal_flash_ex.o ABSOLUTE
    ../Drivers/STM32F0xx_HAL_Driver/Src/stm32f0xx_hal_gpio.c 0x00000000   Number         0  stm32f0xx_hal_gpio.o ABSOLUTE
    ../Drivers/STM32F0xx_HAL_Driver/Src/stm32f0xx_hal_i2c.c 0x00000000   Number         0  stm32f0xx_hal_i2c.o ABSOLUTE
    ../Drivers/STM32F0xx_HAL_Driver/Src/stm32f0xx_hal_i2c_ex.c 0x00000000   Number         0  stm32f0xx_hal_i2c_ex.o ABSOLUTE
    ../Drivers/STM32F0xx_HAL_Driver/Src/stm32f0xx_hal_pwr.c 0x00000000   Number         0  stm32f0xx_hal_pwr.o ABSOLUTE
    ../Drivers/STM32F0xx_HAL_Driver/Src/stm32f0xx_hal_pwr_ex.c 0x00000000   Number         0  stm32f0xx_hal_pwr_ex.o ABSOLUTE
    ../Drivers/STM32F0xx_HAL_Driver/Src/stm32f0xx_hal_rcc.c 0x00000000   Number         0  stm32f0xx_hal_rcc.o ABSOLUTE
    ../Drivers/STM32F0xx_HAL_Driver/Src/stm32f0xx_hal_rcc_ex.c 0x00000000   Number         0  stm32f0xx_hal_rcc_ex.o ABSOLUTE
    ../Drivers/STM32F0xx_HAL_Driver/Src/stm32f0xx_hal_tim.c 0x00000000   Number         0  stm32f0xx_hal_tim.o ABSOLUTE
    ../Drivers/STM32F0xx_HAL_Driver/Src/stm32f0xx_hal_tim_ex.c 0x00000000   Number         0  stm32f0xx_hal_tim_ex.o ABSOLUTE
    ../Drivers/STM32F0xx_HAL_Driver/Src/stm32f0xx_hal_uart.c 0x00000000   Number         0  stm32f0xx_hal_uart.o ABSOLUTE
    ../Drivers/STM32F0xx_HAL_Driver/Src/stm32f0xx_hal_uart_ex.c 0x00000000   Number         0  stm32f0xx_hal_uart_ex.o ABSOLUTE
    ../Middlewares/Third_Party/FreeRTOS/Source/CMSIS_RTOS/cmsis_os.c 0x00000000   Number         0  cmsis_os.o ABSOLUTE
    ../Middlewares/Third_Party/FreeRTOS/Source/croutine.c 0x00000000   Number         0  croutine.o ABSOLUTE
    ../Middlewares/Third_Party/FreeRTOS/Source/event_groups.c 0x00000000   Number         0  event_groups.o ABSOLUTE
    ../Middlewares/Third_Party/FreeRTOS/Source/list.c 0x00000000   Number         0  list.o ABSOLUTE
    ../Middlewares/Third_Party/FreeRTOS/Source/portable/MemMang/heap_4.c 0x00000000   Number         0  heap_4.o ABSOLUTE
    ../Middlewares/Third_Party/FreeRTOS/Source/portable/RVDS/ARM_CM0/port.c 0x00000000   Number         0  port.o ABSOLUTE
    ../Middlewares/Third_Party/FreeRTOS/Source/queue.c 0x00000000   Number         0  queue.o ABSOLUTE
    ../Middlewares/Third_Party/FreeRTOS/Source/tasks.c 0x00000000   Number         0  tasks.o ABSOLUTE
    ../Middlewares/Third_Party/FreeRTOS/Source/timers.c 0x00000000   Number         0  timers.o ABSOLUTE
    ../Src/freertos.c                        0x00000000   Number         0  freertos.o ABSOLUTE
    ../Src/gpio.c                            0x00000000   Number         0  gpio.o ABSOLUTE
    ../Src/main.c                            0x00000000   Number         0  main.o ABSOLUTE
    ../Src/stm32f0xx_hal_msp.c               0x00000000   Number         0  stm32f0xx_hal_msp.o ABSOLUTE
    ../Src/stm32f0xx_hal_timebase_TIM.c      0x00000000   Number         0  stm32f0xx_hal_timebase_tim.o ABSOLUTE
    ../Src/stm32f0xx_it.c                    0x00000000   Number         0  stm32f0xx_it.o ABSOLUTE
    ../Src/usart.c                           0x00000000   Number         0  usart_1.o ABSOLUTE
    ../clib/../cmprslib/zerorunl2.c          0x00000000   Number         0  __dczerorl2.o ABSOLUTE
    ../clib/microlib/division.c              0x00000000   Number         0  uldiv.o ABSOLUTE
    ../clib/microlib/division.c              0x00000000   Number         0  uidiv.o ABSOLUTE
    ../clib/microlib/init/entry.s            0x00000000   Number         0  entry11b.o ABSOLUTE
    ../clib/microlib/init/entry.s            0x00000000   Number         0  entry11a.o ABSOLUTE
    ../clib/microlib/init/entry.s            0x00000000   Number         0  entry2.o ABSOLUTE
    ../clib/microlib/init/entry.s            0x00000000   Number         0  entry.o ABSOLUTE
    ../clib/microlib/init/entry.s            0x00000000   Number         0  entry10b.o ABSOLUTE
    ../clib/microlib/init/entry.s            0x00000000   Number         0  entry10a.o ABSOLUTE
    ../clib/microlib/init/entry.s            0x00000000   Number         0  entry9b.o ABSOLUTE
    ../clib/microlib/init/entry.s            0x00000000   Number         0  entry9a.o ABSOLUTE
    ../clib/microlib/init/entry.s            0x00000000   Number         0  entry8a.o ABSOLUTE
    ../clib/microlib/init/entry.s            0x00000000   Number         0  entry7b.o ABSOLUTE
    ../clib/microlib/init/entry.s            0x00000000   Number         0  entry7a.o ABSOLUTE
    ../clib/microlib/init/entry.s            0x00000000   Number         0  entry5.o ABSOLUTE
    ../clib/microlib/init/entry.s            0x00000000   Number         0  entry8b.o ABSOLUTE
    ../clib/microlib/longlong.c              0x00000000   Number         0  llushr.o ABSOLUTE
    ../clib/microlib/longlong.c              0x00000000   Number         0  llshl.o ABSOLUTE
    ../clib/microlib/longlong.c              0x00000000   Number         0  llsshr.o ABSOLUTE
    ../clib/microlib/printf/printf.c         0x00000000   Number         0  printf8.o ABSOLUTE
    ../clib/microlib/printf/printf.c         0x00000000   Number         0  printf7.o ABSOLUTE
    ../clib/microlib/printf/printf.c         0x00000000   Number         0  printf5.o ABSOLUTE
    ../clib/microlib/printf/printf.c         0x00000000   Number         0  printf4.o ABSOLUTE
    ../clib/microlib/printf/printf.c         0x00000000   Number         0  printf6.o ABSOLUTE
    ../clib/microlib/printf/printf.c         0x00000000   Number         0  printfa.o ABSOLUTE
    ../clib/microlib/printf/printf.c         0x00000000   Number         0  printf3.o ABSOLUTE
    ../clib/microlib/printf/printf.c         0x00000000   Number         0  printf2.o ABSOLUTE
    ../clib/microlib/printf/printf.c         0x00000000   Number         0  printf1.o ABSOLUTE
    ../clib/microlib/printf/printf.c         0x00000000   Number         0  printf0.o ABSOLUTE
    ../clib/microlib/printf/printf.c         0x00000000   Number         0  printfb.o ABSOLUTE
    ../clib/microlib/printf/stubs.s          0x00000000   Number         0  stubs.o ABSOLUTE
    ../clib/microlib/stdio/streams.c         0x00000000   Number         0  stdout.o ABSOLUTE
    ../clib/microlib/string/memcpy.c         0x00000000   Number         0  memcpya.o ABSOLUTE
    ../clib/microlib/string/memcpy.c         0x00000000   Number         0  memcpyb.o ABSOLUTE
    ../clib/microlib/string/memset.c         0x00000000   Number         0  memseta.o ABSOLUTE
    ../clib/microlib/stubs.s                 0x00000000   Number         0  iusefp.o ABSOLUTE
    ../fplib/microlib/fpadd.c                0x00000000   Number         0  dadd.o ABSOLUTE
    ../fplib/microlib/fpdiv.c                0x00000000   Number         0  ddiv.o ABSOLUTE
    ../fplib/microlib/fpepilogue.c           0x00000000   Number         0  depilogue.o ABSOLUTE
    ../fplib/microlib/fpfix.c                0x00000000   Number         0  dfixul.o ABSOLUTE
    ../fplib/microlib/fpmul.c                0x00000000   Number         0  dmul.o ABSOLUTE
    ..\..\..\USMART\delay.c                  0x00000000   Number         0  delay.o ABSOLUTE
    ..\..\..\USMART\usmart.c                 0x00000000   Number         0  usmart.o ABSOLUTE
    ..\..\..\USMART\usmart_config.c          0x00000000   Number         0  usmart_config.o ABSOLUTE
    ..\..\..\USMART\usmart_str.c             0x00000000   Number         0  usmart_str.o ABSOLUTE
    ..\Drivers\STM32F0xx_HAL_Driver\Src\stm32f0xx_hal.c 0x00000000   Number         0  stm32f0xx_hal.o ABSOLUTE
    ..\Drivers\STM32F0xx_HAL_Driver\Src\stm32f0xx_hal_cortex.c 0x00000000   Number         0  stm32f0xx_hal_cortex.o ABSOLUTE
    ..\Drivers\STM32F0xx_HAL_Driver\Src\stm32f0xx_hal_dma.c 0x00000000   Number         0  stm32f0xx_hal_dma.o ABSOLUTE
    ..\Drivers\STM32F0xx_HAL_Driver\Src\stm32f0xx_hal_flash.c 0x00000000   Number         0  stm32f0xx_hal_flash.o ABSOLUTE
    ..\Drivers\STM32F0xx_HAL_Driver\Src\stm32f0xx_hal_flash_ex.c 0x00000000   Number         0  stm32f0xx_hal_flash_ex.o ABSOLUTE
    ..\Drivers\STM32F0xx_HAL_Driver\Src\stm32f0xx_hal_gpio.c 0x00000000   Number         0  stm32f0xx_hal_gpio.o ABSOLUTE
    ..\Drivers\STM32F0xx_HAL_Driver\Src\stm32f0xx_hal_i2c.c 0x00000000   Number         0  stm32f0xx_hal_i2c.o ABSOLUTE
    ..\Drivers\STM32F0xx_HAL_Driver\Src\stm32f0xx_hal_i2c_ex.c 0x00000000   Number         0  stm32f0xx_hal_i2c_ex.o ABSOLUTE
    ..\Drivers\STM32F0xx_HAL_Driver\Src\stm32f0xx_hal_pwr.c 0x00000000   Number         0  stm32f0xx_hal_pwr.o ABSOLUTE
    ..\Drivers\STM32F0xx_HAL_Driver\Src\stm32f0xx_hal_pwr_ex.c 0x00000000   Number         0  stm32f0xx_hal_pwr_ex.o ABSOLUTE
    ..\Drivers\STM32F0xx_HAL_Driver\Src\stm32f0xx_hal_rcc.c 0x00000000   Number         0  stm32f0xx_hal_rcc.o ABSOLUTE
    ..\Drivers\STM32F0xx_HAL_Driver\Src\stm32f0xx_hal_rcc_ex.c 0x00000000   Number         0  stm32f0xx_hal_rcc_ex.o ABSOLUTE
    ..\Drivers\STM32F0xx_HAL_Driver\Src\stm32f0xx_hal_tim.c 0x00000000   Number         0  stm32f0xx_hal_tim.o ABSOLUTE
    ..\Drivers\STM32F0xx_HAL_Driver\Src\stm32f0xx_hal_tim_ex.c 0x00000000   Number         0  stm32f0xx_hal_tim_ex.o ABSOLUTE
    ..\Drivers\STM32F0xx_HAL_Driver\Src\stm32f0xx_hal_uart.c 0x00000000   Number         0  stm32f0xx_hal_uart.o ABSOLUTE
    ..\Drivers\STM32F0xx_HAL_Driver\Src\stm32f0xx_hal_uart_ex.c 0x00000000   Number         0  stm32f0xx_hal_uart_ex.o ABSOLUTE
    ..\Middlewares\Third_Party\FreeRTOS\Source\CMSIS_RTOS\cmsis_os.c 0x00000000   Number         0  cmsis_os.o ABSOLUTE
    ..\Middlewares\Third_Party\FreeRTOS\Source\croutine.c 0x00000000   Number         0  croutine.o ABSOLUTE
    ..\Middlewares\Third_Party\FreeRTOS\Source\event_groups.c 0x00000000   Number         0  event_groups.o ABSOLUTE
    ..\Middlewares\Third_Party\FreeRTOS\Source\list.c 0x00000000   Number         0  list.o ABSOLUTE
    ..\Middlewares\Third_Party\FreeRTOS\Source\portable\MemMang\heap_4.c 0x00000000   Number         0  heap_4.o ABSOLUTE
    ..\Middlewares\Third_Party\FreeRTOS\Source\portable\RVDS\ARM_CM0\port.c 0x00000000   Number         0  port.o ABSOLUTE
    ..\Middlewares\Third_Party\FreeRTOS\Source\queue.c 0x00000000   Number         0  queue.o ABSOLUTE
    ..\Middlewares\Third_Party\FreeRTOS\Source\tasks.c 0x00000000   Number         0  tasks.o ABSOLUTE
    ..\Middlewares\Third_Party\FreeRTOS\Source\timers.c 0x00000000   Number         0  timers.o ABSOLUTE
    ..\Src\freertos.c                        0x00000000   Number         0  freertos.o ABSOLUTE
    ..\Src\gpio.c                            0x00000000   Number         0  gpio.o ABSOLUTE
    ..\Src\main.c                            0x00000000   Number         0  main.o ABSOLUTE
    ..\Src\stm32f0xx_hal_msp.c               0x00000000   Number         0  stm32f0xx_hal_msp.o ABSOLUTE
    ..\Src\stm32f0xx_hal_timebase_TIM.c      0x00000000   Number         0  stm32f0xx_hal_timebase_tim.o ABSOLUTE
    ..\Src\stm32f0xx_it.c                    0x00000000   Number         0  stm32f0xx_it.o ABSOLUTE
    ..\Src\usart.c                           0x00000000   Number         0  usart_1.o ABSOLUTE
    ..\\..\\..\\USMART\\delay.c              0x00000000   Number         0  delay.o ABSOLUTE
    ..\\..\\..\\USMART\\usmart.c             0x00000000   Number         0  usmart.o ABSOLUTE
    ..\\..\\..\\USMART\\usmart_config.c      0x00000000   Number         0  usmart_config.o ABSOLUTE
    ..\\..\\..\\USMART\\usmart_str.c         0x00000000   Number         0  usmart_str.o ABSOLUTE
    ..\\Src\system_stm32f0xx.c               0x00000000   Number         0  system_stm32f0xx.o ABSOLUTE
    cdrcmple.s                               0x00000000   Number         0  cdrcmple.o ABSOLUTE
    dc.s                                     0x00000000   Number         0  dc.o ABSOLUTE
    handlers.s                               0x00000000   Number         0  handlers.o ABSOLUTE
    init.s                                   0x00000000   Number         0  init.o ABSOLUTE
    pcm1.c                                   0x00000000   Number         0  pcm1.o ABSOLUTE
    pcm1.c                                   0x00000000   Number         0  pcm1.o ABSOLUTE
    startup_stm32f030x6.s                    0x00000000   Number         0  startup_stm32f030x6.o ABSOLUTE
    RESET                                    0x08000000   Section      176  startup_stm32f030x6.o(RESET)
    .ARM.Collect$$$$00000000                 0x080000b0   Section        0  entry.o(.ARM.Collect$$$$00000000)
    .ARM.Collect$$$$00000001                 0x080000b0   Section        4  entry2.o(.ARM.Collect$$$$00000001)
    .ARM.Collect$$$$00000004                 0x080000b4   Section        4  entry5.o(.ARM.Collect$$$$00000004)
    .ARM.Collect$$$$00000008                 0x080000b8   Section        0  entry7b.o(.ARM.Collect$$$$00000008)
    .ARM.Collect$$$$0000000A                 0x080000b8   Section        0  entry8b.o(.ARM.Collect$$$$0000000A)
    .ARM.Collect$$$$0000000B                 0x080000b8   Section        8  entry9a.o(.ARM.Collect$$$$0000000B)
    .ARM.Collect$$$$0000000D                 0x080000c0   Section        0  entry10a.o(.ARM.Collect$$$$0000000D)
    .ARM.Collect$$$$0000000F                 0x080000c0   Section        0  entry11a.o(.ARM.Collect$$$$0000000F)
    .ARM.Collect$$$$00002712                 0x080000c0   Section        4  entry2.o(.ARM.Collect$$$$00002712)
    __lit__00000000                          0x080000c0   Data           4  entry2.o(.ARM.Collect$$$$00002712)
    .emb_text                                0x080000c4   Section      120  port.o(.emb_text)
    .text                                    0x0800013c   Section       28  startup_stm32f030x6.o(.text)
    .text                                    0x08000158   Section        0  uidiv.o(.text)
    .text                                    0x08000184   Section        0  llushr.o(.text)
    .text                                    0x080001a6   Section        0  memcpya.o(.text)
    .text                                    0x080001ca   Section        0  uldiv.o(.text)
    .text                                    0x0800022c   Section       36  init.o(.text)
    .text                                    0x08000250   Section        0  llshl.o(.text)
    .text                                    0x08000270   Section        0  __dczerorl2.o(.text)
    i.HAL_DMA_Abort_IT                       0x080002c6   Section        0  stm32f0xx_hal_dma.o(i.HAL_DMA_Abort_IT)
    i.HAL_Delay                              0x0800030e   Section        0  stm32f0xx_hal.o(i.HAL_Delay)
    i.HAL_GPIO_Init                          0x0800032c   Section        0  stm32f0xx_hal_gpio.o(i.HAL_GPIO_Init)
    i.HAL_GPIO_WritePin                      0x08000474   Section        0  stm32f0xx_hal_gpio.o(i.HAL_GPIO_WritePin)
    i.HAL_GetTick                            0x08000480   Section        0  stm32f0xx_hal.o(i.HAL_GetTick)
    i.HAL_IncTick                            0x0800048c   Section        0  stm32f0xx_hal.o(i.HAL_IncTick)
    i.HAL_Init                               0x0800049c   Section        0  stm32f0xx_hal.o(i.HAL_Init)
    i.HAL_InitTick                           0x080004bc   Section        0  stm32f0xx_hal_timebase_tim.o(i.HAL_InitTick)
    i.HAL_MspInit                            0x08000534   Section        0  stm32f0xx_hal_msp.o(i.HAL_MspInit)
    i.HAL_NVIC_EnableIRQ                     0x08000578   Section        0  stm32f0xx_hal_cortex.o(i.HAL_NVIC_EnableIRQ)
    i.HAL_NVIC_SetPriority                   0x0800058c   Section        0  stm32f0xx_hal_cortex.o(i.HAL_NVIC_SetPriority)
    i.HAL_RCCEx_PeriphCLKConfig              0x08000594   Section        0  stm32f0xx_hal_rcc_ex.o(i.HAL_RCCEx_PeriphCLKConfig)
    i.HAL_RCC_ClockConfig                    0x0800067c   Section        0  stm32f0xx_hal_rcc.o(i.HAL_RCC_ClockConfig)
    i.HAL_RCC_GetClockConfig                 0x080007a8   Section        0  stm32f0xx_hal_rcc.o(i.HAL_RCC_GetClockConfig)
    i.HAL_RCC_GetHCLKFreq                    0x080007e0   Section        0  stm32f0xx_hal_rcc.o(i.HAL_RCC_GetHCLKFreq)
    i.HAL_RCC_GetPCLK1Freq                   0x080007ec   Section        0  stm32f0xx_hal_rcc.o(i.HAL_RCC_GetPCLK1Freq)
    i.HAL_RCC_GetSysClockFreq                0x0800080c   Section        0  stm32f0xx_hal_rcc.o(i.HAL_RCC_GetSysClockFreq)
    i.HAL_RCC_OscConfig                      0x08000884   Section        0  stm32f0xx_hal_rcc.o(i.HAL_RCC_OscConfig)
    i.HAL_SYSTICK_CLKSourceConfig            0x08000bd8   Section        0  stm32f0xx_hal_cortex.o(i.HAL_SYSTICK_CLKSourceConfig)
    i.HAL_SYSTICK_Config                     0x08000bf0   Section        0  stm32f0xx_hal_cortex.o(i.HAL_SYSTICK_Config)
    i.HAL_TIMEx_BreakCallback                0x08000c20   Section        0  stm32f0xx_hal_tim_ex.o(i.HAL_TIMEx_BreakCallback)
    i.HAL_TIMEx_CommutationCallback          0x08000c22   Section        0  stm32f0xx_hal_tim_ex.o(i.HAL_TIMEx_CommutationCallback)
    i.HAL_TIM_Base_Init                      0x08000c24   Section        0  stm32f0xx_hal_tim.o(i.HAL_TIM_Base_Init)
    i.HAL_TIM_Base_MspInit                   0x08000c58   Section        0  stm32f0xx_hal_tim.o(i.HAL_TIM_Base_MspInit)
    i.HAL_TIM_Base_Start_IT                  0x08000c5a   Section        0  stm32f0xx_hal_tim.o(i.HAL_TIM_Base_Start_IT)
    i.HAL_TIM_IC_CaptureCallback             0x08000c70   Section        0  stm32f0xx_hal_tim.o(i.HAL_TIM_IC_CaptureCallback)
    i.HAL_TIM_IRQHandler                     0x08000c72   Section        0  stm32f0xx_hal_tim.o(i.HAL_TIM_IRQHandler)
    i.HAL_TIM_OC_DelayElapsedCallback        0x08000dd4   Section        0  stm32f0xx_hal_tim.o(i.HAL_TIM_OC_DelayElapsedCallback)
    i.HAL_TIM_PWM_PulseFinishedCallback      0x08000dd6   Section        0  stm32f0xx_hal_tim.o(i.HAL_TIM_PWM_PulseFinishedCallback)
    i.HAL_TIM_PeriodElapsedCallback          0x08000dd8   Section        0  main.o(i.HAL_TIM_PeriodElapsedCallback)
    i.HAL_TIM_TriggerCallback                0x08000dec   Section        0  stm32f0xx_hal_tim.o(i.HAL_TIM_TriggerCallback)
    i.HAL_UART_ErrorCallback                 0x08000dee   Section        0  stm32f0xx_hal_uart.o(i.HAL_UART_ErrorCallback)
    i.HAL_UART_GetState                      0x08000df0   Section        0  stm32f0xx_hal_uart.o(i.HAL_UART_GetState)
    i.HAL_UART_IRQHandler                    0x08000dfc   Section        0  stm32f0xx_hal_uart.o(i.HAL_UART_IRQHandler)
    i.HAL_UART_Init                          0x08000f10   Section        0  stm32f0xx_hal_uart.o(i.HAL_UART_Init)
    i.HAL_UART_MspInit                       0x08000f7c   Section        0  usart_1.o(i.HAL_UART_MspInit)
    i.HAL_UART_Receive_IT                    0x08000fd4   Section        0  stm32f0xx_hal_uart.o(i.HAL_UART_Receive_IT)
    i.HAL_UART_RxCpltCallback                0x0800105c   Section        0  usart_1.o(i.HAL_UART_RxCpltCallback)
    i.HAL_UART_Transmit                      0x080010b8   Section        0  stm32f0xx_hal_uart.o(i.HAL_UART_Transmit)
    i.HAL_UART_TxCpltCallback                0x08001180   Section        0  stm32f0xx_hal_uart.o(i.HAL_UART_TxCpltCallback)
    i.HardFault_Handler                      0x08001182   Section        0  stm32f0xx_it.o(i.HardFault_Handler)
    i.MX_FREERTOS_Init                       0x08001184   Section        0  freertos.o(i.MX_FREERTOS_Init)
    i.MX_GPIO_Init                           0x080011c0   Section        0  gpio.o(i.MX_GPIO_Init)
    i.MX_USART1_UART_Init                    0x08001244   Section        0  usart_1.o(i.MX_USART1_UART_Init)
    i.NMI_Handler                            0x08001290   Section        0  stm32f0xx_it.o(i.NMI_Handler)
    i.NVIC_SetPriority                       0x08001294   Section        0  stm32f0xx_hal_cortex.o(i.NVIC_SetPriority)
    NVIC_SetPriority                         0x08001295   Thumb Code    60  stm32f0xx_hal_cortex.o(i.NVIC_SetPriority)
    i.SVC_Handler                            0x080012d8   Section        0  port.o(i.SVC_Handler)
    i.StartDefaultTask                       0x080012da   Section        0  freertos.o(i.StartDefaultTask)
    i.SysTick_Handler                        0x080012f2   Section        0  stm32f0xx_it.o(i.SysTick_Handler)
    i.SystemClock_Config                     0x080012fa   Section        0  main.o(i.SystemClock_Config)
    i.SystemInit                             0x08001370   Section        0  system_stm32f0xx.o(i.SystemInit)
    i.TIM1_BRK_UP_TRG_COM_IRQHandler         0x080013cc   Section        0  stm32f0xx_it.o(i.TIM1_BRK_UP_TRG_COM_IRQHandler)
    i.TIM_Base_SetConfig                     0x080013dc   Section        0  stm32f0xx_hal_tim.o(i.TIM_Base_SetConfig)
    i.UART_AdvFeatureConfig                  0x08001454   Section        0  stm32f0xx_hal_uart.o(i.UART_AdvFeatureConfig)
    i.UART_CheckIdleState                    0x0800151e   Section        0  stm32f0xx_hal_uart.o(i.UART_CheckIdleState)
    i.UART_DMAAbortOnError                   0x08001530   Section        0  stm32f0xx_hal_uart.o(i.UART_DMAAbortOnError)
    UART_DMAAbortOnError                     0x08001531   Thumb Code    20  stm32f0xx_hal_uart.o(i.UART_DMAAbortOnError)
    i.UART_EndRxTransfer                     0x08001544   Section        0  stm32f0xx_hal_uart.o(i.UART_EndRxTransfer)
    UART_EndRxTransfer                       0x08001545   Thumb Code    30  stm32f0xx_hal_uart.o(i.UART_EndRxTransfer)
    i.UART_EndTransmit_IT                    0x08001562   Section        0  stm32f0xx_hal_uart.o(i.UART_EndTransmit_IT)
    i.UART_Receive_IT                        0x0800157c   Section        0  stm32f0xx_hal_uart.o(i.UART_Receive_IT)
    i.UART_SetConfig                         0x080015f8   Section        0  stm32f0xx_hal_uart.o(i.UART_SetConfig)
    i.UART_Transmit_IT                       0x0800170c   Section        0  stm32f0xx_hal_uart.o(i.UART_Transmit_IT)
    i.UART_WaitOnFlagUntilTimeout            0x08001772   Section        0  stm32f0xx_hal_uart.o(i.UART_WaitOnFlagUntilTimeout)
    i.USART1_IRQHandler                      0x080017d4   Section        0  stm32f0xx_it.o(i.USART1_IRQHandler)
    i.USART1_UserFun                         0x080017e8   Section        0  usart_1.o(i.USART1_UserFun)
    i._Error_Handler                         0x0800180c   Section        0  main.o(i._Error_Handler)
    i.__0printf$8                            0x08001810   Section        0  printf8.o(i.__0printf$8)
    i.__ARM_common_switch8                   0x08001830   Section        0  usmart.o(i.__ARM_common_switch8)
    i.__scatterload_copy                     0x0800184a   Section       14  handlers.o(i.__scatterload_copy)
    i.__scatterload_null                     0x08001858   Section        2  handlers.o(i.__scatterload_null)
    i.__scatterload_zeroinit                 0x0800185a   Section       14  handlers.o(i.__scatterload_zeroinit)
    i._printf_core                           0x08001868   Section        0  printf8.o(i._printf_core)
    _printf_core                             0x08001869   Thumb Code  1020  printf8.o(i._printf_core)
    i._printf_post_padding                   0x08001c90   Section        0  printf8.o(i._printf_post_padding)
    _printf_post_padding                     0x08001c91   Thumb Code    32  printf8.o(i._printf_post_padding)
    i._printf_pre_padding                    0x08001cb0   Section        0  printf8.o(i._printf_pre_padding)
    _printf_pre_padding                      0x08001cb1   Thumb Code    44  printf8.o(i._printf_pre_padding)
    i.delay_ms                               0x08001cdc   Section        0  delay.o(i.delay_ms)
    i.delay_us                               0x08001cf4   Section        0  delay.o(i.delay_us)
    i.fputc                                  0x08001d30   Section        0  usart_1.o(i.fputc)
    i.main                                   0x08001d4c   Section        0  main.o(i.main)
    i.makeFreeRtosPriority                   0x08001da4   Section        0  cmsis_os.o(i.makeFreeRtosPriority)
    makeFreeRtosPriority                     0x08001da5   Thumb Code    12  cmsis_os.o(i.makeFreeRtosPriority)
    i.osDelay                                0x08001db0   Section        0  cmsis_os.o(i.osDelay)
    i.osKernelStart                          0x08001dc0   Section        0  cmsis_os.o(i.osKernelStart)
    i.osSystickHandler                       0x08001dca   Section        0  cmsis_os.o(i.osSystickHandler)
    i.osThreadCreate                         0x08001dda   Section        0  cmsis_os.o(i.osThreadCreate)
    i.prvAddCurrentTaskToDelayedList         0x08001e08   Section        0  tasks.o(i.prvAddCurrentTaskToDelayedList)
    prvAddCurrentTaskToDelayedList           0x08001e09   Thumb Code    78  tasks.o(i.prvAddCurrentTaskToDelayedList)
    i.prvAddNewTaskToReadyList               0x08001e60   Section        0  tasks.o(i.prvAddNewTaskToReadyList)
    prvAddNewTaskToReadyList                 0x08001e61   Thumb Code   176  tasks.o(i.prvAddNewTaskToReadyList)
    i.prvCheckTasksWaitingTermination        0x08001f18   Section        0  tasks.o(i.prvCheckTasksWaitingTermination)
    prvCheckTasksWaitingTermination          0x08001f19   Thumb Code    72  tasks.o(i.prvCheckTasksWaitingTermination)
    i.prvDeleteTCB                           0x08001f68   Section        0  tasks.o(i.prvDeleteTCB)
    prvDeleteTCB                             0x08001f69   Thumb Code    18  tasks.o(i.prvDeleteTCB)
    i.prvHeapInit                            0x08001f7c   Section        0  heap_4.o(i.prvHeapInit)
    prvHeapInit                              0x08001f7d   Thumb Code    60  heap_4.o(i.prvHeapInit)
    i.prvIdleTask                            0x08001fc0   Section        0  tasks.o(i.prvIdleTask)
    prvIdleTask                              0x08001fc1   Thumb Code    18  tasks.o(i.prvIdleTask)
    i.prvInitialiseNewTask                   0x08001fd8   Section        0  tasks.o(i.prvInitialiseNewTask)
    prvInitialiseNewTask                     0x08001fd9   Thumb Code   124  tasks.o(i.prvInitialiseNewTask)
    i.prvInsertBlockIntoFreeList             0x08002054   Section        0  heap_4.o(i.prvInsertBlockIntoFreeList)
    prvInsertBlockIntoFreeList               0x08002055   Thumb Code    72  heap_4.o(i.prvInsertBlockIntoFreeList)
    i.prvResetNextTaskUnblockTime            0x080020a0   Section        0  tasks.o(i.prvResetNextTaskUnblockTime)
    prvResetNextTaskUnblockTime              0x080020a1   Thumb Code    28  tasks.o(i.prvResetNextTaskUnblockTime)
    i.prvTaskExitError                       0x080020c0   Section        0  port.o(i.prvTaskExitError)
    prvTaskExitError                         0x080020c1   Thumb Code    14  port.o(i.prvTaskExitError)
    i.pvPortMalloc                           0x080020d4   Section        0  heap_4.o(i.pvPortMalloc)
    i.pxPortInitialiseStack                  0x08002184   Section        0  port.o(i.pxPortInitialiseStack)
    i.relay_close                            0x080021a4   Section        0  pcm1.o(i.relay_close)
    i.relay_open                             0x080021d8   Section        0  pcm1.o(i.relay_open)
    i.usart_scan                             0x0800220c   Section        0  freertos.o(i.usart_scan)
    i.usmart_cmd_rec                         0x08002220   Section        0  usmart.o(i.usmart_cmd_rec)
    i.usmart_exe                             0x080022b0   Section        0  usmart.o(i.usmart_exe)
    i.usmart_get_aparm                       0x08002498   Section        0  usmart_str.o(i.usmart_get_aparm)
    i.usmart_get_cmdname                     0x0800254a   Section        0  usmart_str.o(i.usmart_get_cmdname)
    i.usmart_get_fname                       0x08002578   Section        0  usmart_str.o(i.usmart_get_fname)
    i.usmart_get_fparam                      0x08002700   Section        0  usmart_str.o(i.usmart_get_fparam)
    i.usmart_get_parmpos                     0x080027d0   Section        0  usmart_str.o(i.usmart_get_parmpos)
    i.usmart_init                            0x080027f4   Section        0  usmart.o(i.usmart_init)
    i.usmart_pow                             0x08002800   Section        0  usmart_str.o(i.usmart_pow)
    i.usmart_scan                            0x08002814   Section        0  usmart.o(i.usmart_scan)
    i.usmart_search_nextc                    0x080028b4   Section        0  usmart_str.o(i.usmart_search_nextc)
    i.usmart_str2num                         0x080028c4   Section        0  usmart_str.o(i.usmart_str2num)
    i.usmart_strcmp                          0x0800299e   Section        0  usmart_str.o(i.usmart_strcmp)
    i.usmart_strcopy                         0x080029b8   Section        0  usmart_str.o(i.usmart_strcopy)
    i.usmart_strlen                          0x080029ca   Section        0  usmart_str.o(i.usmart_strlen)
    i.usmart_sys_cmd_exe                     0x080029e0   Section        0  usmart.o(i.usmart_sys_cmd_exe)
    i.uxListRemove                           0x08002d24   Section        0  list.o(i.uxListRemove)
    i.vListInitialise                        0x08002d48   Section        0  list.o(i.vListInitialise)
    i.vListInitialiseItem                    0x08002d5e   Section        0  list.o(i.vListInitialiseItem)
    i.vListInsert                            0x08002d64   Section        0  list.o(i.vListInsert)
    i.vListInsertEnd                         0x08002d94   Section        0  list.o(i.vListInsertEnd)
    i.vPortEnterCritical                     0x08002dac   Section        0  port.o(i.vPortEnterCritical)
    i.vPortExitCritical                      0x08002dc4   Section        0  port.o(i.vPortExitCritical)
    i.vPortFree                              0x08002de0   Section        0  heap_4.o(i.vPortFree)
    i.vPortSetupTimerInterrupt               0x08002e24   Section        0  port.o(i.vPortSetupTimerInterrupt)
    i.vPortYield                             0x08002e48   Section        0  port.o(i.vPortYield)
    i.vTaskDelay                             0x08002e60   Section        0  tasks.o(i.vTaskDelay)
    i.vTaskStartScheduler                    0x08002e90   Section        0  tasks.o(i.vTaskStartScheduler)
    i.vTaskSuspendAll                        0x08002edc   Section        0  tasks.o(i.vTaskSuspendAll)
    i.vTaskSwitchContext                     0x08002eec   Section        0  tasks.o(i.vTaskSwitchContext)
    i.xPortStartScheduler                    0x08002f44   Section        0  port.o(i.xPortStartScheduler)
    i.xPortSysTickHandler                    0x08002f74   Section        0  port.o(i.xPortSysTickHandler)
    i.xTaskCreate                            0x08002f98   Section        0  tasks.o(i.xTaskCreate)
    i.xTaskGetSchedulerState                 0x08002fe8   Section        0  tasks.o(i.xTaskGetSchedulerState)
    i.xTaskIncrementTick                     0x08003008   Section        0  tasks.o(i.xTaskIncrementTick)
    i.xTaskResumeAll                         0x080030c4   Section        0  tasks.o(i.xTaskResumeAll)
    .constdata                               0x08003170   Section       40  freertos.o(.constdata)
    .constdata                               0x08003198   Section       16  system_stm32f0xx.o(.constdata)
    .constdata                               0x080031a8   Section        8  system_stm32f0xx.o(.constdata)
    .conststring                             0x080031b0   Section       40  usmart.o(.conststring)
    .conststring                             0x080031d8   Section      115  usmart_config.o(.conststring)
    .conststring                             0x0800324c   Section       24  freertos.o(.conststring)
    .data                                    0x20000000   Section       28  usmart.o(.data)
    .data                                    0x2000001c   Section       32  usmart_config.o(.data)
    .data                                    0x2000003c   Section      244  usmart_config.o(.data)
    .data                                    0x20000130   Section        8  freertos.o(.data)
    .data                                    0x20000138   Section        4  usart_1.o(.data)
    .data                                    0x2000013c   Section        4  stm32f0xx_hal.o(.data)
    .data                                    0x20000140   Section        4  system_stm32f0xx.o(.data)
    .data                                    0x20000144   Section       24  heap_4.o(.data)
    pxEnd                                    0x20000144   Data           4  heap_4.o(.data)
    xFreeBytesRemaining                      0x20000148   Data           4  heap_4.o(.data)
    xMinimumEverFreeBytesRemaining           0x2000014c   Data           4  heap_4.o(.data)
    xBlockAllocatedBit                       0x20000150   Data           4  heap_4.o(.data)
    xStart                                   0x20000154   Data           8  heap_4.o(.data)
    .data                                    0x2000015c   Section        4  port.o(.data)
    uxCriticalNesting                        0x2000015c   Data           4  port.o(.data)
    .data                                    0x20000160   Section       60  tasks.o(.data)
    uxDeletedTasksWaitingCleanUp             0x20000164   Data           4  tasks.o(.data)
    uxCurrentNumberOfTasks                   0x20000168   Data           4  tasks.o(.data)
    xTickCount                               0x2000016c   Data           4  tasks.o(.data)
    uxTopReadyPriority                       0x20000170   Data           4  tasks.o(.data)
    xSchedulerRunning                        0x20000174   Data           4  tasks.o(.data)
    uxPendedTicks                            0x20000178   Data           4  tasks.o(.data)
    xYieldPending                            0x2000017c   Data           4  tasks.o(.data)
    xNumOfOverflows                          0x20000180   Data           4  tasks.o(.data)
    uxTaskNumber                             0x20000184   Data           4  tasks.o(.data)
    xNextTaskUnblockTime                     0x20000188   Data           4  tasks.o(.data)
    xIdleTaskHandle                          0x2000018c   Data           4  tasks.o(.data)
    uxSchedulerSuspended                     0x20000190   Data           4  tasks.o(.data)
    pxDelayedTaskList                        0x20000194   Data           4  tasks.o(.data)
    pxOverflowDelayedTaskList                0x20000198   Data           4  tasks.o(.data)
    .data                                    0x2000019c   Section       60  pcm1.o(.data)
    .data                                    0x200001d8   Section        4  stdout.o(.data)
    .bss                                     0x200001dc   Section      212  usart_1.o(.bss)
    .bss                                     0x200002b0   Section       64  stm32f0xx_hal_timebase_tim.o(.bss)
    .bss                                     0x200002f0   Section     2048  heap_4.o(.bss)
    ucHeap                                   0x200002f0   Data        2048  heap_4.o(.bss)
    .bss                                     0x20000af0   Section      240  tasks.o(.bss)
    pxReadyTasksLists                        0x20000af0   Data         140  tasks.o(.bss)
    xDelayedTaskList1                        0x20000b7c   Data          20  tasks.o(.bss)
    xDelayedTaskList2                        0x20000b90   Data          20  tasks.o(.bss)
    xPendingReadyList                        0x20000ba4   Data          20  tasks.o(.bss)
    xTasksWaitingTermination                 0x20000bb8   Data          20  tasks.o(.bss)
    xSuspendedTaskList                       0x20000bcc   Data          20  tasks.o(.bss)
    STACK                                    0x20000be0   Section     1024  startup_stm32f030x6.o(STACK)

    Global Symbols

    Symbol Name                              Value     Ov Type        Size  Object(Section)

    BuildAttributes$$THM_ISAv3M$S$PE$A:L22$X:L11$S22$IEEE1$IW$USESV6$~STKCKD$USESV7$~SHL$OSPACE$ROPI$EBA8$MICROLIB$REQ8$PRES8$EABIv2 0x00000000   Number         0  anon$$obj.o ABSOLUTE
    __ARM_use_no_argv                        0x00000000   Number         0  main.o ABSOLUTE
    _printf_a                                0x00000000   Number         0  stubs.o ABSOLUTE
    _printf_c                                0x00000000   Number         0  stubs.o ABSOLUTE
    _printf_charcount                        0x00000000   Number         0  stubs.o ABSOLUTE
    _printf_d                                0x00000000   Number         0  stubs.o ABSOLUTE
    _printf_e                                0x00000000   Number         0  stubs.o ABSOLUTE
    _printf_f                                0x00000000   Number         0  stubs.o ABSOLUTE
    _printf_flags                            0x00000000   Number         0  stubs.o ABSOLUTE
    _printf_fp_dec                           0x00000000   Number         0  stubs.o ABSOLUTE
    _printf_fp_hex                           0x00000000   Number         0  stubs.o ABSOLUTE
    _printf_g                                0x00000000   Number         0  stubs.o ABSOLUTE
    _printf_i                                0x00000000   Number         0  stubs.o ABSOLUTE
    _printf_int_dec                          0x00000000   Number         0  stubs.o ABSOLUTE
    _printf_l                                0x00000000   Number         0  stubs.o ABSOLUTE
    _printf_lc                               0x00000000   Number         0  stubs.o ABSOLUTE
    _printf_ll                               0x00000000   Number         0  stubs.o ABSOLUTE
    _printf_lld                              0x00000000   Number         0  stubs.o ABSOLUTE
    _printf_lli                              0x00000000   Number         0  stubs.o ABSOLUTE
    _printf_llo                              0x00000000   Number         0  stubs.o ABSOLUTE
    _printf_llu                              0x00000000   Number         0  stubs.o ABSOLUTE
    _printf_llx                              0x00000000   Number         0  stubs.o ABSOLUTE
    _printf_longlong_dec                     0x00000000   Number         0  stubs.o ABSOLUTE
    _printf_longlong_hex                     0x00000000   Number         0  stubs.o ABSOLUTE
    _printf_longlong_oct                     0x00000000   Number         0  stubs.o ABSOLUTE
    _printf_ls                               0x00000000   Number         0  stubs.o ABSOLUTE
    _printf_mbtowc                           0x00000000   Number         0  stubs.o ABSOLUTE
    _printf_n                                0x00000000   Number         0  stubs.o ABSOLUTE
    _printf_o                                0x00000000   Number         0  stubs.o ABSOLUTE
    _printf_p                                0x00000000   Number         0  stubs.o ABSOLUTE
    _printf_percent                          0x00000000   Number         0  stubs.o ABSOLUTE
    _printf_pre_padding                      0x00000000   Number         0  stubs.o ABSOLUTE
    _printf_return_value                     0x00000000   Number         0  stubs.o ABSOLUTE
    _printf_s                                0x00000000   Number         0  stubs.o ABSOLUTE
    _printf_sizespec                         0x00000000   Number         0  stubs.o ABSOLUTE
    _printf_str                              0x00000000   Number         0  stubs.o ABSOLUTE
    _printf_truncate_signed                  0x00000000   Number         0  stubs.o ABSOLUTE
    _printf_truncate_unsigned                0x00000000   Number         0  stubs.o ABSOLUTE
    _printf_u                                0x00000000   Number         0  stubs.o ABSOLUTE
    _printf_wc                               0x00000000   Number         0  stubs.o ABSOLUTE
    _printf_wctomb                           0x00000000   Number         0  stubs.o ABSOLUTE
    _printf_widthprec                        0x00000000   Number         0  stubs.o ABSOLUTE
    _printf_x                                0x00000000   Number         0  stubs.o ABSOLUTE
    __cpp_initialize__aeabi_                  - Undefined Weak Reference
    __cxa_finalize                            - Undefined Weak Reference
    _clock_init                               - Undefined Weak Reference
    _microlib_exit                            - Undefined Weak Reference
    __Vectors_Size                           0x000000b0   Number         0  startup_stm32f030x6.o ABSOLUTE
    __Vectors                                0x08000000   Data           4  startup_stm32f030x6.o(RESET)
    __Vectors_End                            0x080000b0   Data           0  startup_stm32f030x6.o(RESET)
    __main                                   0x080000b1   Thumb Code     0  entry.o(.ARM.Collect$$$$00000000)
    _main_stk                                0x080000b1   Thumb Code     0  entry2.o(.ARM.Collect$$$$00000001)
    _main_scatterload                        0x080000b5   Thumb Code     0  entry5.o(.ARM.Collect$$$$00000004)
    __main_after_scatterload                 0x080000b9   Thumb Code     0  entry5.o(.ARM.Collect$$$$00000004)
    _main_clock                              0x080000b9   Thumb Code     0  entry7b.o(.ARM.Collect$$$$00000008)
    _main_cpp_init                           0x080000b9   Thumb Code     0  entry8b.o(.ARM.Collect$$$$0000000A)
    _main_init                               0x080000b9   Thumb Code     0  entry9a.o(.ARM.Collect$$$$0000000B)
    __rt_final_cpp                           0x080000c1   Thumb Code     0  entry10a.o(.ARM.Collect$$$$0000000D)
    __rt_final_exit                          0x080000c1   Thumb Code     0  entry11a.o(.ARM.Collect$$$$0000000F)
    __asm___6_port_c_39a90d8d__prvPortStartFirstTask 0x080000c5   Thumb Code    36  port.o(.emb_text)
    ulSetInterruptMaskFromISR                0x080000ed   Thumb Code     8  port.o(.emb_text)
    vClearInterruptMaskFromISR               0x080000f5   Thumb Code     6  port.o(.emb_text)
    PendSV_Handler                           0x080000fb   Thumb Code    62  port.o(.emb_text)
    Reset_Handler                            0x0800013d   Thumb Code     8  startup_stm32f030x6.o(.text)
    ADC1_IRQHandler                          0x0800014f   Thumb Code     0  startup_stm32f030x6.o(.text)
    DMA1_Channel1_IRQHandler                 0x0800014f   Thumb Code     0  startup_stm32f030x6.o(.text)
    DMA1_Channel2_3_IRQHandler               0x0800014f   Thumb Code     0  startup_stm32f030x6.o(.text)
    DMA1_Channel4_5_IRQHandler               0x0800014f   Thumb Code     0  startup_stm32f030x6.o(.text)
    EXTI0_1_IRQHandler                       0x0800014f   Thumb Code     0  startup_stm32f030x6.o(.text)
    EXTI2_3_IRQHandler                       0x0800014f   Thumb Code     0  startup_stm32f030x6.o(.text)
    EXTI4_15_IRQHandler                      0x0800014f   Thumb Code     0  startup_stm32f030x6.o(.text)
    FLASH_IRQHandler                         0x0800014f   Thumb Code     0  startup_stm32f030x6.o(.text)
    I2C1_IRQHandler                          0x0800014f   Thumb Code     0  startup_stm32f030x6.o(.text)
    RCC_IRQHandler                           0x0800014f   Thumb Code     0  startup_stm32f030x6.o(.text)
    RTC_IRQHandler                           0x0800014f   Thumb Code     0  startup_stm32f030x6.o(.text)
    SPI1_IRQHandler                          0x0800014f   Thumb Code     0  startup_stm32f030x6.o(.text)
    TIM14_IRQHandler                         0x0800014f   Thumb Code     0  startup_stm32f030x6.o(.text)
    TIM16_IRQHandler                         0x0800014f   Thumb Code     0  startup_stm32f030x6.o(.text)
    TIM17_IRQHandler                         0x0800014f   Thumb Code     0  startup_stm32f030x6.o(.text)
    TIM1_CC_IRQHandler                       0x0800014f   Thumb Code     0  startup_stm32f030x6.o(.text)
    TIM3_IRQHandler                          0x0800014f   Thumb Code     0  startup_stm32f030x6.o(.text)
    WWDG_IRQHandler                          0x0800014f   Thumb Code     0  startup_stm32f030x6.o(.text)
    __aeabi_uidiv                            0x08000159   Thumb Code     0  uidiv.o(.text)
    __aeabi_uidivmod                         0x08000159   Thumb Code    44  uidiv.o(.text)
    __aeabi_llsr                             0x08000185   Thumb Code    34  llushr.o(.text)
    _ll_ushift_r                             0x08000185   Thumb Code     0  llushr.o(.text)
    __aeabi_memcpy                           0x080001a7   Thumb Code    36  memcpya.o(.text)
    __aeabi_memcpy4                          0x080001a7   Thumb Code     0  memcpya.o(.text)
    __aeabi_memcpy8                          0x080001a7   Thumb Code     0  memcpya.o(.text)
    __aeabi_uldivmod                         0x080001cb   Thumb Code    96  uldiv.o(.text)
    __scatterload                            0x0800022d   Thumb Code    28  init.o(.text)
    __scatterload_rt2                        0x0800022d   Thumb Code     0  init.o(.text)
    __aeabi_llsl                             0x08000251   Thumb Code    32  llshl.o(.text)
    _ll_shift_l                              0x08000251   Thumb Code     0  llshl.o(.text)
    __decompress                             0x08000271   Thumb Code     0  __dczerorl2.o(.text)
    __decompress1                            0x08000271   Thumb Code    86  __dczerorl2.o(.text)
    HAL_DMA_Abort_IT                         0x080002c7   Thumb Code    72  stm32f0xx_hal_dma.o(i.HAL_DMA_Abort_IT)
    HAL_Delay                                0x0800030f   Thumb Code    28  stm32f0xx_hal.o(i.HAL_Delay)
    HAL_GPIO_Init                            0x0800032d   Thumb Code   302  stm32f0xx_hal_gpio.o(i.HAL_GPIO_Init)
    HAL_GPIO_WritePin                        0x08000475   Thumb Code    12  stm32f0xx_hal_gpio.o(i.HAL_GPIO_WritePin)
    HAL_GetTick                              0x08000481   Thumb Code     6  stm32f0xx_hal.o(i.HAL_GetTick)
    HAL_IncTick                              0x0800048d   Thumb Code    10  stm32f0xx_hal.o(i.HAL_IncTick)
    HAL_Init                                 0x0800049d   Thumb Code    26  stm32f0xx_hal.o(i.HAL_Init)
    HAL_InitTick                             0x080004bd   Thumb Code    98  stm32f0xx_hal_timebase_tim.o(i.HAL_InitTick)
    HAL_MspInit                              0x08000535   Thumb Code    64  stm32f0xx_hal_msp.o(i.HAL_MspInit)
    HAL_NVIC_EnableIRQ                       0x08000579   Thumb Code    14  stm32f0xx_hal_cortex.o(i.HAL_NVIC_EnableIRQ)
    HAL_NVIC_SetPriority                     0x0800058d   Thumb Code     8  stm32f0xx_hal_cortex.o(i.HAL_NVIC_SetPriority)
    HAL_RCCEx_PeriphCLKConfig                0x08000595   Thumb Code   218  stm32f0xx_hal_rcc_ex.o(i.HAL_RCCEx_PeriphCLKConfig)
    HAL_RCC_ClockConfig                      0x0800067d   Thumb Code   280  stm32f0xx_hal_rcc.o(i.HAL_RCC_ClockConfig)
    HAL_RCC_GetClockConfig                   0x080007a9   Thumb Code    46  stm32f0xx_hal_rcc.o(i.HAL_RCC_GetClockConfig)
    HAL_RCC_GetHCLKFreq                      0x080007e1   Thumb Code     6  stm32f0xx_hal_rcc.o(i.HAL_RCC_GetHCLKFreq)
    HAL_RCC_GetPCLK1Freq                     0x080007ed   Thumb Code    20  stm32f0xx_hal_rcc.o(i.HAL_RCC_GetPCLK1Freq)
    HAL_RCC_GetSysClockFreq                  0x0800080d   Thumb Code    76  stm32f0xx_hal_rcc.o(i.HAL_RCC_GetSysClockFreq)
    HAL_RCC_OscConfig                        0x08000885   Thumb Code   840  stm32f0xx_hal_rcc.o(i.HAL_RCC_OscConfig)
    HAL_SYSTICK_CLKSourceConfig              0x08000bd9   Thumb Code    20  stm32f0xx_hal_cortex.o(i.HAL_SYSTICK_CLKSourceConfig)
    HAL_SYSTICK_Config                       0x08000bf1   Thumb Code    38  stm32f0xx_hal_cortex.o(i.HAL_SYSTICK_Config)
    HAL_TIMEx_BreakCallback                  0x08000c21   Thumb Code     2  stm32f0xx_hal_tim_ex.o(i.HAL_TIMEx_BreakCallback)
    HAL_TIMEx_CommutationCallback            0x08000c23   Thumb Code     2  stm32f0xx_hal_tim_ex.o(i.HAL_TIMEx_CommutationCallback)
    HAL_TIM_Base_Init                        0x08000c25   Thumb Code    52  stm32f0xx_hal_tim.o(i.HAL_TIM_Base_Init)
    HAL_TIM_Base_MspInit                     0x08000c59   Thumb Code     2  stm32f0xx_hal_tim.o(i.HAL_TIM_Base_MspInit)
    HAL_TIM_Base_Start_IT                    0x08000c5b   Thumb Code    22  stm32f0xx_hal_tim.o(i.HAL_TIM_Base_Start_IT)
    HAL_TIM_IC_CaptureCallback               0x08000c71   Thumb Code     2  stm32f0xx_hal_tim.o(i.HAL_TIM_IC_CaptureCallback)
    HAL_TIM_IRQHandler                       0x08000c73   Thumb Code   354  stm32f0xx_hal_tim.o(i.HAL_TIM_IRQHandler)
    HAL_TIM_OC_DelayElapsedCallback          0x08000dd5   Thumb Code     2  stm32f0xx_hal_tim.o(i.HAL_TIM_OC_DelayElapsedCallback)
    HAL_TIM_PWM_PulseFinishedCallback        0x08000dd7   Thumb Code     2  stm32f0xx_hal_tim.o(i.HAL_TIM_PWM_PulseFinishedCallback)
    HAL_TIM_PeriodElapsedCallback            0x08000dd9   Thumb Code    16  main.o(i.HAL_TIM_PeriodElapsedCallback)
    HAL_TIM_TriggerCallback                  0x08000ded   Thumb Code     2  stm32f0xx_hal_tim.o(i.HAL_TIM_TriggerCallback)
    HAL_UART_ErrorCallback                   0x08000def   Thumb Code     2  stm32f0xx_hal_uart.o(i.HAL_UART_ErrorCallback)
    HAL_UART_GetState                        0x08000df1   Thumb Code    12  stm32f0xx_hal_uart.o(i.HAL_UART_GetState)
    HAL_UART_IRQHandler                      0x08000dfd   Thumb Code   272  stm32f0xx_hal_uart.o(i.HAL_UART_IRQHandler)
    HAL_UART_Init                            0x08000f11   Thumb Code   108  stm32f0xx_hal_uart.o(i.HAL_UART_Init)
    HAL_UART_MspInit                         0x08000f7d   Thumb Code    80  usart_1.o(i.HAL_UART_MspInit)
    HAL_UART_Receive_IT                      0x08000fd5   Thumb Code   132  stm32f0xx_hal_uart.o(i.HAL_UART_Receive_IT)
    HAL_UART_RxCpltCallback                  0x0800105d   Thumb Code    78  usart_1.o(i.HAL_UART_RxCpltCallback)
    HAL_UART_Transmit                        0x080010b9   Thumb Code   200  stm32f0xx_hal_uart.o(i.HAL_UART_Transmit)
    HAL_UART_TxCpltCallback                  0x08001181   Thumb Code     2  stm32f0xx_hal_uart.o(i.HAL_UART_TxCpltCallback)
    HardFault_Handler                        0x08001183   Thumb Code     2  stm32f0xx_it.o(i.HardFault_Handler)
    MX_FREERTOS_Init                         0x08001185   Thumb Code    52  freertos.o(i.MX_FREERTOS_Init)
    MX_GPIO_Init                             0x080011c1   Thumb Code   120  gpio.o(i.MX_GPIO_Init)
    MX_USART1_UART_Init                      0x08001245   Thumb Code    52  usart_1.o(i.MX_USART1_UART_Init)
    NMI_Handler                              0x08001291   Thumb Code     2  stm32f0xx_it.o(i.NMI_Handler)
    SVC_Handler                              0x080012d9   Thumb Code     2  port.o(i.SVC_Handler)
    StartDefaultTask                         0x080012db   Thumb Code    24  freertos.o(i.StartDefaultTask)
    SysTick_Handler                          0x080012f3   Thumb Code     8  stm32f0xx_it.o(i.SysTick_Handler)
    SystemClock_Config                       0x080012fb   Thumb Code   118  main.o(i.SystemClock_Config)
    SystemInit                               0x08001371   Thumb Code    78  system_stm32f0xx.o(i.SystemInit)
    TIM1_BRK_UP_TRG_COM_IRQHandler           0x080013cd   Thumb Code    10  stm32f0xx_it.o(i.TIM1_BRK_UP_TRG_COM_IRQHandler)
    TIM_Base_SetConfig                       0x080013dd   Thumb Code   100  stm32f0xx_hal_tim.o(i.TIM_Base_SetConfig)
    UART_AdvFeatureConfig                    0x08001455   Thumb Code   202  stm32f0xx_hal_uart.o(i.UART_AdvFeatureConfig)
    UART_CheckIdleState                      0x0800151f   Thumb Code    18  stm32f0xx_hal_uart.o(i.UART_CheckIdleState)
    UART_EndTransmit_IT                      0x08001563   Thumb Code    26  stm32f0xx_hal_uart.o(i.UART_EndTransmit_IT)
    UART_Receive_IT                          0x0800157d   Thumb Code   122  stm32f0xx_hal_uart.o(i.UART_Receive_IT)
    UART_SetConfig                           0x080015f9   Thumb Code   258  stm32f0xx_hal_uart.o(i.UART_SetConfig)
    UART_Transmit_IT                         0x0800170d   Thumb Code   102  stm32f0xx_hal_uart.o(i.UART_Transmit_IT)
    UART_WaitOnFlagUntilTimeout              0x08001773   Thumb Code    98  stm32f0xx_hal_uart.o(i.UART_WaitOnFlagUntilTimeout)
    USART1_IRQHandler                        0x080017d5   Thumb Code    14  stm32f0xx_it.o(i.USART1_IRQHandler)
    USART1_UserFun                           0x080017e9   Thumb Code    28  usart_1.o(i.USART1_UserFun)
    _Error_Handler                           0x0800180d   Thumb Code     2  main.o(i._Error_Handler)
    __0printf$8                              0x08001811   Thumb Code    24  printf8.o(i.__0printf$8)
    __1printf$8                              0x08001811   Thumb Code     0  printf8.o(i.__0printf$8)
    __2printf                                0x08001811   Thumb Code     0  printf8.o(i.__0printf$8)
    __ARM_common_switch8                     0x08001831   Thumb Code    26  usmart.o(i.__ARM_common_switch8)
    __scatterload_copy                       0x0800184b   Thumb Code    14  handlers.o(i.__scatterload_copy)
    __scatterload_null                       0x08001859   Thumb Code     2  handlers.o(i.__scatterload_null)
    __scatterload_zeroinit                   0x0800185b   Thumb Code    14  handlers.o(i.__scatterload_zeroinit)
    delay_ms                                 0x08001cdd   Thumb Code    14  delay.o(i.delay_ms)
    delay_us                                 0x08001cf5   Thumb Code    48  delay.o(i.delay_us)
    fputc                                    0x08001d31   Thumb Code    18  usart_1.o(i.fputc)
    main                                     0x08001d4d   Thumb Code    50  main.o(i.main)
    osDelay                                  0x08001db1   Thumb Code    16  cmsis_os.o(i.osDelay)
    osKernelStart                            0x08001dc1   Thumb Code    10  cmsis_os.o(i.osKernelStart)
    osSystickHandler                         0x08001dcb   Thumb Code    16  cmsis_os.o(i.osSystickHandler)
    osThreadCreate                           0x08001ddb   Thumb Code    46  cmsis_os.o(i.osThreadCreate)
    pvPortMalloc                             0x080020d5   Thumb Code   172  heap_4.o(i.pvPortMalloc)
    pxPortInitialiseStack                    0x08002185   Thumb Code    28  port.o(i.pxPortInitialiseStack)
    relay_close                              0x080021a5   Thumb Code    42  pcm1.o(i.relay_close)
    relay_open                               0x080021d9   Thumb Code    42  pcm1.o(i.relay_open)
    usart_scan                               0x0800220d   Thumb Code    14  freertos.o(i.usart_scan)
    usmart_cmd_rec                           0x08002221   Thumb Code   140  usmart.o(i.usmart_cmd_rec)
    usmart_exe                               0x080022b1   Thumb Code   412  usmart.o(i.usmart_exe)
    usmart_get_aparm                         0x08002499   Thumb Code   178  usmart_str.o(i.usmart_get_aparm)
    usmart_get_cmdname                       0x0800254b   Thumb Code    46  usmart_str.o(i.usmart_get_cmdname)
    usmart_get_fname                         0x08002579   Thumb Code   384  usmart_str.o(i.usmart_get_fname)
    usmart_get_fparam                        0x08002701   Thumb Code   202  usmart_str.o(i.usmart_get_fparam)
    usmart_get_parmpos                       0x080027d1   Thumb Code    30  usmart_str.o(i.usmart_get_parmpos)
    usmart_init                              0x080027f5   Thumb Code     8  usmart.o(i.usmart_init)
    usmart_pow                               0x08002801   Thumb Code    20  usmart_str.o(i.usmart_pow)
    usmart_scan                              0x08002815   Thumb Code    90  usmart.o(i.usmart_scan)
    usmart_search_nextc                      0x080028b5   Thumb Code    16  usmart_str.o(i.usmart_search_nextc)
    usmart_str2num                           0x080028c5   Thumb Code   218  usmart_str.o(i.usmart_str2num)
    usmart_strcmp                            0x0800299f   Thumb Code    26  usmart_str.o(i.usmart_strcmp)
    usmart_strcopy                           0x080029b9   Thumb Code    18  usmart_str.o(i.usmart_strcopy)
    usmart_strlen                            0x080029cb   Thumb Code    20  usmart_str.o(i.usmart_strlen)
    usmart_sys_cmd_exe                       0x080029e1   Thumb Code   398  usmart.o(i.usmart_sys_cmd_exe)
    uxListRemove                             0x08002d25   Thumb Code    36  list.o(i.uxListRemove)
    vListInitialise                          0x08002d49   Thumb Code    22  list.o(i.vListInitialise)
    vListInitialiseItem                      0x08002d5f   Thumb Code     6  list.o(i.vListInitialiseItem)
    vListInsert                              0x08002d65   Thumb Code    48  list.o(i.vListInsert)
    vListInsertEnd                           0x08002d95   Thumb Code    24  list.o(i.vListInsertEnd)
    vPortEnterCritical                       0x08002dad   Thumb Code    20  port.o(i.vPortEnterCritical)
    vPortExitCritical                        0x08002dc5   Thumb Code    22  port.o(i.vPortExitCritical)
    vPortFree                                0x08002de1   Thumb Code    62  heap_4.o(i.vPortFree)
    vPortSetupTimerInterrupt                 0x08002e25   Thumb Code    26  port.o(i.vPortSetupTimerInterrupt)
    vPortYield                               0x08002e49   Thumb Code    18  port.o(i.vPortYield)
    vTaskDelay                               0x08002e61   Thumb Code    44  tasks.o(i.vTaskDelay)
    vTaskStartScheduler                      0x08002e91   Thumb Code    58  tasks.o(i.vTaskStartScheduler)
    vTaskSuspendAll                          0x08002edd   Thumb Code    10  tasks.o(i.vTaskSuspendAll)
    vTaskSwitchContext                       0x08002eed   Thumb Code    78  tasks.o(i.vTaskSwitchContext)
    xPortStartScheduler                      0x08002f45   Thumb Code    40  port.o(i.xPortStartScheduler)
    xPortSysTickHandler                      0x08002f75   Thumb Code    32  port.o(i.xPortSysTickHandler)
    xTaskCreate                              0x08002f99   Thumb Code    78  tasks.o(i.xTaskCreate)
    xTaskGetSchedulerState                   0x08002fe9   Thumb Code    26  tasks.o(i.xTaskGetSchedulerState)
    xTaskIncrementTick                       0x08003009   Thumb Code   180  tasks.o(i.xTaskIncrementTick)
    xTaskResumeAll                           0x080030c5   Thumb Code   164  tasks.o(i.xTaskResumeAll)
    AHBPrescTable                            0x08003198   Data          16  system_stm32f0xx.o(.constdata)
    APBPrescTable                            0x080031a8   Data           8  system_stm32f0xx.o(.constdata)
    Region$$Table$$Base                      0x08003264   Number         0  anon$$obj.o(Region$$Table)
    Region$$Table$$Limit                     0x08003284   Number         0  anon$$obj.o(Region$$Table)
    sys_cmd_tab                              0x20000000   Data          28  usmart.o(.data)
    usmart_nametab                           0x2000001c   Data          32  usmart_config.o(.data)
    usmart_dev                               0x2000003c   Data         244  usmart_config.o(.data)
    defaultTaskHandle                        0x20000130   Data           4  freertos.o(.data)
    myTask01Handle                           0x20000134   Data           4  freertos.o(.data)
    aRxBuffer                                0x20000138   Data           1  usart_1.o(.data)
    USART_RX_STA                             0x2000013a   Data           2  usart_1.o(.data)
    uwTick                                   0x2000013c   Data           4  stm32f0xx_hal.o(.data)
    SystemCoreClock                          0x20000140   Data           4  system_stm32f0xx.o(.data)
    pxCurrentTCB                             0x20000160   Data           4  tasks.o(.data)
    RELAY_port                               0x2000019c   Data          40  pcm1.o(.data)
    RELAY_pin                                0x200001c4   Data          20  pcm1.o(.data)
    __stdout                                 0x200001d8   Data           4  stdout.o(.data)
    huart1                                   0x200001dc   Data         112  usart_1.o(.bss)
    USART_RX_BUF                             0x2000024c   Data         100  usart_1.o(.bss)
    htim1                                    0x200002b0   Data          64  stm32f0xx_hal_timebase_tim.o(.bss)
    __initial_sp                             0x20000fe0   Data           0  startup_stm32f030x6.o(STACK)



==============================================================================

Memory Map of the image

  Image Entry point : 0x080000b1

  Load Region LR_IROM1 (Base: 0x08000000, Size: 0x00003460, Max: 0x00004000, ABSOLUTE, COMPRESSED[0x000032f0])

    Execution Region ER_IROM1 (Exec base: 0x08000000, Load base: 0x08000000, Size: 0x00003284, Max: 0x00004000, ABSOLUTE)

    Exec Addr    Load Addr    Size         Type   Attr      Idx    E Section Name        Object

    0x08000000   0x08000000   0x000000b0   Data   RO            3    RESET               startup_stm32f030x6.o
    0x080000b0   0x080000b0   0x00000000   Code   RO         4277  * .ARM.Collect$$$$00000000  mc_p.l(entry.o)
    0x080000b0   0x080000b0   0x00000004   Code   RO         4551    .ARM.Collect$$$$00000001  mc_p.l(entry2.o)
    0x080000b4   0x080000b4   0x00000004   Code   RO         4554    .ARM.Collect$$$$00000004  mc_p.l(entry5.o)
    0x080000b8   0x080000b8   0x00000000   Code   RO         4556    .ARM.Collect$$$$00000008  mc_p.l(entry7b.o)
    0x080000b8   0x080000b8   0x00000000   Code   RO         4558    .ARM.Collect$$$$0000000A  mc_p.l(entry8b.o)
    0x080000b8   0x080000b8   0x00000008   Code   RO         4559    .ARM.Collect$$$$0000000B  mc_p.l(entry9a.o)
    0x080000c0   0x080000c0   0x00000000   Code   RO         4561    .ARM.Collect$$$$0000000D  mc_p.l(entry10a.o)
    0x080000c0   0x080000c0   0x00000000   Code   RO         4563    .ARM.Collect$$$$0000000F  mc_p.l(entry11a.o)
    0x080000c0   0x080000c0   0x00000004   Code   RO         4552    .ARM.Collect$$$$00002712  mc_p.l(entry2.o)
    0x080000c4   0x080000c4   0x00000078   Code   RO         3212    .emb_text           port.o
    0x0800013c   0x0800013c   0x0000001c   Code   RO            4    .text               startup_stm32f030x6.o
    0x08000158   0x08000158   0x0000002c   Code   RO         4280    .text               mc_p.l(uidiv.o)
    0x08000184   0x08000184   0x00000022   Code   RO         4282    .text               mc_p.l(llushr.o)
    0x080001a6   0x080001a6   0x00000024   Code   RO         4284    .text               mc_p.l(memcpya.o)
    0x080001ca   0x080001ca   0x00000060   Code   RO         4566    .text               mc_p.l(uldiv.o)
    0x0800022a   0x0800022a   0x00000002   PAD
    0x0800022c   0x0800022c   0x00000024   Code   RO         4579    .text               mc_p.l(init.o)
    0x08000250   0x08000250   0x00000020   Code   RO         4581    .text               mc_p.l(llshl.o)
    0x08000270   0x08000270   0x00000056   Code   RO         4597    .text               mc_p.l(__dczerorl2.o)
    0x080002c6   0x080002c6   0x00000048   Code   RO         2651    i.HAL_DMA_Abort_IT  stm32f0xx_hal_dma.o
    0x0800030e   0x0800030e   0x0000001c   Code   RO         1992    i.HAL_Delay         stm32f0xx_hal.o
    0x0800032a   0x0800032a   0x00000002   PAD
    0x0800032c   0x0800032c   0x00000148   Code   RO         2589    i.HAL_GPIO_Init     stm32f0xx_hal_gpio.o
    0x08000474   0x08000474   0x0000000c   Code   RO         2593    i.HAL_GPIO_WritePin  stm32f0xx_hal_gpio.o
    0x08000480   0x08000480   0x0000000c   Code   RO         1996    i.HAL_GetTick       stm32f0xx_hal.o
    0x0800048c   0x0800048c   0x00000010   Code   RO         2000    i.HAL_IncTick       stm32f0xx_hal.o
    0x0800049c   0x0800049c   0x00000020   Code   RO         2001    i.HAL_Init          stm32f0xx_hal.o
    0x080004bc   0x080004bc   0x00000078   Code   RO          590    i.HAL_InitTick      stm32f0xx_hal_timebase_tim.o
    0x08000534   0x08000534   0x00000044   Code   RO          570    i.HAL_MspInit       stm32f0xx_hal_msp.o
    0x08000578   0x08000578   0x00000014   Code   RO         2746    i.HAL_NVIC_EnableIRQ  stm32f0xx_hal_cortex.o
    0x0800058c   0x0800058c   0x00000008   Code   RO         2750    i.HAL_NVIC_SetPriority  stm32f0xx_hal_cortex.o
    0x08000594   0x08000594   0x000000e8   Code   RO         1957    i.HAL_RCCEx_PeriphCLKConfig  stm32f0xx_hal_rcc_ex.o
    0x0800067c   0x0800067c   0x0000012c   Code   RO         1864    i.HAL_RCC_ClockConfig  stm32f0xx_hal_rcc.o
    0x080007a8   0x080007a8   0x00000038   Code   RO         1868    i.HAL_RCC_GetClockConfig  stm32f0xx_hal_rcc.o
    0x080007e0   0x080007e0   0x0000000c   Code   RO         1869    i.HAL_RCC_GetHCLKFreq  stm32f0xx_hal_rcc.o
    0x080007ec   0x080007ec   0x00000020   Code   RO         1871    i.HAL_RCC_GetPCLK1Freq  stm32f0xx_hal_rcc.o
    0x0800080c   0x0800080c   0x00000078   Code   RO         1872    i.HAL_RCC_GetSysClockFreq  stm32f0xx_hal_rcc.o
    0x08000884   0x08000884   0x00000354   Code   RO         1875    i.HAL_RCC_OscConfig  stm32f0xx_hal_rcc.o
    0x08000bd8   0x08000bd8   0x00000018   Code   RO         2752    i.HAL_SYSTICK_CLKSourceConfig  stm32f0xx_hal_cortex.o
    0x08000bf0   0x08000bf0   0x00000030   Code   RO         2754    i.HAL_SYSTICK_Config  stm32f0xx_hal_cortex.o
    0x08000c20   0x08000c20   0x00000002   Code   RO         1265    i.HAL_TIMEx_BreakCallback  stm32f0xx_hal_tim_ex.o
    0x08000c22   0x08000c22   0x00000002   Code   RO         1266    i.HAL_TIMEx_CommutationCallback  stm32f0xx_hal_tim_ex.o
    0x08000c24   0x08000c24   0x00000034   Code   RO          628    i.HAL_TIM_Base_Init  stm32f0xx_hal_tim.o
    0x08000c58   0x08000c58   0x00000002   Code   RO          630    i.HAL_TIM_Base_MspInit  stm32f0xx_hal_tim.o
    0x08000c5a   0x08000c5a   0x00000016   Code   RO          633    i.HAL_TIM_Base_Start_IT  stm32f0xx_hal_tim.o
    0x08000c70   0x08000c70   0x00000002   Code   RO          659    i.HAL_TIM_IC_CaptureCallback  stm32f0xx_hal_tim.o
    0x08000c72   0x08000c72   0x00000162   Code   RO          672    i.HAL_TIM_IRQHandler  stm32f0xx_hal_tim.o
    0x08000dd4   0x08000dd4   0x00000002   Code   RO          675    i.HAL_TIM_OC_DelayElapsedCallback  stm32f0xx_hal_tim.o
    0x08000dd6   0x08000dd6   0x00000002   Code   RO          702    i.HAL_TIM_PWM_PulseFinishedCallback  stm32f0xx_hal_tim.o
    0x08000dd8   0x08000dd8   0x00000014   Code   RO          302    i.HAL_TIM_PeriodElapsedCallback  main.o
    0x08000dec   0x08000dec   0x00000002   Code   RO          713    i.HAL_TIM_TriggerCallback  stm32f0xx_hal_tim.o
    0x08000dee   0x08000dee   0x00000002   Code   RO         1520    i.HAL_UART_ErrorCallback  stm32f0xx_hal_uart.o
    0x08000df0   0x08000df0   0x0000000c   Code   RO         1522    i.HAL_UART_GetState  stm32f0xx_hal_uart.o
    0x08000dfc   0x08000dfc   0x00000114   Code   RO         1523    i.HAL_UART_IRQHandler  stm32f0xx_hal_uart.o
    0x08000f10   0x08000f10   0x0000006c   Code   RO         1524    i.HAL_UART_Init     stm32f0xx_hal_uart.o
    0x08000f7c   0x08000f7c   0x00000058   Code   RO          466    i.HAL_UART_MspInit  usart_1.o
    0x08000fd4   0x08000fd4   0x00000088   Code   RO         1529    i.HAL_UART_Receive_IT  stm32f0xx_hal_uart.o
    0x0800105c   0x0800105c   0x0000005c   Code   RO          467    i.HAL_UART_RxCpltCallback  usart_1.o
    0x080010b8   0x080010b8   0x000000c8   Code   RO         1532    i.HAL_UART_Transmit  stm32f0xx_hal_uart.o
    0x08001180   0x08001180   0x00000002   Code   RO         1535    i.HAL_UART_TxCpltCallback  stm32f0xx_hal_uart.o
    0x08001182   0x08001182   0x00000002   Code   RO          522    i.HardFault_Handler  stm32f0xx_it.o
    0x08001184   0x08001184   0x0000003c   Code   RO          418    i.MX_FREERTOS_Init  freertos.o
    0x080011c0   0x080011c0   0x00000084   Code   RO          398    i.MX_GPIO_Init      gpio.o
    0x08001244   0x08001244   0x0000004c   Code   RO          468    i.MX_USART1_UART_Init  usart_1.o
    0x08001290   0x08001290   0x00000002   Code   RO          523    i.NMI_Handler       stm32f0xx_it.o
    0x08001292   0x08001292   0x00000002   PAD
    0x08001294   0x08001294   0x00000044   Code   RO         2756    i.NVIC_SetPriority  stm32f0xx_hal_cortex.o
    0x080012d8   0x080012d8   0x00000002   Code   RO         3213    i.SVC_Handler       port.o
    0x080012da   0x080012da   0x00000018   Code   RO          419    i.StartDefaultTask  freertos.o
    0x080012f2   0x080012f2   0x00000008   Code   RO          524    i.SysTick_Handler   stm32f0xx_it.o
    0x080012fa   0x080012fa   0x00000076   Code   RO          303    i.SystemClock_Config  main.o
    0x08001370   0x08001370   0x0000005c   Code   RO         3109    i.SystemInit        system_stm32f0xx.o
    0x080013cc   0x080013cc   0x00000010   Code   RO          525    i.TIM1_BRK_UP_TRG_COM_IRQHandler  stm32f0xx_it.o
    0x080013dc   0x080013dc   0x00000078   Code   RO          714    i.TIM_Base_SetConfig  stm32f0xx_hal_tim.o
    0x08001454   0x08001454   0x000000ca   Code   RO         1537    i.UART_AdvFeatureConfig  stm32f0xx_hal_uart.o
    0x0800151e   0x0800151e   0x00000012   Code   RO         1538    i.UART_CheckIdleState  stm32f0xx_hal_uart.o
    0x08001530   0x08001530   0x00000014   Code   RO         1539    i.UART_DMAAbortOnError  stm32f0xx_hal_uart.o
    0x08001544   0x08001544   0x0000001e   Code   RO         1549    i.UART_EndRxTransfer  stm32f0xx_hal_uart.o
    0x08001562   0x08001562   0x0000001a   Code   RO         1550    i.UART_EndTransmit_IT  stm32f0xx_hal_uart.o
    0x0800157c   0x0800157c   0x0000007a   Code   RO         1552    i.UART_Receive_IT   stm32f0xx_hal_uart.o
    0x080015f6   0x080015f6   0x00000002   PAD
    0x080015f8   0x080015f8   0x00000114   Code   RO         1553    i.UART_SetConfig    stm32f0xx_hal_uart.o
    0x0800170c   0x0800170c   0x00000066   Code   RO         1554    i.UART_Transmit_IT  stm32f0xx_hal_uart.o
    0x08001772   0x08001772   0x00000062   Code   RO         1555    i.UART_WaitOnFlagUntilTimeout  stm32f0xx_hal_uart.o
    0x080017d4   0x080017d4   0x00000014   Code   RO          526    i.USART1_IRQHandler  stm32f0xx_it.o
    0x080017e8   0x080017e8   0x00000024   Code   RO          469    i.USART1_UserFun    usart_1.o
    0x0800180c   0x0800180c   0x00000002   Code   RO          304    i._Error_Handler    main.o
    0x0800180e   0x0800180e   0x00000002   PAD
    0x08001810   0x08001810   0x00000020   Code   RO         4497    i.__0printf$8       mc_p.l(printf8.o)
    0x08001830   0x08001830   0x0000001a   Code   RO          181    i.__ARM_common_switch8  usmart.o
    0x0800184a   0x0800184a   0x0000000e   Code   RO         4591    i.__scatterload_copy  mc_p.l(handlers.o)
    0x08001858   0x08001858   0x00000002   Code   RO         4592    i.__scatterload_null  mc_p.l(handlers.o)
    0x0800185a   0x0800185a   0x0000000e   Code   RO         4593    i.__scatterload_zeroinit  mc_p.l(handlers.o)
    0x08001868   0x08001868   0x00000428   Code   RO         4504    i._printf_core      mc_p.l(printf8.o)
    0x08001c90   0x08001c90   0x00000020   Code   RO         4505    i._printf_post_padding  mc_p.l(printf8.o)
    0x08001cb0   0x08001cb0   0x0000002c   Code   RO         4506    i._printf_pre_padding  mc_p.l(printf8.o)
    0x08001cdc   0x08001cdc   0x00000018   Code   RO           12    i.delay_ms          delay.o
    0x08001cf4   0x08001cf4   0x0000003c   Code   RO           13    i.delay_us          delay.o
    0x08001d30   0x08001d30   0x0000001c   Code   RO          470    i.fputc             usart_1.o
    0x08001d4c   0x08001d4c   0x00000058   Code   RO          305    i.main              main.o
    0x08001da4   0x08001da4   0x0000000c   Code   RO         3877    i.makeFreeRtosPriority  cmsis_os.o
    0x08001db0   0x08001db0   0x00000010   Code   RO         3879    i.osDelay           cmsis_os.o
    0x08001dc0   0x08001dc0   0x0000000a   Code   RO         3882    i.osKernelStart     cmsis_os.o
    0x08001dca   0x08001dca   0x00000010   Code   RO         3915    i.osSystickHandler  cmsis_os.o
    0x08001dda   0x08001dda   0x0000002e   Code   RO         3916    i.osThreadCreate    cmsis_os.o
    0x08001e08   0x08001e08   0x00000058   Code   RO         3574    i.prvAddCurrentTaskToDelayedList  tasks.o
    0x08001e60   0x08001e60   0x000000b8   Code   RO         3575    i.prvAddNewTaskToReadyList  tasks.o
    0x08001f18   0x08001f18   0x00000050   Code   RO         3576    i.prvCheckTasksWaitingTermination  tasks.o
    0x08001f68   0x08001f68   0x00000012   Code   RO         3577    i.prvDeleteTCB      tasks.o
    0x08001f7a   0x08001f7a   0x00000002   PAD
    0x08001f7c   0x08001f7c   0x00000044   Code   RO         3142    i.prvHeapInit       heap_4.o
    0x08001fc0   0x08001fc0   0x00000018   Code   RO         3578    i.prvIdleTask       tasks.o
    0x08001fd8   0x08001fd8   0x0000007c   Code   RO         3579    i.prvInitialiseNewTask  tasks.o
    0x08002054   0x08002054   0x0000004c   Code   RO         3143    i.prvInsertBlockIntoFreeList  heap_4.o
    0x080020a0   0x080020a0   0x00000020   Code   RO         3580    i.prvResetNextTaskUnblockTime  tasks.o
    0x080020c0   0x080020c0   0x00000014   Code   RO         3214    i.prvTaskExitError  port.o
    0x080020d4   0x080020d4   0x000000b0   Code   RO         3144    i.pvPortMalloc      heap_4.o
    0x08002184   0x08002184   0x00000020   Code   RO         3215    i.pxPortInitialiseStack  port.o
    0x080021a4   0x080021a4   0x00000034   Code   RO         4241    i.relay_close       pcm1.o
    0x080021d8   0x080021d8   0x00000034   Code   RO         4242    i.relay_open        pcm1.o
    0x0800220c   0x0800220c   0x00000014   Code   RO          420    i.usart_scan        freertos.o
    0x08002220   0x08002220   0x00000090   Code   RO          138    i.usmart_cmd_rec    usmart.o
    0x080022b0   0x080022b0   0x000001e8   Code   RO          139    i.usmart_exe        usmart.o
    0x08002498   0x08002498   0x000000b2   Code   RO          227    i.usmart_get_aparm  usmart_str.o
    0x0800254a   0x0800254a   0x0000002e   Code   RO          228    i.usmart_get_cmdname  usmart_str.o
    0x08002578   0x08002578   0x00000188   Code   RO          229    i.usmart_get_fname  usmart_str.o
    0x08002700   0x08002700   0x000000d0   Code   RO          230    i.usmart_get_fparam  usmart_str.o
    0x080027d0   0x080027d0   0x00000024   Code   RO          231    i.usmart_get_parmpos  usmart_str.o
    0x080027f4   0x080027f4   0x0000000c   Code   RO          140    i.usmart_init       usmart.o
    0x08002800   0x08002800   0x00000014   Code   RO          232    i.usmart_pow        usmart_str.o
    0x08002814   0x08002814   0x000000a0   Code   RO          141    i.usmart_scan       usmart.o
    0x080028b4   0x080028b4   0x00000010   Code   RO          233    i.usmart_search_nextc  usmart_str.o
    0x080028c4   0x080028c4   0x000000da   Code   RO          234    i.usmart_str2num    usmart_str.o
    0x0800299e   0x0800299e   0x0000001a   Code   RO          235    i.usmart_strcmp     usmart_str.o
    0x080029b8   0x080029b8   0x00000012   Code   RO          236    i.usmart_strcopy    usmart_str.o
    0x080029ca   0x080029ca   0x00000014   Code   RO          237    i.usmart_strlen     usmart_str.o
    0x080029de   0x080029de   0x00000002   PAD
    0x080029e0   0x080029e0   0x00000344   Code   RO          142    i.usmart_sys_cmd_exe  usmart.o
    0x08002d24   0x08002d24   0x00000024   Code   RO         3381    i.uxListRemove      list.o
    0x08002d48   0x08002d48   0x00000016   Code   RO         3382    i.vListInitialise   list.o
    0x08002d5e   0x08002d5e   0x00000006   Code   RO         3383    i.vListInitialiseItem  list.o
    0x08002d64   0x08002d64   0x00000030   Code   RO         3384    i.vListInsert       list.o
    0x08002d94   0x08002d94   0x00000018   Code   RO         3385    i.vListInsertEnd    list.o
    0x08002dac   0x08002dac   0x00000018   Code   RO         3217    i.vPortEnterCritical  port.o
    0x08002dc4   0x08002dc4   0x0000001c   Code   RO         3218    i.vPortExitCritical  port.o
    0x08002de0   0x08002de0   0x00000044   Code   RO         3145    i.vPortFree         heap_4.o
    0x08002e24   0x08002e24   0x00000024   Code   RO         3219    i.vPortSetupTimerInterrupt  port.o
    0x08002e48   0x08002e48   0x00000018   Code   RO         3220    i.vPortYield        port.o
    0x08002e60   0x08002e60   0x00000030   Code   RO         3588    i.vTaskDelay        tasks.o
    0x08002e90   0x08002e90   0x0000004c   Code   RO         3599    i.vTaskStartScheduler  tasks.o
    0x08002edc   0x08002edc   0x00000010   Code   RO         3601    i.vTaskSuspendAll   tasks.o
    0x08002eec   0x08002eec   0x00000058   Code   RO         3602    i.vTaskSwitchContext  tasks.o
    0x08002f44   0x08002f44   0x00000030   Code   RO         3221    i.xPortStartScheduler  port.o
    0x08002f74   0x08002f74   0x00000024   Code   RO         3222    i.xPortSysTickHandler  port.o
    0x08002f98   0x08002f98   0x0000004e   Code   RO         3604    i.xTaskCreate       tasks.o
    0x08002fe6   0x08002fe6   0x00000002   PAD
    0x08002fe8   0x08002fe8   0x00000020   Code   RO         3608    i.xTaskGetSchedulerState  tasks.o
    0x08003008   0x08003008   0x000000bc   Code   RO         3611    i.xTaskIncrementTick  tasks.o
    0x080030c4   0x080030c4   0x000000ac   Code   RO         3617    i.xTaskResumeAll    tasks.o
    0x08003170   0x08003170   0x00000028   Data   RO          421    .constdata          freertos.o
    0x08003198   0x08003198   0x00000010   Data   RO         3110    .constdata          system_stm32f0xx.o
    0x080031a8   0x080031a8   0x00000008   Data   RO         3111    .constdata          system_stm32f0xx.o
    0x080031b0   0x080031b0   0x00000028   Data   RO          143    .conststring        usmart.o
    0x080031d8   0x080031d8   0x00000073   Data   RO          202    .conststring        usmart_config.o
    0x0800324b   0x0800324b   0x00000001   PAD
    0x0800324c   0x0800324c   0x00000018   Data   RO          422    .conststring        freertos.o
    0x08003264   0x08003264   0x00000020   Data   RO         4589    Region$$Table       anon$$obj.o


    Execution Region RW_IRAM1 (Exec base: 0x20000000, Load base: 0x08003284, Size: 0x00000fe0, Max: 0x00001000, ABSOLUTE, COMPRESSED[0x0000006c])

    Exec Addr    Load Addr    Size         Type   Attr      Idx    E Section Name        Object

    0x20000000   COMPRESSED   0x0000001c   Data   RW          144    .data               usmart.o
    0x2000001c   COMPRESSED   0x00000020   Data   RW          203    .data               usmart_config.o
    0x2000003c   COMPRESSED   0x000000f4   Data   RW          204    .data               usmart_config.o
    0x20000130   COMPRESSED   0x00000008   Data   RW          423    .data               freertos.o
    0x20000138   COMPRESSED   0x00000004   Data   RW          472    .data               usart_1.o
    0x2000013c   COMPRESSED   0x00000004   Data   RW         2007    .data               stm32f0xx_hal.o
    0x20000140   COMPRESSED   0x00000004   Data   RW         3112    .data               system_stm32f0xx.o
    0x20000144   COMPRESSED   0x00000018   Data   RW         3150    .data               heap_4.o
    0x2000015c   COMPRESSED   0x00000004   Data   RW         3223    .data               port.o
    0x20000160   COMPRESSED   0x0000003c   Data   RW         3620    .data               tasks.o
    0x2000019c   COMPRESSED   0x0000003c   Data   RW         4243    .data               pcm1.o
    0x200001d8   COMPRESSED   0x00000004   Data   RW         4565    .data               mc_p.l(stdout.o)
    0x200001dc        -       0x000000d4   Zero   RW          471    .bss                usart_1.o
    0x200002b0        -       0x00000040   Zero   RW          593    .bss                stm32f0xx_hal_timebase_tim.o
    0x200002f0        -       0x00000800   Zero   RW         3149    .bss                heap_4.o
    0x20000af0        -       0x000000f0   Zero   RW         3619    .bss                tasks.o
    0x20000be0        -       0x00000400   Zero   RW            1    STACK               startup_stm32f030x6.o


==============================================================================

Image component sizes


      Code (inc. data)   RO Data    RW Data    ZI Data      Debug   Object Name

       100          0          0          0          0       7772   cmsis_os.o
        84         22          0          0          0     260214   delay.o
       104         14         64          8          0       2246   freertos.o
       132         12          0          0          0        903   gpio.o
       388         22          0         24       2048       5719   heap_4.o
       136          0          0          0          0       3414   list.o
       228         42          0          0          0      22545   main.o
       104         20          0         60          0       1570   pcm1.o
       370         58          0          4          0       7475   port.o
        28          8        176          0       1024        636   startup_stm32f030x6.o
        88         18          0          4          0       3080   stm32f0xx_hal.o
       168         28          0          0          0       9531   stm32f0xx_hal_cortex.o
        72          0          0          0          0       1115   stm32f0xx_hal_dma.o
       340         26          0          0          0       2264   stm32f0xx_hal_gpio.o
        68          4          0          0          0        862   stm32f0xx_hal_msp.o
      1372        104          0          0          0       5682   stm32f0xx_hal_rcc.o
       232         14          0          0          0       1376   stm32f0xx_hal_rcc_ex.o
       558         20          0          0          0       6740   stm32f0xx_hal_tim.o
         4          0          0          0          0       1570   stm32f0xx_hal_tim_ex.o
       120         22          0          0         64       1468   stm32f0xx_hal_timebase_tim.o
      1630         26          0          0          0      12465   stm32f0xx_hal_uart.o
        48         12          0          0          0       2221   stm32f0xx_it.o
        92         14         24          4          0       1159   system_stm32f0xx.o
      1248         96          0         60        240      14935   tasks.o
       320         64          0          4        212       3301   usart_1.o
      1666        614         40         28          0       5541   usmart.o
         0          0        115        276          0       1532   usmart_config.o
      1178         20          0          0          0       9479   usmart_str.o

    ----------------------------------------------------------------------
     10892       1280        452        472       3588     396815   Object Totals
         0          0         32          0          0          0   (incl. Generated)
        14          0          1          0          0          0   (incl. Padding)

    ----------------------------------------------------------------------

      Code (inc. data)   RO Data    RW Data    ZI Data      Debug   Library Member Name

        86          0          0          0          0          0   __dczerorl2.o
         0          0          0          0          0          0   entry.o
         0          0          0          0          0          0   entry10a.o
         0          0          0          0          0          0   entry11a.o
         8          4          0          0          0          0   entry2.o
         4          0          0          0          0          0   entry5.o
         0          0          0          0          0          0   entry7b.o
         0          0          0          0          0          0   entry8b.o
         8          4          0          0          0          0   entry9a.o
        30          0          0          0          0          0   handlers.o
        36          8          0          0          0         68   init.o
        32          0          0          0          0         68   llshl.o
        34          0          0          0          0         68   llushr.o
        36          0          0          0          0         60   memcpya.o
      1172         52          0          0          0        324   printf8.o
         0          0          0          4          0          0   stdout.o
        44          0          0          0          0         72   uidiv.o
        96          0          0          0          0         84   uldiv.o

    ----------------------------------------------------------------------
      1588         68          0          4          0        744   Library Totals
         2          0          0          0          0          0   (incl. Padding)

    ----------------------------------------------------------------------

      Code (inc. data)   RO Data    RW Data    ZI Data      Debug   Library Name

      1586         68          0          4          0        744   mc_p.l

    ----------------------------------------------------------------------
      1588         68          0          4          0        744   Library Totals

    ----------------------------------------------------------------------

==============================================================================


      Code (inc. data)   RO Data    RW Data    ZI Data      Debug   

     12480       1348        452        476       3588     392055   Grand Totals
     12480       1348        452        108       3588     392055   ELF Image Totals (compressed)
     12480       1348        452        108          0          0   ROM Totals

==============================================================================

    Total RO  Size (Code + RO Data)                12932 (  12.63kB)
    Total RW  Size (RW Data + ZI Data)              4064 (   3.97kB)
    Total ROM Size (Code + RO Data + RW Data)      13040 (  12.73kB)

==============================================================================

