Component: ARM Compiler 5.06 update 5 (build 528) Tool: armlink [4d35e2]

==============================================================================

Section Cross References

    main.o(.text) refers to misc.o(.text) for NVIC_PriorityGroupConfig
    main.o(.text) refers to delay.o(.text) for InitSysTick
    main.o(.text) refers to usart.o(.text) for uart_init
    main.o(.text) refers to led.o(.text) for LED_Init
    main.o(.text) refers to input.o(.text) for input_init
    main.o(.text) refers to output.o(.text) for output_init
    main.o(.text) refers to at24cxx.o(.text) for eeprom_init
    main.o(.text) refers to rt_memcpy_w.o(.text) for __aeabi_memcpy4
    main.o(.text) refers to motor_motion.o(.text) for rt_hw_tmc429_init
    main.o(.text) refers to noretval__2printf.o(.text) for __2printf
    main.o(.text) refers to mcu_gpio.o(.text) for pinToggle
    main.o(.text) refers to at24cxx.o(.data) for at24c256
    main.o(.text) refers to motor_motion.o(.data) for motor_EN_PIN
    main.o(.text) refers to system_stm32f10x.o(.data) for SystemCoreClock
    main.o(.text) refers to usmart_config.o(.data) for usmart_dev
    main.o(.text) refers to mcu_gpio.o(.data) for PD7
    system_stm32f10x.o(.text) refers to system_stm32f10x.o(.data) for SystemCoreClock
    motor_motion.o(.text) refers to _printf_percent.o(.ARM.Collect$$_printf_percent$$00000000) for _printf_percent
    motor_motion.o(.text) refers to _printf_d.o(.ARM.Collect$$_printf_percent$$00000009) for _printf_d
    motor_motion.o(.text) refers to _printf_dec.o(.text) for _printf_int_dec
    motor_motion.o(.text) refers to tim.o(.text) for TIM3_CH3_PWM_Init
    motor_motion.o(.text) refers to stm32f10x_tim.o(.text) for TIM_SetCompare3
    motor_motion.o(.text) refers to mcu_gpio.o(.text) for pinMode
    motor_motion.o(.text) refers to spi.o(.text) for InitSPI1
    motor_motion.o(.text) refers to tmc429.o(.text) for Init429
    motor_motion.o(.text) refers to noretval__2printf.o(.text) for __2printf
    motor_motion.o(.text) refers to motor_motion.o(.data) for MotorConfig
    motor_motion.o(.text) refers to mcu_gpio.o(.data) for PE12
    motor_motion.o(.text) refers to rt_memcpy_w.o(.text) for __aeabi_memcpy4
    motor_motion.o(.text) refers to at24cxx.o(.data) for at24c256
    motor_motion.o(.text) refers to exti.o(.text) for MotorORG_TI_Enable
    motor_motion.o(.text) refers to delay.o(.text) for delay_ms
    motor_motion.o(.text) refers to strcmpv7m.o(.text) for strcmp
    board_debug.o(.text) refers to noretval__2printf.o(.text) for __2printf
    board_debug.o(.text) refers to delay.o(.text) for delay_ms
    board_debug.o(.text) refers to strlen.o(.text) for strlen
    board_debug.o(.text) refers to rt_memcpy_w.o(.text) for __aeabi_memcpy4
    board_debug.o(.text) refers to tmc429.o(.text) for Read429SingleByte
    board_debug.o(.text) refers to at24cxx.o(.data) for at24c256
    board_debug.o(.text) refers to board_debug.o(.conststring) for .conststring
    tmc429.o(.text) refers to spi.o(.text) for ReadWriteSPI1
    tmc429.o(.text) refers to dflt_clz.o(x$fpl$dflt) for __aeabi_i2d
    tmc429.o(.text) refers to dmul.o(x$fpl$dmul) for __aeabi_dmul
    tmc429.o(.text) refers to dflt_clz.o(x$fpl$dfltu) for __aeabi_ui2d
    tmc429.o(.text) refers to ddiv.o(x$fpl$ddiv) for __aeabi_ddiv
    tmc429.o(.text) refers to d2f.o(x$fpl$d2f) for __aeabi_d2f
    tmc429.o(.text) refers to f2d.o(x$fpl$f2d) for __aeabi_f2d
    tmc429.o(.text) refers to dfix.o(x$fpl$dfix) for __aeabi_d2iz
    tmc429.o(.text) refers to motor_motion.o(.data) for MotorConfig
    at24cxx.o(.text) refers to _printf_percent.o(.ARM.Collect$$_printf_percent$$00000000) for _printf_percent
    at24cxx.o(.text) refers to _printf_s.o(.ARM.Collect$$_printf_percent$$00000014) for _printf_s
    at24cxx.o(.text) refers to _printf_str.o(.text) for _printf_str
    at24cxx.o(.text) refers to delay.o(.text) for delay_ms
    at24cxx.o(.text) refers to rt_memcpy_w.o(.text) for __aeabi_memcpy4
    at24cxx.o(.text) refers to strlen.o(.text) for strlen
    at24cxx.o(.text) refers to noretval__2printf.o(.text) for __2printf
    at24cxx.o(.text) refers to mcu_softi2c.o(.data) for SoftI2c
    at24cxx.o(.text) refers to at24cxx.o(.data) for at24c256
    at24cxx.o(.text) refers to at24cxx.o(.constdata) for C24LC256
    at24cxx.o(.data) refers to at24cxx.o(.text) for AT24CXX_Init
    at24cxx.o(.data) refers to mcu_gpio.o(.data) for PB4
    output.o(.text) refers to stm32f10x_rcc.o(.text) for RCC_APB2PeriphClockCmd
    output.o(.text) refers to stm32f10x_gpio.o(.text) for GPIO_PinRemapConfig
    output.o(.text) refers to noretval__2printf.o(.text) for __2printf
    output.o(.text) refers to output.o(.data) for Out9_14_Inited
    input.o(.text) refers to _printf_percent.o(.ARM.Collect$$_printf_percent$$00000000) for _printf_percent
    input.o(.text) refers to _printf_d.o(.ARM.Collect$$_printf_percent$$00000009) for _printf_d
    input.o(.text) refers to _printf_dec.o(.text) for _printf_int_dec
[...]
    .data                                    0x200000a4   Section       80  at24cxx.o(.data)
    .data                                    0x200000f4   Section        1  output.o(.data)
    Out9_14_Inited                           0x200000f4   Data           1  output.o(.data)
    .data                                    0x200000f5   Section        1  input.o(.data)
    In9_14_Inited                            0x200000f5   Data           1  input.o(.data)
    .data                                    0x200000f8   Section       28  usmart.o(.data)
    .data                                    0x20000114   Section      388  usmart_config.o(.data)
    .data                                    0x20000298   Section      896  mcu_gpio.o(.data)
    .data                                    0x20000618   Section       12  mcu_softi2c.o(.data)
    .data                                    0x20000624   Section        8  delay.o(.data)
    fac_us                                   0x20000624   Data           1  delay.o(.data)
    fac_ms                                   0x20000626   Data           2  delay.o(.data)
    SysTickTimer                             0x20000628   Data           4  delay.o(.data)
    .data                                    0x2000062c   Section        6  usart.o(.data)
    .data                                    0x20000632   Section       20  stm32f10x_rcc.o(.data)
    APBAHBPrescTable                         0x20000632   Data          16  stm32f10x_rcc.o(.data)
    ADCPrescTable                            0x20000642   Data           4  stm32f10x_rcc.o(.data)
    .bss                                     0x20000648   Section      200  usart.o(.bss)
    .bss                                     0x20000710   Section       96  libspace.o(.bss)
    HEAP                                     0x20000770   Section      512  startup_stm32f10x_hd.o(HEAP)
    Heap_Mem                                 0x20000770   Data         512  startup_stm32f10x_hd.o(HEAP)
    STACK                                    0x20000970   Section     1024  startup_stm32f10x_hd.o(STACK)
    Stack_Mem                                0x20000970   Data        1024  startup_stm32f10x_hd.o(STACK)
    __initial_sp                             0x20000d70   Data           0  startup_stm32f10x_hd.o(STACK)

    Global Symbols

    Symbol Name                              Value     Ov Type        Size  Object(Section)

    BuildAttributes$$THM_ISAv4$P$D$K$B$S$PE$A:L22UL41UL21$X:L11$S22US41US21$IEEE1$IW$USESV6$~STKCKD$USESV7$~SHL$OSPACE$ROPI$EBA8$UX$STANDARDLIB$REQ8$PRES8$EABIv2 0x00000000   Number         0  anon$$obj.o ABSOLUTE
    __ARM_use_no_argv                        0x00000000   Number         0  main.o ABSOLUTE
    _printf_flags                            0x00000000   Number         0  printf_stubs.o ABSOLUTE
    _printf_return_value                     0x00000000   Number         0  printf_stubs.o ABSOLUTE
    _printf_sizespec                         0x00000000   Number         0  printf_stubs.o ABSOLUTE
    _printf_widthprec                        0x00000000   Number         0  printf_stubs.o ABSOLUTE
    __ARM_exceptions_init                     - Undefined Weak Reference
    __alloca_initialize                       - Undefined Weak Reference
    __arm_preinit_                            - Undefined Weak Reference
    __cpp_initialize__aeabi_                  - Undefined Weak Reference
    __cxa_finalize                            - Undefined Weak Reference
    __rt_locale                               - Undefined Weak Reference
    __sigvec_lookup                           - Undefined Weak Reference
    _atexit_init                              - Undefined Weak Reference
    _call_atexit_fns                          - Undefined Weak Reference
    _clock_init                               - Undefined Weak Reference
    _fp_trap_init                             - Undefined Weak Reference
    _fp_trap_shutdown                         - Undefined Weak Reference
    _get_lc_collate                           - Undefined Weak Reference
    _get_lc_ctype                             - Undefined Weak Reference
    _get_lc_monetary                          - Undefined Weak Reference
    _get_lc_numeric                           - Undefined Weak Reference
    _get_lc_time                              - Undefined Weak Reference
    _getenv_init                              - Undefined Weak Reference
    _handle_redirection                       - Undefined Weak Reference
    _init_alloc                               - Undefined Weak Reference
    _init_user_alloc                          - Undefined Weak Reference
    _initio                                   - Undefined Weak Reference
    _mutex_acquire                            - Undefined Weak Reference
    _mutex_release                            - Undefined Weak Reference
    _printf_mbtowc                            - Undefined Weak Reference
    _printf_truncate_signed                   - Undefined Weak Reference
    _printf_truncate_unsigned                 - Undefined Weak Reference
    _rand_init                                - Undefined Weak Reference
    _signal_finish                            - Undefined Weak Reference
    _signal_init                              - Undefined Weak Reference
    _terminate_alloc                          - Undefined Weak Reference
    _terminate_user_alloc                     - Undefined Weak Reference
    _terminateio                              - Undefined Weak Reference
    __Vectors_Size                           0x00000130   Number         0  startup_stm32f10x_hd.o ABSOLUTE
    __Vectors                                0x08000000   Data           4  startup_stm32f10x_hd.o(RESET)
    __Vectors_End                            0x08000130   Data           0  startup_stm32f10x_hd.o(RESET)
    __main                                   0x08000131   Thumb Code     8  __main.o(!!!main)
    __scatterload                            0x08000139   Thumb Code     0  __scatter.o(!!!scatter)
    __scatterload_rt2                        0x08000139   Thumb Code    44  __scatter.o(!!!scatter)
    __scatterload_rt2_thumb_only             0x08000139   Thumb Code     0  __scatter.o(!!!scatter)
    __scatterload_null                       0x08000147   Thumb Code     0  __scatter.o(!!!scatter)
    __decompress                             0x0800016d   Thumb Code    90  __dczerorl2.o(!!dczerorl2)
    __decompress1                            0x0800016d   Thumb Code     0  __dczerorl2.o(!!dczerorl2)
    __scatterload_zeroinit                   0x080001c9   Thumb Code    28  __scatter_zi.o(!!handler_zi)
    _printf_d                                0x080001e5   Thumb Code     0  _printf_d.o(.ARM.Collect$$_printf_percent$$00000009)
    _printf_percent                          0x080001e5   Thumb Code     0  _printf_percent.o(.ARM.Collect$$_printf_percent$$00000000)
    _printf_u                                0x080001eb   Thumb Code     0  _printf_u.o(.ARM.Collect$$_printf_percent$$0000000A)
    _printf_x                                0x080001f1   Thumb Code     0  _printf_x.o(.ARM.Collect$$_printf_percent$$0000000C)
    _printf_c                                0x080001f7   Thumb Code     0  _printf_c.o(.ARM.Collect$$_printf_percent$$00000013)
    _printf_s                                0x080001fd   Thumb Code     0  _printf_s.o(.ARM.Collect$$_printf_percent$$00000014)
    _printf_percent_end                      0x08000203   Thumb Code     0  _printf_percent_end.o(.ARM.Collect$$_printf_percent$$00000017)
    __rt_lib_init                            0x08000207   Thumb Code     0  libinit.o(.ARM.Collect$$libinit$$00000000)
    __rt_lib_init_alloca_1                   0x08000209   Thumb Code     0  libinit2.o(.ARM.Collect$$libinit$$0000002E)
    __rt_lib_init_argv_1                     0x08000209   Thumb Code     0  libinit2.o(.ARM.Collect$$libinit$$0000002C)
    __rt_lib_init_atexit_1                   0x08000209   Thumb Code     0  libinit2.o(.ARM.Collect$$libinit$$0000001B)
    __rt_lib_init_clock_1                    0x08000209   Thumb Code     0  libinit2.o(.ARM.Collect$$libinit$$00000021)
    __rt_lib_init_cpp_1                      0x08000209   Thumb Code     0  libinit2.o(.ARM.Collect$$libinit$$00000032)
    __rt_lib_init_exceptions_1               0x08000209   Thumb Code     0  libinit2.o(.ARM.Collect$$libinit$$00000030)
    __rt_lib_init_fp_1                       0x08000209   Thumb Code     0  libinit2.o(.ARM.Collect$$libinit$$00000002)
    __rt_lib_init_fp_trap_1                  0x08000209   Thumb Code     0  libinit2.o(.ARM.Collect$$libinit$$0000001F)
    __rt_lib_init_getenv_1                   0x08000209   Thumb Code     0  libinit2.o(.ARM.Collect$$libinit$$00000023)
    __rt_lib_init_heap_1                     0x08000209   Thumb Code     0  libinit2.o(.ARM.Collect$$libinit$$0000000A)
    __rt_lib_init_lc_collate_1               0x08000209   Thumb Code     0  libinit2.o(.ARM.Collect$$libinit$$00000011)
    __rt_lib_init_lc_ctype_1                 0x08000209   Thumb Code     0  libinit2.o(.ARM.Collect$$libinit$$00000013)
    __rt_lib_init_lc_monetary_1              0x08000209   Thumb Code     0  libinit2.o(.ARM.Collect$$libinit$$00000015)
    __rt_lib_init_lc_numeric_1               0x08000209   Thumb Code     0  libinit2.o(.ARM.Collect$$libinit$$00000017)
    __rt_lib_init_lc_time_1                  0x08000209   Thumb Code     0  libinit2.o(.ARM.Collect$$libinit$$00000019)
    __rt_lib_init_preinit_1                  0x08000209   Thumb Code     0  libinit2.o(.ARM.Collect$$libinit$$00000004)
    __rt_lib_init_rand_1                     0x08000209   Thumb Code     0  libinit2.o(.ARM.Collect$$libinit$$0000000E)
    __rt_lib_init_return                     0x08000209   Thumb Code     0  libinit2.o(.ARM.Collect$$libinit$$00000033)
    __rt_lib_init_signal_1                   0x08000209   Thumb Code     0  libinit2.o(.ARM.Collect$$libinit$$0000001D)
    __rt_lib_init_stdio_1                    0x08000209   Thumb Code     0  libinit2.o(.ARM.Collect$$libinit$$00000025)
    __rt_lib_init_user_alloc_1               0x08000209   Thumb Code     0  libinit2.o(.ARM.Collect$$libinit$$0000000C)
    __rt_lib_shutdown                        0x0800020b   Thumb Code     0  libshutdown.o(.ARM.Collect$$libshutdown$$00000000)
    __rt_lib_shutdown_cpp_1                  0x0800020d   Thumb Code     0  libshutdown2.o(.ARM.Collect$$libshutdown$$00000002)
    __rt_lib_shutdown_fp_trap_1              0x0800020d   Thumb Code     0  libshutdown2.o(.ARM.Collect$$libshutdown$$00000007)
    __rt_lib_shutdown_heap_1                 0x0800020d   Thumb Code     0  libshutdown2.o(.ARM.Collect$$libshutdown$$0000000F)
    __rt_lib_shutdown_return                 0x0800020d   Thumb Code     0  libshutdown2.o(.ARM.Collect$$libshutdown$$00000010)
    __rt_lib_shutdown_signal_1               0x0800020d   Thumb Code     0  libshutdown2.o(.ARM.Collect$$libshutdown$$0000000A)
    __rt_lib_shutdown_stdio_1                0x0800020d   Thumb Code     0  libshutdown2.o(.ARM.Collect$$libshutdown$$00000004)
    __rt_lib_shutdown_user_alloc_1           0x0800020d   Thumb Code     0  libshutdown2.o(.ARM.Collect$$libshutdown$$0000000C)
    __rt_entry                               0x0800020f   Thumb Code     0  __rtentry.o(.ARM.Collect$$rtentry$$00000000)
    __rt_entry_presh_1                       0x0800020f   Thumb Code     0  __rtentry2.o(.ARM.Collect$$rtentry$$00000002)
    __rt_entry_sh                            0x0800020f   Thumb Code     0  __rtentry4.o(.ARM.Collect$$rtentry$$00000004)
    __rt_entry_li                            0x08000215   Thumb Code     0  __rtentry2.o(.ARM.Collect$$rtentry$$0000000A)
    __rt_entry_postsh_1                      0x08000215   Thumb Code     0  __rtentry2.o(.ARM.Collect$$rtentry$$00000009)
    __rt_entry_main                          0x08000219   Thumb Code     0  __rtentry2.o(.ARM.Collect$$rtentry$$0000000D)
    __rt_entry_postli_1                      0x08000219   Thumb Code     0  __rtentry2.o(.ARM.Collect$$rtentry$$0000000C)
    __rt_exit                                0x08000221   Thumb Code     0  rtexit.o(.ARM.Collect$$rtexit$$00000000)
    __rt_exit_ls                             0x08000223   Thumb Code     0  rtexit2.o(.ARM.Collect$$rtexit$$00000003)
    __rt_exit_prels_1                        0x08000223   Thumb Code     0  rtexit2.o(.ARM.Collect$$rtexit$$00000002)
    __rt_exit_exit                           0x08000227   Thumb Code     0  rtexit2.o(.ARM.Collect$$rtexit$$00000004)
    main                                     0x0800022d   Thumb Code   218  main.o(.text)
    NMI_Handler                              0x0800033d   Thumb Code     2  stm32f10x_it.o(.text)
    HardFault_Handler                        0x0800033f   Thumb Code     4  stm32f10x_it.o(.text)
    MemManage_Handler                        0x08000343   Thumb Code     4  stm32f10x_it.o(.text)
    BusFault_Handler                         0x08000347   Thumb Code     4  stm32f10x_it.o(.text)
    UsageFault_Handler                       0x0800034b   Thumb Code     4  stm32f10x_it.o(.text)
    SVC_Handler                              0x0800034f   Thumb Code     2  stm32f10x_it.o(.text)
    DebugMon_Handler                         0x08000351   Thumb Code     2  stm32f10x_it.o(.text)
    PendSV_Handler                           0x08000353   Thumb Code     2  stm32f10x_it.o(.text)
    SystemInit                               0x08000433   Thumb Code    78  system_stm32f10x.o(.text)
    SystemCoreClockUpdate                    0x08000481   Thumb Code   142  system_stm32f10x.o(.text)
    TMC429_CLK_Init                          0x08000535   Thumb Code    20  motor_motion.o(.text)
    RampInit                                 0x08000549   Thumb Code    70  motor_motion.o(.text)
    rt_hw_tmc429_init                        0x0800058f   Thumb Code    36  motor_motion.o(.text)
    motor_rotate                             0x080005b3   Thumb Code   132  motor_motion.o(.text)
    motor_stop                               0x08000637   Thumb Code    38  motor_motion.o(.text)
    motor_isLIMITED                          0x0800065d   Thumb Code    64  motor_motion.o(.text)
    motor_move                               0x0800069d   Thumb Code   316  motor_motion.o(.text)
    SetAmaxAuto                              0x080007d9   Thumb Code   854  motor_motion.o(.text)
    motor_set                                0x08000b2f   Thumb Code   378  motor_motion.o(.text)
    motor_get                                0x08000ca9   Thumb Code   324  motor_motion.o(.text)
    motor_limitINV                           0x08000ded   Thumb Code    22  motor_motion.o(.text)
    motor_orgINV                             0x08000e03   Thumb Code   116  motor_motion.o(.text)
    motor_RotateLeft                         0x08000e77   Thumb Code    84  motor_motion.o(.text)
    motor_RotateRight                        0x08000ecb   Thumb Code    84  motor_motion.o(.text)
    motor_goHOME                             0x08000f1f   Thumb Code   136  motor_motion.o(.text)
    motor_goLIMIT                            0x08000fa7   Thumb Code   108  motor_motion.o(.text)
    SetOrg                                   0x08001013   Thumb Code    92  motor_motion.o(.text)
    exit4_handler                            0x0800106f   Thumb Code    88  motor_motion.o(.text)
    exit5_handler                            0x080010c7   Thumb Code    88  motor_motion.o(.text)
    exit6_handler                            0x0800111f   Thumb Code    78  motor_motion.o(.text)
    motor_isRESET                            0x0800116d   Thumb Code    28  motor_motion.o(.text)
    motor_limit_process                      0x08001189   Thumb Code   308  motor_motion.o(.text)
    motor_enable                             0x080012bd   Thumb Code   248  motor_motion.o(.text)
    motor_en_get                             0x080013b5   Thumb Code   570  motor_motion.o(.text)
    board_debug                              0x08001a07   Thumb Code   678  board_debug.o(.text)
    ReadWrite429                             0x08001cad   Thumb Code    56  tmc429.o(.text)
    Write429Bytes                            0x08001ce5   Thumb Code    38  tmc429.o(.text)
    Write429Datagram                         0x08001d0b   Thumb Code    40  tmc429.o(.text)
    Write429Zero                             0x08001d33   Thumb Code    32  tmc429.o(.text)
    Write429Short                            0x08001d53   Thumb Code    38  tmc429.o(.text)
    Write429Int                              0x08001d79   Thumb Code    38  tmc429.o(.text)
    Read429Status                            0x08001d9f   Thumb Code    14  tmc429.o(.text)
    Read429Bytes                             0x08001dad   Thumb Code    46  tmc429.o(.text)
    Read429SingleByte                        0x08001ddb   Thumb Code    28  tmc429.o(.text)
    Read429Short                             0x08001df7   Thumb Code    46  tmc429.o(.text)
    Read429Int                               0x08001e25   Thumb Code    56  tmc429.o(.text)
    Set429RampMode                           0x08001e5d   Thumb Code    70  tmc429.o(.text)
    Set429SwitchMode                         0x08001ea3   Thumb Code    70  tmc429.o(.text)
    SetAMax                                  0x08001ee9   Thumb Code   348  tmc429.o(.text)
    HardStop                                 0x08002045   Thumb Code    38  tmc429.o(.text)
    Init429                                  0x0800206b   Thumb Code   252  tmc429.o(.text)
    AT24CXX_Init                             0x08002181   Thumb Code    20  at24cxx.o(.text)
    AT24CXX_Reads                            0x08002195   Thumb Code   120  at24cxx.o(.text)
    AT24CXX_Writes                           0x0800220d   Thumb Code   244  at24cxx.o(.text)
    AT24CXX_ReadU8                           0x08002301   Thumb Code    48  at24cxx.o(.text)
    AT24CXX_WriteU8                          0x08002331   Thumb Code    50  at24cxx.o(.text)
    AT24CXX_ReadU16                          0x08002363   Thumb Code    48  at24cxx.o(.text)
    AT24CXX_WriteU16                         0x08002393   Thumb Code    50  at24cxx.o(.text)
    AT24CXX_ReadU32                          0x080023c5   Thumb Code    46  at24cxx.o(.text)
    AT24CXX_WriteU32                         0x080023f3   Thumb Code    50  at24cxx.o(.text)
    AT24CXX_ReadF32                          0x08002425   Thumb Code    46  at24cxx.o(.text)
    AT24CXX_WriteF32                         0x08002453   Thumb Code    50  at24cxx.o(.text)
    eeprom_init                              0x08002485   Thumb Code    40  at24cxx.o(.text)
    save_data                                0x080024ad   Thumb Code    88  at24cxx.o(.text)
    read_data                                0x08002505   Thumb Code   200  at24cxx.o(.text)
    output_init                              0x080025cd   Thumb Code   244  output.o(.text)
    output_write                             0x080026c1   Thumb Code   318  output.o(.text)
    input_init                               0x08002851   Thumb Code    74  input.o(.text)
    input_read                               0x0800289b   Thumb Code   462  input.o(.text)
    input_reads                              0x08002a69   Thumb Code   224  input.o(.text)
    LED_Init                                 0x08002b8d   Thumb Code    46  led.o(.text)
    rgb_set                                  0x08002bbb   Thumb Code   116  led.o(.text)
    usmart_sys_cmd_exe                       0x08002c45   Thumb Code   524  usmart.o(.text)
    usmart_init                              0x08002e51   Thumb Code     8  usmart.o(.text)
    usmart_cmd_rec                           0x08002e59   Thumb Code   170  usmart.o(.text)
    usmart_exe                               0x08002f03   Thumb Code   914  usmart.o(.text)
    usmart_scan                              0x08003295   Thumb Code   120  usmart.o(.text)
    usmart_strcmp                            0x0800338d   Thumb Code    34  usmart_str.o(.text)
    usmart_strcopy                           0x080033af   Thumb Code    22  usmart_str.o(.text)
    usmart_strlen                            0x080033c5   Thumb Code    24  usmart_str.o(.text)
    usmart_pow                               0x080033dd   Thumb Code    22  usmart_str.o(.text)
    usmart_str2num                           0x080033f3   Thumb Code   262  usmart_str.o(.text)
    usmart_get_cmdname                       0x080034f9   Thumb Code    54  usmart_str.o(.text)
    usmart_search_nextc                      0x0800352f   Thumb Code    22  usmart_str.o(.text)
    usmart_get_fname                         0x08003545   Thumb Code   440  usmart_str.o(.text)
    usmart_get_aparm                         0x080036fd   Thumb Code   212  usmart_str.o(.text)
    usmart_get_parmpos                       0x080037d1   Thumb Code    26  usmart_str.o(.text)
    usmart_get_fparam                        0x080037eb   Thumb Code   262  usmart_str.o(.text)
    pinMode                                  0x080038fd   Thumb Code   208  mcu_gpio.o(.text)
    pinSet                                   0x080039cd   Thumb Code     8  mcu_gpio.o(.text)
    pinReset                                 0x080039d5   Thumb Code     8  mcu_gpio.o(.text)
    pinWrite                                 0x080039dd   Thumb Code    18  mcu_gpio.o(.text)
    pinRead                                  0x080039ef   Thumb Code    20  mcu_gpio.o(.text)
    pinToggle                                0x08003a03   Thumb Code    14  mcu_gpio.o(.text)
    SoftI2c_Init                             0x08003a1d   Thumb Code    20  mcu_softi2c.o(.text)
    SoftI2c_start                            0x08003a31   Thumb Code    48  mcu_softi2c.o(.text)
    SoftI2c_stop                             0x08003a61   Thumb Code    48  mcu_softi2c.o(.text)
    SoftI2c_wait_ack                         0x08003a91   Thumb Code    78  mcu_softi2c.o(.text)
    SoftI2c_send_ack                         0x08003adf   Thumb Code    54  mcu_softi2c.o(.text)
    SoftI2c_send_no_ack                      0x08003b15   Thumb Code    54  mcu_softi2c.o(.text)
    SoftI2c_send_byte                        0x08003b4b   Thumb Code    80  mcu_softi2c.o(.text)
    SoftI2c_read_byte                        0x08003b9b   Thumb Code    92  mcu_softi2c.o(.text)
    SoftI2c_writes                           0x08003bf7   Thumb Code   368  mcu_softi2c.o(.text)
    SoftI2c_reads                            0x08003d67   Thumb Code   404  mcu_softi2c.o(.text)
    InitSPI1                                 0x08003efd   Thumb Code   172  spi.o(.text)
    ReadWriteSPI1                            0x08003fa9   Thumb Code   106  spi.o(.text)
    EXTI_MotorORG1_DeInit                    0x08004021   Thumb Code    22  exti.o(.text)
    EXTI_MotorORG23_DeInit                   0x08004037   Thumb Code    22  exti.o(.text)
    EXTI_MotorORG1_Init                      0x0800404d   Thumb Code    90  exti.o(.text)
    EXTI_MotorORG2_Init                      0x080040a7   Thumb Code    90  exti.o(.text)
    EXTI_MotorORG3_Init                      0x08004101   Thumb Code    90  exti.o(.text)
    MotorORG_TI_Enable                       0x0800415b   Thumb Code    30  exti.o(.text)
    MotorORG_TI_Disable                      0x08004179   Thumb Code    30  exti.o(.text)
    EXTI4_IRQHandler                         0x08004197   Thumb Code    14  exti.o(.text)
    EXTI9_5_IRQHandler                       0x080041a5   Thumb Code    40  exti.o(.text)
    TIM3_CH3_PWM_Init                        0x080041d1   Thumb Code   122  tim.o(.text)
    tim_get_cfg                              0x0800424b   Thumb Code     2  tim.o(.text)
    SysTick_Handler                          0x08004255   Thumb Code    12  delay.o(.text)
    GetSysTimer                              0x08004261   Thumb Code     6  delay.o(.text)
    InitSysTick                              0x08004267   Thumb Code    80  delay.o(.text)
    delay_us                                 0x080042b7   Thumb Code    62  delay.o(.text)
    delay_ms                                 0x080042f5   Thumb Code    18  delay.o(.text)
    _sys_exit                                0x0800431d   Thumb Code     6  usart.o(.text)
    fputc                                    0x08004323   Thumb Code    24  usart.o(.text)
    uart_init                                0x0800433b   Thumb Code   154  usart.o(.text)
    USART1_IRQHandler                        0x080043d5   Thumb Code   122  usart.o(.text)
    NVIC_PriorityGroupConfig                 0x08004461   Thumb Code    10  misc.o(.text)
    NVIC_Init                                0x0800446b   Thumb Code   100  misc.o(.text)
    NVIC_SetVectorTable                      0x080044cf   Thumb Code    14  misc.o(.text)
    NVIC_SystemLPConfig                      0x080044dd   Thumb Code    34  misc.o(.text)
    SysTick_CLKSourceConfig                  0x080044ff   Thumb Code    40  misc.o(.text)
    Reset_Handler                            0x0800453d   Thumb Code     8  startup_stm32f10x_hd.o(.text)
    ADC1_2_IRQHandler                        0x08004557   Thumb Code     0  startup_stm32f10x_hd.o(.text)
    ADC3_IRQHandler                          0x08004557   Thumb Code     0  startup_stm32f10x_hd.o(.text)
    CAN1_RX1_IRQHandler                      0x08004557   Thumb Code     0  startup_stm32f10x_hd.o(.text)
    CAN1_SCE_IRQHandler                      0x08004557   Thumb Code     0  startup_stm32f10x_hd.o(.text)
    DMA1_Channel1_IRQHandler                 0x08004557   Thumb Code     0  startup_stm32f10x_hd.o(.text)
    DMA1_Channel2_IRQHandler                 0x08004557   Thumb Code     0  startup_stm32f10x_hd.o(.text)
    DMA1_Channel3_IRQHandler                 0x08004557   Thumb Code     0  startup_stm32f10x_hd.o(.text)
    DMA1_Channel4_IRQHandler                 0x08004557   Thumb Code     0  startup_stm32f10x_hd.o(.text)
    DMA1_Channel5_IRQHandler                 0x08004557   Thumb Code     0  startup_stm32f10x_hd.o(.text)
    DMA1_Channel6_IRQHandler                 0x08004557   Thumb Code     0  startup_stm32f10x_hd.o(.text)
    DMA1_Channel7_IRQHandler                 0x08004557   Thumb Code     0  startup_stm32f10x_hd.o(.text)
    DMA2_Channel1_IRQHandler                 0x08004557   Thumb Code     0  startup_stm32f10x_hd.o(.text)
    DMA2_Channel2_IRQHandler                 0x08004557   Thumb Code     0  startup_stm32f10x_hd.o(.text)
    DMA2_Channel3_IRQHandler                 0x08004557   Thumb Code     0  startup_stm32f10x_hd.o(.text)
    DMA2_Channel4_5_IRQHandler               0x08004557   Thumb Code     0  startup_stm32f10x_hd.o(.text)
    EXTI0_IRQHandler                         0x08004557   Thumb Code     0  startup_stm32f10x_hd.o(.text)
    EXTI15_10_IRQHandler                     0x08004557   Thumb Code     0  startup_stm32f10x_hd.o(.text)
    EXTI1_IRQHandler                         0x08004557   Thumb Code     0  startup_stm32f10x_hd.o(.text)
    EXTI2_IRQHandler                         0x08004557   Thumb Code     0  startup_stm32f10x_hd.o(.text)
    EXTI3_IRQHandler                         0x08004557   Thumb Code     0  startup_stm32f10x_hd.o(.text)
    FLASH_IRQHandler                         0x08004557   Thumb Code     0  startup_stm32f10x_hd.o(.text)
    FSMC_IRQHandler                          0x08004557   Thumb Code     0  startup_stm32f10x_hd.o(.text)
    I2C1_ER_IRQHandler                       0x08004557   Thumb Code     0  startup_stm32f10x_hd.o(.text)
    I2C1_EV_IRQHandler                       0x08004557   Thumb Code     0  startup_stm32f10x_hd.o(.text)
    I2C2_ER_IRQHandler                       0x08004557   Thumb Code     0  startup_stm32f10x_hd.o(.text)
    I2C2_EV_IRQHandler                       0x08004557   Thumb Code     0  startup_stm32f10x_hd.o(.text)
    PVD_IRQHandler                           0x08004557   Thumb Code     0  startup_stm32f10x_hd.o(.text)
    RCC_IRQHandler                           0x08004557   Thumb Code     0  startup_stm32f10x_hd.o(.text)
    RTCAlarm_IRQHandler                      0x08004557   Thumb Code     0  startup_stm32f10x_hd.o(.text)
    RTC_IRQHandler                           0x08004557   Thumb Code     0  startup_stm32f10x_hd.o(.text)
    SDIO_IRQHandler                          0x08004557   Thumb Code     0  startup_stm32f10x_hd.o(.text)
    SPI1_IRQHandler                          0x08004557   Thumb Code     0  startup_stm32f10x_hd.o(.text)
    SPI2_IRQHandler                          0x08004557   Thumb Code     0  startup_stm32f10x_hd.o(.text)
    SPI3_IRQHandler                          0x08004557   Thumb Code     0  startup_stm32f10x_hd.o(.text)
    TAMPER_IRQHandler                        0x08004557   Thumb Code     0  startup_stm32f10x_hd.o(.text)
    TIM1_BRK_IRQHandler                      0x08004557   Thumb Code     0  startup_stm32f10x_hd.o(.text)
    TIM1_CC_IRQHandler                       0x08004557   Thumb Code     0  startup_stm32f10x_hd.o(.text)
    TIM1_TRG_COM_IRQHandler                  0x08004557   Thumb Code     0  startup_stm32f10x_hd.o(.text)
    TIM1_UP_IRQHandler                       0x08004557   Thumb Code     0  startup_stm32f10x_hd.o(.text)
    TIM2_IRQHandler                          0x08004557   Thumb Code     0  startup_stm32f10x_hd.o(.text)
    TIM3_IRQHandler                          0x08004557   Thumb Code     0  startup_stm32f10x_hd.o(.text)
    TIM4_IRQHandler                          0x08004557   Thumb Code     0  startup_stm32f10x_hd.o(.text)
    TIM5_IRQHandler                          0x08004557   Thumb Code     0  startup_stm32f10x_hd.o(.text)
    TIM6_IRQHandler                          0x08004557   Thumb Code     0  startup_stm32f10x_hd.o(.text)
    TIM7_IRQHandler                          0x08004557   Thumb Code     0  startup_stm32f10x_hd.o(.text)
    TIM8_BRK_IRQHandler                      0x08004557   Thumb Code     0  startup_stm32f10x_hd.o(.text)
    TIM8_CC_IRQHandler                       0x08004557   Thumb Code     0  startup_stm32f10x_hd.o(.text)
    TIM8_TRG_COM_IRQHandler                  0x08004557   Thumb Code     0  startup_stm32f10x_hd.o(.text)
    TIM8_UP_IRQHandler                       0x08004557   Thumb Code     0  startup_stm32f10x_hd.o(.text)
    UART4_IRQHandler                         0x08004557   Thumb Code     0  startup_stm32f10x_hd.o(.text)
    UART5_IRQHandler                         0x08004557   Thumb Code     0  startup_stm32f10x_hd.o(.text)
    USART2_IRQHandler                        0x08004557   Thumb Code     0  startup_stm32f10x_hd.o(.text)
    USART3_IRQHandler                        0x08004557   Thumb Code     0  startup_stm32f10x_hd.o(.text)
    USBWakeUp_IRQHandler                     0x08004557   Thumb Code     0  startup_stm32f10x_hd.o(.text)
    USB_HP_CAN1_TX_IRQHandler                0x08004557   Thumb Code     0  startup_stm32f10x_hd.o(.text)
    USB_LP_CAN1_RX0_IRQHandler               0x08004557   Thumb Code     0  startup_stm32f10x_hd.o(.text)
    WWDG_IRQHandler                          0x08004557   Thumb Code     0  startup_stm32f10x_hd.o(.text)
    __user_initial_stackheap                 0x08004559   Thumb Code     0  startup_stm32f10x_hd.o(.text)
    EXTI_DeInit                              0x0800457d   Thumb Code    28  stm32f10x_exti.o(.text)
    EXTI_Init                                0x08004599   Thumb Code   142  stm32f10x_exti.o(.text)
    EXTI_StructInit                          0x08004627   Thumb Code    16  stm32f10x_exti.o(.text)
    EXTI_GenerateSWInterrupt                 0x08004637   Thumb Code    16  stm32f10x_exti.o(.text)
    EXTI_GetFlagStatus                       0x08004647   Thumb Code    22  stm32f10x_exti.o(.text)
    EXTI_ClearFlag                           0x0800465d   Thumb Code     8  stm32f10x_exti.o(.text)
    EXTI_GetITStatus                         0x08004665   Thumb Code    34  stm32f10x_exti.o(.text)
    EXTI_ClearITPendingBit                   0x08004687   Thumb Code     8  stm32f10x_exti.o(.text)
    GPIO_DeInit                              0x08004699   Thumb Code   172  stm32f10x_gpio.o(.text)
    GPIO_AFIODeInit                          0x08004745   Thumb Code    20  stm32f10x_gpio.o(.text)
    GPIO_Init                                0x08004759   Thumb Code   278  stm32f10x_gpio.o(.text)
    GPIO_StructInit                          0x0800486f   Thumb Code    16  stm32f10x_gpio.o(.text)
    GPIO_ReadInputDataBit                    0x0800487f   Thumb Code    18  stm32f10x_gpio.o(.text)
    GPIO_ReadInputData                       0x08004891   Thumb Code     8  stm32f10x_gpio.o(.text)
    GPIO_ReadOutputDataBit                   0x08004899   Thumb Code    18  stm32f10x_gpio.o(.text)
    GPIO_ReadOutputData                      0x080048ab   Thumb Code     8  stm32f10x_gpio.o(.text)
    GPIO_SetBits                             0x080048b3   Thumb Code     4  stm32f10x_gpio.o(.text)
    GPIO_ResetBits                           0x080048b7   Thumb Code     4  stm32f10x_gpio.o(.text)
    GPIO_WriteBit                            0x080048bb   Thumb Code    10  stm32f10x_gpio.o(.text)
    GPIO_Write                               0x080048c5   Thumb Code     4  stm32f10x_gpio.o(.text)
    GPIO_PinLockConfig                       0x080048c9   Thumb Code    18  stm32f10x_gpio.o(.text)
    GPIO_EventOutputConfig                   0x080048db   Thumb Code    26  stm32f10x_gpio.o(.text)
    GPIO_EventOutputCmd                      0x080048f5   Thumb Code     6  stm32f10x_gpio.o(.text)
    GPIO_PinRemapConfig                      0x080048fb   Thumb Code   138  stm32f10x_gpio.o(.text)
    GPIO_EXTILineConfig                      0x08004985   Thumb Code    66  stm32f10x_gpio.o(.text)
    GPIO_ETH_MediaInterfaceConfig            0x080049c7   Thumb Code     8  stm32f10x_gpio.o(.text)
    RCC_DeInit                               0x080049f5   Thumb Code    64  stm32f10x_rcc.o(.text)
    RCC_HSEConfig                            0x08004a35   Thumb Code    70  stm32f10x_rcc.o(.text)
    RCC_GetFlagStatus                        0x08004a7b   Thumb Code    56  stm32f10x_rcc.o(.text)
    RCC_WaitForHSEStartUp                    0x08004ab3   Thumb Code    56  stm32f10x_rcc.o(.text)
    RCC_AdjustHSICalibrationValue            0x08004aeb   Thumb Code    20  stm32f10x_rcc.o(.text)
    RCC_HSICmd                               0x08004aff   Thumb Code     6  stm32f10x_rcc.o(.text)
    RCC_PLLConfig                            0x08004b05   Thumb Code    24  stm32f10x_rcc.o(.text)
    RCC_PLLCmd                               0x08004b1d   Thumb Code     6  stm32f10x_rcc.o(.text)
    RCC_SYSCLKConfig                         0x08004b23   Thumb Code    18  stm32f10x_rcc.o(.text)
    RCC_GetSYSCLKSource                      0x08004b35   Thumb Code    10  stm32f10x_rcc.o(.text)
    RCC_HCLKConfig                           0x08004b3f   Thumb Code    18  stm32f10x_rcc.o(.text)
    RCC_PCLK1Config                          0x08004b51   Thumb Code    18  stm32f10x_rcc.o(.text)
    RCC_PCLK2Config                          0x08004b63   Thumb Code    20  stm32f10x_rcc.o(.text)
    RCC_ITConfig                             0x08004b77   Thumb Code    26  stm32f10x_rcc.o(.text)
    RCC_USBCLKConfig                         0x08004b91   Thumb Code     8  stm32f10x_rcc.o(.text)
    RCC_ADCCLKConfig                         0x08004b99   Thumb Code    18  stm32f10x_rcc.o(.text)
    RCC_LSEConfig                            0x08004bab   Thumb Code    50  stm32f10x_rcc.o(.text)
    RCC_LSICmd                               0x08004bdd   Thumb Code     6  stm32f10x_rcc.o(.text)
    RCC_RTCCLKConfig                         0x08004be3   Thumb Code    12  stm32f10x_rcc.o(.text)
    RCC_RTCCLKCmd                            0x08004bef   Thumb Code     8  stm32f10x_rcc.o(.text)
    RCC_GetClocksFreq                        0x08004bf7   Thumb Code   192  stm32f10x_rcc.o(.text)
    RCC_AHBPeriphClockCmd                    0x08004cb7   Thumb Code    26  stm32f10x_rcc.o(.text)
    RCC_APB2PeriphClockCmd                   0x08004cd1   Thumb Code    26  stm32f10x_rcc.o(.text)
    RCC_APB1PeriphClockCmd                   0x08004ceb   Thumb Code    26  stm32f10x_rcc.o(.text)
    RCC_APB2PeriphResetCmd                   0x08004d05   Thumb Code    26  stm32f10x_rcc.o(.text)
    RCC_APB1PeriphResetCmd                   0x08004d1f   Thumb Code    26  stm32f10x_rcc.o(.text)
    RCC_BackupResetCmd                       0x08004d39   Thumb Code     8  stm32f10x_rcc.o(.text)
    RCC_ClockSecuritySystemCmd               0x08004d41   Thumb Code     6  stm32f10x_rcc.o(.text)
    RCC_MCOConfig                            0x08004d47   Thumb Code     6  stm32f10x_rcc.o(.text)
    RCC_ClearFlag                            0x08004d4d   Thumb Code    14  stm32f10x_rcc.o(.text)
    RCC_GetITStatus                          0x08004d5b   Thumb Code    20  stm32f10x_rcc.o(.text)
    RCC_ClearITPendingBit                    0x08004d6f   Thumb Code     6  stm32f10x_rcc.o(.text)
    TIM_DeInit                               0x08004d99   Thumb Code   424  stm32f10x_tim.o(.text)
    TIM_TimeBaseInit                         0x08004f41   Thumb Code   122  stm32f10x_tim.o(.text)
    TIM_OC1Init                              0x08004fbb   Thumb Code   132  stm32f10x_tim.o(.text)
    TIM_OC2Init                              0x0800503f   Thumb Code   154  stm32f10x_tim.o(.text)
    TIM_OC3Init                              0x080050d9   Thumb Code   150  stm32f10x_tim.o(.text)
    TIM_OC4Init                              0x0800516f   Thumb Code   182  stm32f10x_tim.o(.text)
    TIM_SetIC4Prescaler                      0x08005225   Thumb Code    26  stm32f10x_tim.o(.text)
    TIM_SetIC3Prescaler                      0x080052c1   Thumb Code    18  stm32f10x_tim.o(.text)
    TIM_SetIC2Prescaler                      0x0800534d   Thumb Code    26  stm32f10x_tim.o(.text)
    TIM_SetIC1Prescaler                      0x080053e9   Thumb Code    18  stm32f10x_tim.o(.text)
    TIM_ICInit                               0x08005467   Thumb Code   150  stm32f10x_tim.o(.text)
    TIM_PWMIConfig                           0x080054fd   Thumb Code   124  stm32f10x_tim.o(.text)
    TIM_BDTRConfig                           0x08005579   Thumb Code    32  stm32f10x_tim.o(.text)
    TIM_TimeBaseStructInit                   0x08005599   Thumb Code    18  stm32f10x_tim.o(.text)
    TIM_OCStructInit                         0x080055ab   Thumb Code    20  stm32f10x_tim.o(.text)
    TIM_ICStructInit                         0x080055bf   Thumb Code    18  stm32f10x_tim.o(.text)
    TIM_BDTRStructInit                       0x080055d1   Thumb Code    40  stm32f10x_tim.o(.text)
    TIM_Cmd                                  0x080055f9   Thumb Code    24  stm32f10x_tim.o(.text)
    TIM_CtrlPWMOutputs                       0x08005611   Thumb Code    30  stm32f10x_tim.o(.text)
    TIM_ITConfig                             0x0800562f   Thumb Code    18  stm32f10x_tim.o(.text)
    TIM_GenerateEvent                        0x08005641   Thumb Code     4  stm32f10x_tim.o(.text)
    TIM_DMAConfig                            0x08005645   Thumb Code    10  stm32f10x_tim.o(.text)
    TIM_DMACmd                               0x0800564f   Thumb Code    18  stm32f10x_tim.o(.text)
    TIM_InternalClockConfig                  0x08005661   Thumb Code    12  stm32f10x_tim.o(.text)
    TIM_SelectInputTrigger                   0x0800566d   Thumb Code    18  stm32f10x_tim.o(.text)
    TIM_ITRxExternalClockConfig              0x0800567f   Thumb Code    24  stm32f10x_tim.o(.text)
    TIM_TIxExternalClockConfig               0x08005697   Thumb Code    62  stm32f10x_tim.o(.text)
    TIM_ETRConfig                            0x080056d5   Thumb Code    28  stm32f10x_tim.o(.text)
    TIM_ETRClockMode1Config                  0x080056f1   Thumb Code    54  stm32f10x_tim.o(.text)
    TIM_ETRClockMode2Config                  0x08005727   Thumb Code    32  stm32f10x_tim.o(.text)
    TIM_PrescalerConfig                      0x08005747   Thumb Code     6  stm32f10x_tim.o(.text)
    TIM_CounterModeConfig                    0x0800574d   Thumb Code    18  stm32f10x_tim.o(.text)
    TIM_EncoderInterfaceConfig               0x0800575f   Thumb Code    66  stm32f10x_tim.o(.text)
    TIM_ForcedOC1Config                      0x080057a1   Thumb Code    18  stm32f10x_tim.o(.text)
    TIM_ForcedOC2Config                      0x080057b3   Thumb Code    26  stm32f10x_tim.o(.text)
    TIM_ForcedOC3Config                      0x080057cd   Thumb Code    18  stm32f10x_tim.o(.text)
    TIM_ForcedOC4Config                      0x080057df   Thumb Code    26  stm32f10x_tim.o(.text)
    TIM_ARRPreloadConfig                     0x080057f9   Thumb Code    24  stm32f10x_tim.o(.text)
    TIM_SelectCOM                            0x08005811   Thumb Code    24  stm32f10x_tim.o(.text)
    TIM_SelectCCDMA                          0x08005829   Thumb Code    24  stm32f10x_tim.o(.text)
    TIM_CCPreloadControl                     0x08005841   Thumb Code    24  stm32f10x_tim.o(.text)
    TIM_OC1PreloadConfig                     0x08005859   Thumb Code    18  stm32f10x_tim.o(.text)
    TIM_OC2PreloadConfig                     0x0800586b   Thumb Code    26  stm32f10x_tim.o(.text)
    TIM_OC3PreloadConfig                     0x08005885   Thumb Code    18  stm32f10x_tim.o(.text)
    TIM_OC4PreloadConfig                     0x08005897   Thumb Code    26  stm32f10x_tim.o(.text)
    TIM_OC1FastConfig                        0x080058b1   Thumb Code    18  stm32f10x_tim.o(.text)
    TIM_OC2FastConfig                        0x080058c3   Thumb Code    26  stm32f10x_tim.o(.text)
    TIM_OC3FastConfig                        0x080058dd   Thumb Code    18  stm32f10x_tim.o(.text)
    TIM_OC4FastConfig                        0x080058ef   Thumb Code    26  stm32f10x_tim.o(.text)
    TIM_ClearOC1Ref                          0x08005909   Thumb Code    18  stm32f10x_tim.o(.text)
    TIM_ClearOC2Ref                          0x0800591b   Thumb Code    24  stm32f10x_tim.o(.text)
    TIM_ClearOC3Ref                          0x08005933   Thumb Code    18  stm32f10x_tim.o(.text)
    TIM_ClearOC4Ref                          0x08005945   Thumb Code    24  stm32f10x_tim.o(.text)
    TIM_OC1PolarityConfig                    0x0800595d   Thumb Code    18  stm32f10x_tim.o(.text)
    TIM_OC1NPolarityConfig                   0x0800596f   Thumb Code    18  stm32f10x_tim.o(.text)
    TIM_OC2PolarityConfig                    0x08005981   Thumb Code    26  stm32f10x_tim.o(.text)
    TIM_OC2NPolarityConfig                   0x0800599b   Thumb Code    26  stm32f10x_tim.o(.text)
    TIM_OC3PolarityConfig                    0x080059b5   Thumb Code    26  stm32f10x_tim.o(.text)
    TIM_OC3NPolarityConfig                   0x080059cf   Thumb Code    26  stm32f10x_tim.o(.text)
    TIM_OC4PolarityConfig                    0x080059e9   Thumb Code    26  stm32f10x_tim.o(.text)
    TIM_CCxCmd                               0x08005a03   Thumb Code    30  stm32f10x_tim.o(.text)
    TIM_CCxNCmd                              0x08005a21   Thumb Code    30  stm32f10x_tim.o(.text)
    TIM_SelectOCxM                           0x08005a3f   Thumb Code    82  stm32f10x_tim.o(.text)
    TIM_UpdateDisableConfig                  0x08005a91   Thumb Code    24  stm32f10x_tim.o(.text)
    TIM_UpdateRequestConfig                  0x08005aa9   Thumb Code    24  stm32f10x_tim.o(.text)
    TIM_SelectHallSensor                     0x08005ac1   Thumb Code    24  stm32f10x_tim.o(.text)
    TIM_SelectOnePulseMode                   0x08005ad9   Thumb Code    18  stm32f10x_tim.o(.text)
    TIM_SelectOutputTrigger                  0x08005aeb   Thumb Code    18  stm32f10x_tim.o(.text)
    TIM_SelectSlaveMode                      0x08005afd   Thumb Code    18  stm32f10x_tim.o(.text)
    TIM_SelectMasterSlaveMode                0x08005b0f   Thumb Code    18  stm32f10x_tim.o(.text)
    TIM_SetCounter                           0x08005b21   Thumb Code     4  stm32f10x_tim.o(.text)
    TIM_SetAutoreload                        0x08005b25   Thumb Code     4  stm32f10x_tim.o(.text)
    TIM_SetCompare1                          0x08005b29   Thumb Code     4  stm32f10x_tim.o(.text)
    TIM_SetCompare2                          0x08005b2d   Thumb Code     4  stm32f10x_tim.o(.text)
    TIM_SetCompare3                          0x08005b31   Thumb Code     4  stm32f10x_tim.o(.text)
    TIM_SetCompare4                          0x08005b35   Thumb Code     6  stm32f10x_tim.o(.text)
    TIM_SetClockDivision                     0x08005b3b   Thumb Code    18  stm32f10x_tim.o(.text)
    TIM_GetCapture1                          0x08005b4d   Thumb Code     6  stm32f10x_tim.o(.text)
    TIM_GetCapture2                          0x08005b53   Thumb Code     6  stm32f10x_tim.o(.text)
    TIM_GetCapture3                          0x08005b59   Thumb Code     6  stm32f10x_tim.o(.text)
    TIM_GetCapture4                          0x08005b5f   Thumb Code     8  stm32f10x_tim.o(.text)
    TIM_GetCounter                           0x08005b67   Thumb Code     6  stm32f10x_tim.o(.text)
    TIM_GetPrescaler                         0x08005b6d   Thumb Code     6  stm32f10x_tim.o(.text)
    TIM_GetFlagStatus                        0x08005b73   Thumb Code    18  stm32f10x_tim.o(.text)
    TIM_ClearFlag                            0x08005b85   Thumb Code     6  stm32f10x_tim.o(.text)
    TIM_GetITStatus                          0x08005b8b   Thumb Code    34  stm32f10x_tim.o(.text)
    TIM_ClearITPendingBit                    0x08005bad   Thumb Code     6  stm32f10x_tim.o(.text)
    USART_DeInit                             0x08005bb5   Thumb Code   134  stm32f10x_usart.o(.text)
    USART_Init                               0x08005c3b   Thumb Code   210  stm32f10x_usart.o(.text)
    USART_StructInit                         0x08005d0d   Thumb Code    24  stm32f10x_usart.o(.text)
    USART_ClockInit                          0x08005d25   Thumb Code    34  stm32f10x_usart.o(.text)
    USART_ClockStructInit                    0x08005d47   Thumb Code    12  stm32f10x_usart.o(.text)
    USART_Cmd                                0x08005d53   Thumb Code    24  stm32f10x_usart.o(.text)
    USART_ITConfig                           0x08005d6b   Thumb Code    74  stm32f10x_usart.o(.text)
    USART_DMACmd                             0x08005db5   Thumb Code    18  stm32f10x_usart.o(.text)
    USART_SetAddress                         0x08005dc7   Thumb Code    18  stm32f10x_usart.o(.text)
    USART_WakeUpConfig                       0x08005dd9   Thumb Code    18  stm32f10x_usart.o(.text)
    USART_ReceiverWakeUpCmd                  0x08005deb   Thumb Code    24  stm32f10x_usart.o(.text)
    USART_LINBreakDetectLengthConfig         0x08005e03   Thumb Code    18  stm32f10x_usart.o(.text)
    USART_LINCmd                             0x08005e15   Thumb Code    24  stm32f10x_usart.o(.text)
    USART_SendData                           0x08005e2d   Thumb Code     8  stm32f10x_usart.o(.text)
    USART_ReceiveData                        0x08005e35   Thumb Code    10  stm32f10x_usart.o(.text)
    USART_SendBreak                          0x08005e3f   Thumb Code    10  stm32f10x_usart.o(.text)
    USART_SetGuardTime                       0x08005e49   Thumb Code    16  stm32f10x_usart.o(.text)
    USART_SetPrescaler                       0x08005e59   Thumb Code    16  stm32f10x_usart.o(.text)
    USART_SmartCardCmd                       0x08005e69   Thumb Code    24  stm32f10x_usart.o(.text)
    USART_SmartCardNACKCmd                   0x08005e81   Thumb Code    24  stm32f10x_usart.o(.text)
    USART_HalfDuplexCmd                      0x08005e99   Thumb Code    24  stm32f10x_usart.o(.text)
    USART_OverSampling8Cmd                   0x08005eb1   Thumb Code    22  stm32f10x_usart.o(.text)
    USART_OneBitMethodCmd                    0x08005ec7   Thumb Code    24  stm32f10x_usart.o(.text)
    USART_IrDAConfig                         0x08005edf   Thumb Code    18  stm32f10x_usart.o(.text)
    USART_IrDACmd                            0x08005ef1   Thumb Code    24  stm32f10x_usart.o(.text)
    USART_GetFlagStatus                      0x08005f09   Thumb Code    26  stm32f10x_usart.o(.text)
    USART_ClearFlag                          0x08005f23   Thumb Code    18  stm32f10x_usart.o(.text)
    USART_GetITStatus                        0x08005f35   Thumb Code    84  stm32f10x_usart.o(.text)
    USART_ClearITPendingBit                  0x08005f89   Thumb Code    52  stm32f10x_usart.o(.text)
    SPI_I2S_DeInit                           0x08005fbd   Thumb Code    76  stm32f10x_spi.o(.text)
    SPI_Init                                 0x08006009   Thumb Code    60  stm32f10x_spi.o(.text)
    I2S_Init                                 0x08006045   Thumb Code   226  stm32f10x_spi.o(.text)
    SPI_StructInit                           0x08006127   Thumb Code    24  stm32f10x_spi.o(.text)
    I2S_StructInit                           0x0800613f   Thumb Code    20  stm32f10x_spi.o(.text)
    SPI_Cmd                                  0x08006153   Thumb Code    24  stm32f10x_spi.o(.text)
    I2S_Cmd                                  0x0800616b   Thumb Code    24  stm32f10x_spi.o(.text)
    SPI_I2S_ITConfig                         0x08006183   Thumb Code    32  stm32f10x_spi.o(.text)
    SPI_I2S_DMACmd                           0x080061a3   Thumb Code    18  stm32f10x_spi.o(.text)
    SPI_I2S_SendData                         0x080061b5   Thumb Code     4  stm32f10x_spi.o(.text)
    SPI_I2S_ReceiveData                      0x080061b9   Thumb Code     6  stm32f10x_spi.o(.text)
    SPI_NSSInternalSoftwareConfig            0x080061bf   Thumb Code    30  stm32f10x_spi.o(.text)
    SPI_SSOutputCmd                          0x080061dd   Thumb Code    24  stm32f10x_spi.o(.text)
    SPI_DataSizeConfig                       0x080061f5   Thumb Code    18  stm32f10x_spi.o(.text)
    SPI_TransmitCRC                          0x08006207   Thumb Code    10  stm32f10x_spi.o(.text)
    SPI_CalculateCRC                         0x08006211   Thumb Code    24  stm32f10x_spi.o(.text)
    SPI_GetCRC                               0x08006229   Thumb Code    16  stm32f10x_spi.o(.text)
    SPI_GetCRCPolynomial                     0x08006239   Thumb Code     6  stm32f10x_spi.o(.text)
    SPI_BiDirectionalLineConfig              0x0800623f   Thumb Code    28  stm32f10x_spi.o(.text)
    SPI_I2S_GetFlagStatus                    0x0800625b   Thumb Code    18  stm32f10x_spi.o(.text)
    SPI_I2S_ClearFlag                        0x0800626d   Thumb Code     6  stm32f10x_spi.o(.text)
    SPI_I2S_GetITStatus                      0x08006273   Thumb Code    52  stm32f10x_spi.o(.text)
    SPI_I2S_ClearITPendingBit                0x080062a7   Thumb Code    20  stm32f10x_spi.o(.text)
    __use_no_semihosting                     0x080062c9   Thumb Code     2  use_no_semi_2.o(.text)
    __2printf                                0x080062cd   Thumb Code    20  noretval__2printf.o(.text)
    _printf_pre_padding                      0x080062e5   Thumb Code    44  _printf_pad.o(.text)
    _printf_post_padding                     0x08006311   Thumb Code    34  _printf_pad.o(.text)
    _printf_str                              0x08006333   Thumb Code    82  _printf_str.o(.text)
    _printf_int_dec                          0x08006385   Thumb Code   104  _printf_dec.o(.text)
    _printf_int_hex                          0x080063fd   Thumb Code    84  _printf_hex_int.o(.text)
    _printf_longlong_hex                     0x080063fd   Thumb Code     0  _printf_hex_int.o(.text)
    __printf                                 0x08006455   Thumb Code   388  __printf_flags_ss_wp.o(.text)
    strlen                                   0x080065dd   Thumb Code    62  strlen.o(.text)
    __aeabi_memcpy4                          0x0800661b   Thumb Code     0  rt_memcpy_w.o(.text)
    __aeabi_memcpy8                          0x0800661b   Thumb Code     0  rt_memcpy_w.o(.text)
    __rt_memcpy_w                            0x0800661b   Thumb Code   100  rt_memcpy_w.o(.text)
    _memcpy_lastbytes_aligned                0x08006663   Thumb Code     0  rt_memcpy_w.o(.text)
    strcmp                                   0x08006681   Thumb Code   128  strcmpv7m.o(.text)
    __use_two_region_memory                  0x08006701   Thumb Code     2  heapauxi.o(.text)
    __rt_heap_escrow$2region                 0x08006703   Thumb Code     2  heapauxi.o(.text)
    __rt_heap_expand$2region                 0x08006705   Thumb Code     2  heapauxi.o(.text)
    __I$use$semihosting                      0x08006707   Thumb Code     0  use_no_semi.o(.text)
    __use_no_semihosting_swi                 0x08006707   Thumb Code     2  use_no_semi.o(.text)
    _printf_int_common                       0x08006709   Thumb Code   178  _printf_intcommon.o(.text)
    _printf_cs_common                        0x080067bb   Thumb Code    20  _printf_char.o(.text)
    _printf_char                             0x080067cf   Thumb Code    16  _printf_char.o(.text)
    _printf_string                           0x080067df   Thumb Code     8  _printf_char.o(.text)
    _printf_char_file                        0x080067e9   Thumb Code    32  _printf_char_file.o(.text)
    _printf_char_common                      0x08006817   Thumb Code    32  _printf_char_common.o(.text)
    ferror                                   0x0800683d   Thumb Code     8  ferror.o(.text)
    __user_setup_stackheap                   0x08006845   Thumb Code    74  sys_stackheap_outer.o(.text)
    exit                                     0x0800688f   Thumb Code    18  exit.o(.text)
    __user_libspace                          0x080068a1   Thumb Code     8  libspace.o(.text)
    __user_perproc_libspace                  0x080068a1   Thumb Code     0  libspace.o(.text)
    __user_perthread_libspace                0x080068a1   Thumb Code     0  libspace.o(.text)
    _is_digit                                0x080068a9   Thumb Code    14  __printf_wp.o(i._is_digit)
    __aeabi_d2f                              0x080068b9   Thumb Code     0  d2f.o(x$fpl$d2f)
    _d2f                                     0x080068b9   Thumb Code    98  d2f.o(x$fpl$d2f)
    __aeabi_ddiv                             0x0800691d   Thumb Code     0  ddiv.o(x$fpl$ddiv)
    _ddiv                                    0x0800691d   Thumb Code   552  ddiv.o(x$fpl$ddiv)
    __aeabi_d2iz                             0x08006bcd   Thumb Code     0  dfix.o(x$fpl$dfix)
    _dfix                                    0x08006bcd   Thumb Code    94  dfix.o(x$fpl$dfix)
    __aeabi_i2d                              0x08006c2b   Thumb Code     0  dflt_clz.o(x$fpl$dflt)
    _dflt                                    0x08006c2b   Thumb Code    46  dflt_clz.o(x$fpl$dflt)
    __aeabi_ui2d                             0x08006c59   Thumb Code     0  dflt_clz.o(x$fpl$dfltu)
    _dfltu                                   0x08006c59   Thumb Code    38  dflt_clz.o(x$fpl$dfltu)
    __aeabi_dmul                             0x08006c81   Thumb Code     0  dmul.o(x$fpl$dmul)
    _dmul                                    0x08006c81   Thumb Code   332  dmul.o(x$fpl$dmul)
    __fpl_dnaninf                            0x08006dd5   Thumb Code   156  dnaninf.o(x$fpl$dnaninf)
    __fpl_dretinf                            0x08006e71   Thumb Code    12  dretinf.o(x$fpl$dretinf)
    __aeabi_f2d                              0x08006e7d   Thumb Code     0  f2d.o(x$fpl$f2d)
    _f2d                                     0x08006e7d   Thumb Code    86  f2d.o(x$fpl$f2d)
    __fpl_fnaninf                            0x08006ed3   Thumb Code   140  fnaninf.o(x$fpl$fnaninf)
    __fpl_fretinf                            0x08006f5f   Thumb Code    10  fretinf.o(x$fpl$fretinf)
    C24LC01                                  0x08006f68   Data          16  at24cxx.o(.constdata)
    __I$use$fp                               0x08006f68   Number         0  usenofp.o(x$fpl$usenofp)
    C24LC02                                  0x08006f78   Data          16  at24cxx.o(.constdata)
    C24LC04                                  0x08006f88   Data          16  at24cxx.o(.constdata)
    C24LC08                                  0x08006f98   Data          16  at24cxx.o(.constdata)
    C24LC16                                  0x08006fa8   Data          16  at24cxx.o(.constdata)
    C24LC32                                  0x08006fb8   Data          16  at24cxx.o(.constdata)
    C24LC64                                  0x08006fc8   Data          16  at24cxx.o(.constdata)
    C24LC128                                 0x08006fd8   Data          16  at24cxx.o(.constdata)
    C24LC256                                 0x08006fe8   Data          16  at24cxx.o(.constdata)
    C24LC512                                 0x08006ff8   Data          16  at24cxx.o(.constdata)
    Region$$Table$$Base                      0x080073c8   Number         0  anon$$obj.o(Region$$Table)
    Region$$Table$$Limit                     0x080073e8   Number         0  anon$$obj.o(Region$$Table)
    SystemCoreClock                          0x20000000   Data           4  system_stm32f10x.o(.data)
    AHBPrescTable                            0x20000004   Data          16  system_stm32f10x.o(.data)
    act_ORG                                  0x20000014   Data           1  motor_motion.o(.data)
    speedFlag                                0x20000015   Data           3  motor_motion.o(.data)
    motor_EN                                 0x20000018   Data           1  motor_motion.o(.data)
    motor_EN_PIN                             0x20000019   Data           1  motor_motion.o(.data)
    motor_EN_VALUE                           0x2000001a   Data           1  motor_motion.o(.data)
    HOME_temp                                0x2000001c   Data          24  motor_motion.o(.data)
    MotorConfig                              0x20000034   Data         108  motor_motion.o(.data)
    SpeedChangedFlag                         0x200000a0   Data           3  motor_motion.o(.data)
    at24cxx                                  0x200000a4   Data          44  at24cxx.o(.data)
    at24c256                                 0x200000d0   Data          36  at24cxx.o(.data)
    sys_cmd_tab                              0x200000f8   Data          28  usmart.o(.data)
    usmart_nametab                           0x20000114   Data         144  usmart_config.o(.data)
    usmart_dev                               0x200001a4   Data         244  usmart_config.o(.data)
    PA0                                      0x20000298   Data           8  mcu_gpio.o(.data)
    PA1                                      0x200002a0   Data           8  mcu_gpio.o(.data)
    PA2                                      0x200002a8   Data           8  mcu_gpio.o(.data)
    PA3                                      0x200002b0   Data           8  mcu_gpio.o(.data)
    PA4                                      0x200002b8   Data           8  mcu_gpio.o(.data)
    PA5                                      0x200002c0   Data           8  mcu_gpio.o(.data)
    PA6                                      0x200002c8   Data           8  mcu_gpio.o(.data)
    PA7                                      0x200002d0   Data           8  mcu_gpio.o(.data)
    PA8                                      0x200002d8   Data           8  mcu_gpio.o(.data)
    PA9                                      0x200002e0   Data           8  mcu_gpio.o(.data)
    PA10                                     0x200002e8   Data           8  mcu_gpio.o(.data)
    PA11                                     0x200002f0   Data           8  mcu_gpio.o(.data)
    PA12                                     0x200002f8   Data           8  mcu_gpio.o(.data)
    PA13                                     0x20000300   Data           8  mcu_gpio.o(.data)
    PA14                                     0x20000308   Data           8  mcu_gpio.o(.data)
    PA15                                     0x20000310   Data           8  mcu_gpio.o(.data)
    PB0                                      0x20000318   Data           8  mcu_gpio.o(.data)
    PB1                                      0x20000320   Data           8  mcu_gpio.o(.data)
    PB2                                      0x20000328   Data           8  mcu_gpio.o(.data)
    PB3                                      0x20000330   Data           8  mcu_gpio.o(.data)
    PB4                                      0x20000338   Data           8  mcu_gpio.o(.data)
    PB5                                      0x20000340   Data           8  mcu_gpio.o(.data)
    PB6                                      0x20000348   Data           8  mcu_gpio.o(.data)
    PB7                                      0x20000350   Data           8  mcu_gpio.o(.data)
    PB8                                      0x20000358   Data           8  mcu_gpio.o(.data)
    PB9                                      0x20000360   Data           8  mcu_gpio.o(.data)
    PB10                                     0x20000368   Data           8  mcu_gpio.o(.data)
    PB11                                     0x20000370   Data           8  mcu_gpio.o(.data)
    PB12                                     0x20000378   Data           8  mcu_gpio.o(.data)
    PB13                                     0x20000380   Data           8  mcu_gpio.o(.data)
    PB14                                     0x20000388   Data           8  mcu_gpio.o(.data)
    PB15                                     0x20000390   Data           8  mcu_gpio.o(.data)
    PC0                                      0x20000398   Data           8  mcu_gpio.o(.data)
    PC1                                      0x200003a0   Data           8  mcu_gpio.o(.data)
    PC2                                      0x200003a8   Data           8  mcu_gpio.o(.data)
    PC3                                      0x200003b0   Data           8  mcu_gpio.o(.data)
    PC4                                      0x200003b8   Data           8  mcu_gpio.o(.data)
    PC5                                      0x200003c0   Data           8  mcu_gpio.o(.data)
    PC6                                      0x200003c8   Data           8  mcu_gpio.o(.data)
    PC7                                      0x200003d0   Data           8  mcu_gpio.o(.data)
    PC8                                      0x200003d8   Data           8  mcu_gpio.o(.data)
    PC9                                      0x200003e0   Data           8  mcu_gpio.o(.data)
    PC10                                     0x200003e8   Data           8  mcu_gpio.o(.data)
    PC11                                     0x200003f0   Data           8  mcu_gpio.o(.data)
    PC12                                     0x200003f8   Data           8  mcu_gpio.o(.data)
    PC13                                     0x20000400   Data           8  mcu_gpio.o(.data)
    PC14                                     0x20000408   Data           8  mcu_gpio.o(.data)
    PC15                                     0x20000410   Data           8  mcu_gpio.o(.data)
    PD0                                      0x20000418   Data           8  mcu_gpio.o(.data)
    PD1                                      0x20000420   Data           8  mcu_gpio.o(.data)
    PD2                                      0x20000428   Data           8  mcu_gpio.o(.data)
    PD3                                      0x20000430   Data           8  mcu_gpio.o(.data)
    PD4                                      0x20000438   Data           8  mcu_gpio.o(.data)
    PD5                                      0x20000440   Data           8  mcu_gpio.o(.data)
    PD6                                      0x20000448   Data           8  mcu_gpio.o(.data)
    PD7                                      0x20000450   Data           8  mcu_gpio.o(.data)
    PD8                                      0x20000458   Data           8  mcu_gpio.o(.data)
    PD9                                      0x20000460   Data           8  mcu_gpio.o(.data)
    PD10                                     0x20000468   Data           8  mcu_gpio.o(.data)
    PD11                                     0x20000470   Data           8  mcu_gpio.o(.data)
    PD12                                     0x20000478   Data           8  mcu_gpio.o(.data)
    PD13                                     0x20000480   Data           8  mcu_gpio.o(.data)
    PD14                                     0x20000488   Data           8  mcu_gpio.o(.data)
    PD15                                     0x20000490   Data           8  mcu_gpio.o(.data)
    PE0                                      0x20000498   Data           8  mcu_gpio.o(.data)
    PE1                                      0x200004a0   Data           8  mcu_gpio.o(.data)
    PE2                                      0x200004a8   Data           8  mcu_gpio.o(.data)
    PE3                                      0x200004b0   Data           8  mcu_gpio.o(.data)
    PE4                                      0x200004b8   Data           8  mcu_gpio.o(.data)
    PE5                                      0x200004c0   Data           8  mcu_gpio.o(.data)
    PE6                                      0x200004c8   Data           8  mcu_gpio.o(.data)
    PE7                                      0x200004d0   Data           8  mcu_gpio.o(.data)
    PE8                                      0x200004d8   Data           8  mcu_gpio.o(.data)
    PE9                                      0x200004e0   Data           8  mcu_gpio.o(.data)
    PE10                                     0x200004e8   Data           8  mcu_gpio.o(.data)
    PE11                                     0x200004f0   Data           8  mcu_gpio.o(.data)
    PE12                                     0x200004f8   Data           8  mcu_gpio.o(.data)
    PE13                                     0x20000500   Data           8  mcu_gpio.o(.data)
    PE14                                     0x20000508   Data           8  mcu_gpio.o(.data)
    PE15                                     0x20000510   Data           8  mcu_gpio.o(.data)
    PF0                                      0x20000518   Data           8  mcu_gpio.o(.data)
    PF1                                      0x20000520   Data           8  mcu_gpio.o(.data)
    PF2                                      0x20000528   Data           8  mcu_gpio.o(.data)
    PF3                                      0x20000530   Data           8  mcu_gpio.o(.data)
    PF4                                      0x20000538   Data           8  mcu_gpio.o(.data)
    PF5                                      0x20000540   Data           8  mcu_gpio.o(.data)
    PF6                                      0x20000548   Data           8  mcu_gpio.o(.data)
    PF7                                      0x20000550   Data           8  mcu_gpio.o(.data)
    PF8                                      0x20000558   Data           8  mcu_gpio.o(.data)
    PF9                                      0x20000560   Data           8  mcu_gpio.o(.data)
    PF10                                     0x20000568   Data           8  mcu_gpio.o(.data)
    PF11                                     0x20000570   Data           8  mcu_gpio.o(.data)
    PF12                                     0x20000578   Data           8  mcu_gpio.o(.data)
    PF13                                     0x20000580   Data           8  mcu_gpio.o(.data)
    PF14                                     0x20000588   Data           8  mcu_gpio.o(.data)
    PF15                                     0x20000590   Data           8  mcu_gpio.o(.data)
    PG0                                      0x20000598   Data           8  mcu_gpio.o(.data)
    PG1                                      0x200005a0   Data           8  mcu_gpio.o(.data)
    PG2                                      0x200005a8   Data           8  mcu_gpio.o(.data)
    PG3                                      0x200005b0   Data           8  mcu_gpio.o(.data)
    PG4                                      0x200005b8   Data           8  mcu_gpio.o(.data)
    PG5                                      0x200005c0   Data           8  mcu_gpio.o(.data)
    PG6                                      0x200005c8   Data           8  mcu_gpio.o(.data)
    PG7                                      0x200005d0   Data           8  mcu_gpio.o(.data)
    PG8                                      0x200005d8   Data           8  mcu_gpio.o(.data)
    PG9                                      0x200005e0   Data           8  mcu_gpio.o(.data)
    PG10                                     0x200005e8   Data           8  mcu_gpio.o(.data)
    PG11                                     0x200005f0   Data           8  mcu_gpio.o(.data)
    PG12                                     0x200005f8   Data           8  mcu_gpio.o(.data)
    PG13                                     0x20000600   Data           8  mcu_gpio.o(.data)
    PG14                                     0x20000608   Data           8  mcu_gpio.o(.data)
    PG15                                     0x20000610   Data           8  mcu_gpio.o(.data)
    SoftI2c                                  0x20000618   Data          12  mcu_softi2c.o(.data)
    __stdout                                 0x2000062c   Data           4  usart.o(.data)
    USART_RX_STA                             0x20000630   Data           2  usart.o(.data)
    USART_RX_BUF                             0x20000648   Data         200  usart.o(.bss)
    __libspace_start                         0x20000710   Data          96  libspace.o(.bss)
    __temporary_stack_top$libspace           0x20000770   Data           0  libspace.o(.bss)



==============================================================================

Memory Map of the image

  Image Entry point : 0x08000131

  Load Region LR_IROM1 (Base: 0x08000000, Size: 0x00007a30, Max: 0x00080000, ABSOLUTE, COMPRESSED[0x00007704])

    Execution Region ER_IROM1 (Exec base: 0x08000000, Load base: 0x08000000, Size: 0x000073e8, Max: 0x00080000, ABSOLUTE)

    Exec Addr    Load Addr    Size         Type   Attr      Idx    E Section Name        Object

    0x08000000   0x08000000   0x00000130   Data   RO          621    RESET               startup_stm32f10x_hd.o
    0x08000130   0x08000130   0x00000008   Code   RO          816  * !!!main             c_w.l(__main.o)
    0x08000138   0x08000138   0x00000034   Code   RO         1017    !!!scatter          c_w.l(__scatter.o)
    0x0800016c   0x0800016c   0x0000005a   Code   RO         1015    !!dczerorl2         c_w.l(__dczerorl2.o)
    0x080001c6   0x080001c6   0x00000002   PAD
    0x080001c8   0x080001c8   0x0000001c   Code   RO         1019    !!handler_zi        c_w.l(__scatter_zi.o)
    0x080001e4   0x080001e4   0x00000000   Code   RO          807    .ARM.Collect$$_printf_percent$$00000000  c_w.l(_printf_percent.o)
    0x080001e4   0x080001e4   0x00000006   Code   RO          805    .ARM.Collect$$_printf_percent$$00000009  c_w.l(_printf_d.o)
    0x080001ea   0x080001ea   0x00000006   Code   RO          806    .ARM.Collect$$_printf_percent$$0000000A  c_w.l(_printf_u.o)
    0x080001f0   0x080001f0   0x00000006   Code   RO          804    .ARM.Collect$$_printf_percent$$0000000C  c_w.l(_printf_x.o)
    0x080001f6   0x080001f6   0x00000006   Code   RO          802    .ARM.Collect$$_printf_percent$$00000013  c_w.l(_printf_c.o)
    0x080001fc   0x080001fc   0x00000006   Code   RO          803    .ARM.Collect$$_printf_percent$$00000014  c_w.l(_printf_s.o)
    0x08000202   0x08000202   0x00000004   Code   RO          847    .ARM.Collect$$_printf_percent$$00000017  c_w.l(_printf_percent_end.o)
    0x08000206   0x08000206   0x00000002   Code   RO          889    .ARM.Collect$$libinit$$00000000  c_w.l(libinit.o)
    0x08000208   0x08000208   0x00000000   Code   RO          896    .ARM.Collect$$libinit$$00000002  c_w.l(libinit2.o)
    0x08000208   0x08000208   0x00000000   Code   RO          898    .ARM.Collect$$libinit$$00000004  c_w.l(libinit2.o)
    0x08000208   0x08000208   0x00000000   Code   RO          901    .ARM.Collect$$libinit$$0000000A  c_w.l(libinit2.o)
    0x08000208   0x08000208   0x00000000   Code   RO          903    .ARM.Collect$$libinit$$0000000C  c_w.l(libinit2.o)
    0x08000208   0x08000208   0x00000000   Code   RO          905    .ARM.Collect$$libinit$$0000000E  c_w.l(libinit2.o)
    0x08000208   0x08000208   0x00000000   Code   RO          908    .ARM.Collect$$libinit$$00000011  c_w.l(libinit2.o)
    0x08000208   0x08000208   0x00000000   Code   RO          910    .ARM.Collect$$libinit$$00000013  c_w.l(libinit2.o)
    0x08000208   0x08000208   0x00000000   Code   RO          912    .ARM.Collect$$libinit$$00000015  c_w.l(libinit2.o)
    0x08000208   0x08000208   0x00000000   Code   RO          914    .ARM.Collect$$libinit$$00000017  c_w.l(libinit2.o)
    0x08000208   0x08000208   0x00000000   Code   RO          916    .ARM.Collect$$libinit$$00000019  c_w.l(libinit2.o)
    0x08000208   0x08000208   0x00000000   Code   RO          918    .ARM.Collect$$libinit$$0000001B  c_w.l(libinit2.o)
    0x08000208   0x08000208   0x00000000   Code   RO          920    .ARM.Collect$$libinit$$0000001D  c_w.l(libinit2.o)
    0x08000208   0x08000208   0x00000000   Code   RO          922    .ARM.Collect$$libinit$$0000001F  c_w.l(libinit2.o)
    0x08000208   0x08000208   0x00000000   Code   RO          924    .ARM.Collect$$libinit$$00000021  c_w.l(libinit2.o)
    0x08000208   0x08000208   0x00000000   Code   RO          926    .ARM.Collect$$libinit$$00000023  c_w.l(libinit2.o)
    0x08000208   0x08000208   0x00000000   Code   RO          928    .ARM.Collect$$libinit$$00000025  c_w.l(libinit2.o)
    0x08000208   0x08000208   0x00000000   Code   RO          932    .ARM.Collect$$libinit$$0000002C  c_w.l(libinit2.o)
    0x08000208   0x08000208   0x00000000   Code   RO          934    .ARM.Collect$$libinit$$0000002E  c_w.l(libinit2.o)
    0x08000208   0x08000208   0x00000000   Code   RO          936    .ARM.Collect$$libinit$$00000030  c_w.l(libinit2.o)
    0x08000208   0x08000208   0x00000000   Code   RO          938    .ARM.Collect$$libinit$$00000032  c_w.l(libinit2.o)
    0x08000208   0x08000208   0x00000002   Code   RO          939    .ARM.Collect$$libinit$$00000033  c_w.l(libinit2.o)
    0x0800020a   0x0800020a   0x00000002   Code   RO          957    .ARM.Collect$$libshutdown$$00000000  c_w.l(libshutdown.o)
    0x0800020c   0x0800020c   0x00000000   Code   RO          967    .ARM.Collect$$libshutdown$$00000002  c_w.l(libshutdown2.o)
    0x0800020c   0x0800020c   0x00000000   Code   RO          969    .ARM.Collect$$libshutdown$$00000004  c_w.l(libshutdown2.o)
    0x0800020c   0x0800020c   0x00000000   Code   RO          972    .ARM.Collect$$libshutdown$$00000007  c_w.l(libshutdown2.o)
    0x0800020c   0x0800020c   0x00000000   Code   RO          975    .ARM.Collect$$libshutdown$$0000000A  c_w.l(libshutdown2.o)
    0x0800020c   0x0800020c   0x00000000   Code   RO          977    .ARM.Collect$$libshutdown$$0000000C  c_w.l(libshutdown2.o)
    0x0800020c   0x0800020c   0x00000000   Code   RO          980    .ARM.Collect$$libshutdown$$0000000F  c_w.l(libshutdown2.o)
    0x0800020c   0x0800020c   0x00000002   Code   RO          981    .ARM.Collect$$libshutdown$$00000010  c_w.l(libshutdown2.o)
    0x0800020e   0x0800020e   0x00000000   Code   RO          840    .ARM.Collect$$rtentry$$00000000  c_w.l(__rtentry.o)
    0x0800020e   0x0800020e   0x00000000   Code   RO          858    .ARM.Collect$$rtentry$$00000002  c_w.l(__rtentry2.o)
    0x0800020e   0x0800020e   0x00000006   Code   RO          870    .ARM.Collect$$rtentry$$00000004  c_w.l(__rtentry4.o)
    0x08000214   0x08000214   0x00000000   Code   RO          860    .ARM.Collect$$rtentry$$00000009  c_w.l(__rtentry2.o)
    0x08000214   0x08000214   0x00000004   Code   RO          861    .ARM.Collect$$rtentry$$0000000A  c_w.l(__rtentry2.o)
    0x08000218   0x08000218   0x00000000   Code   RO          863    .ARM.Collect$$rtentry$$0000000C  c_w.l(__rtentry2.o)
    0x08000218   0x08000218   0x00000008   Code   RO          864    .ARM.Collect$$rtentry$$0000000D  c_w.l(__rtentry2.o)
    0x08000220   0x08000220   0x00000002   Code   RO          893    .ARM.Collect$$rtexit$$00000000  c_w.l(rtexit.o)
    0x08000222   0x08000222   0x00000000   Code   RO          941    .ARM.Collect$$rtexit$$00000002  c_w.l(rtexit2.o)
    0x08000222   0x08000222   0x00000004   Code   RO          942    .ARM.Collect$$rtexit$$00000003  c_w.l(rtexit2.o)
    0x08000226   0x08000226   0x00000006   Code   RO          943    .ARM.Collect$$rtexit$$00000004  c_w.l(rtexit2.o)
    0x0800022c   0x0800022c   0x00000110   Code   RO            1    .text               main.o
    0x0800033c   0x0800033c   0x00000018   Code   RO          157    .text               stm32f10x_it.o
    0x08000354   0x08000354   0x000001e0   Code   RO          198    .text               system_stm32f10x.o
    0x08000534   0x08000534   0x00001120   Code   RO          216    .text               motor_motion.o
    0x08001654   0x08001654   0x00000658   Code   RO          254    .text               board_debug.o
    0x08001cac   0x08001cac   0x000004d4   Code   RO          273    .text               tmc429.o
    0x08002180   0x08002180   0x0000044c   Code   RO          289    .text               at24cxx.o
    0x080025cc   0x080025cc   0x00000284   Code   RO          308    .text               output.o
    0x08002850   0x08002850   0x0000033c   Code   RO          327    .text               input.o
    0x08002b8c   0x08002b8c   0x000000b8   Code   RO          343    .text               led.o
    0x08002c44   0x08002c44   0x00000748   Code   RO          358    .text               usmart.o
    0x0800338c   0x0800338c   0x00000570   Code   RO          390    .text               usmart_str.o
    0x080038fc   0x080038fc   0x00000120   Code   RO          402    .text               mcu_gpio.o
    0x08003a1c   0x08003a1c   0x000004de   Code   RO          420    .text               mcu_softi2c.o
    0x08003efa   0x08003efa   0x00000002   PAD
    0x08003efc   0x08003efc   0x00000124   Code   RO          438    .text               spi.o
    0x08004020   0x08004020   0x000001b0   Code   RO          450    .text               exti.o
    0x080041d0   0x080041d0   0x00000084   Code   RO          462    .text               tim.o
    0x08004254   0x08004254   0x000000c8   Code   RO          474    .text               delay.o
    0x0800431c   0x0800431c   0x00000144   Code   RO          505    .text               usart.o
    0x08004460   0x08004460   0x000000dc   Code   RO          538    .text               misc.o
    0x0800453c   0x0800453c   0x00000040   Code   RO          622    .text               startup_stm32f10x_hd.o
    0x0800457c   0x0800457c   0x0000011c   Code   RO          626    .text               stm32f10x_exti.o
    0x08004698   0x08004698   0x0000035c   Code   RO          644    .text               stm32f10x_gpio.o
    0x080049f4   0x080049f4   0x000003a4   Code   RO          683    .text               stm32f10x_rcc.o
    0x08004d98   0x08004d98   0x00000e1a   Code   RO          700    .text               stm32f10x_tim.o
    0x08005bb2   0x08005bb2   0x00000002   PAD
    0x08005bb4   0x08005bb4   0x00000408   Code   RO          715    .text               stm32f10x_usart.o
    0x08005fbc   0x08005fbc   0x0000030c   Code   RO          730    .text               stm32f10x_spi.o
    0x080062c8   0x080062c8   0x00000002   Code   RO          747    .text               c_w.l(use_no_semi_2.o)
    0x080062ca   0x080062ca   0x00000002   PAD
    0x080062cc   0x080062cc   0x00000018   Code   RO          751    .text               c_w.l(noretval__2printf.o)
    0x080062e4   0x080062e4   0x0000004e   Code   RO          755    .text               c_w.l(_printf_pad.o)
    0x08006332   0x08006332   0x00000052   Code   RO          757    .text               c_w.l(_printf_str.o)
    0x08006384   0x08006384   0x00000078   Code   RO          759    .text               c_w.l(_printf_dec.o)
    0x080063fc   0x080063fc   0x00000058   Code   RO          764    .text               c_w.l(_printf_hex_int.o)
    0x08006454   0x08006454   0x00000188   Code   RO          799    .text               c_w.l(__printf_flags_ss_wp.o)
    0x080065dc   0x080065dc   0x0000003e   Code   RO          808    .text               c_w.l(strlen.o)
    0x0800661a   0x0800661a   0x00000064   Code   RO          810    .text               c_w.l(rt_memcpy_w.o)
    0x0800667e   0x0800667e   0x00000002   PAD
    0x08006680   0x08006680   0x00000080   Code   RO          812    .text               c_w.l(strcmpv7m.o)
    0x08006700   0x08006700   0x00000006   Code   RO          814    .text               c_w.l(heapauxi.o)
    0x08006706   0x08006706   0x00000002   Code   RO          838    .text               c_w.l(use_no_semi.o)
    0x08006708   0x08006708   0x000000b2   Code   RO          841    .text               c_w.l(_printf_intcommon.o)
    0x080067ba   0x080067ba   0x0000002c   Code   RO          843    .text               c_w.l(_printf_char.o)
    0x080067e6   0x080067e6   0x00000002   PAD
    0x080067e8   0x080067e8   0x00000024   Code   RO          845    .text               c_w.l(_printf_char_file.o)
    0x0800680c   0x0800680c   0x00000030   Code   RO          872    .text               c_w.l(_printf_char_common.o)
    0x0800683c   0x0800683c   0x00000008   Code   RO          874    .text               c_w.l(ferror.o)
    0x08006844   0x08006844   0x0000004a   Code   RO          878    .text               c_w.l(sys_stackheap_outer.o)
    0x0800688e   0x0800688e   0x00000012   Code   RO          882    .text               c_w.l(exit.o)
    0x080068a0   0x080068a0   0x00000008   Code   RO          890    .text               c_w.l(libspace.o)
    0x080068a8   0x080068a8   0x0000000e   Code   RO          792    i._is_digit         c_w.l(__printf_wp.o)
    0x080068b6   0x080068b6   0x00000002   PAD
    0x080068b8   0x080068b8   0x00000062   Code   RO          818    x$fpl$d2f           fz_ws.l(d2f.o)
    0x0800691a   0x0800691a   0x00000002   PAD
    0x0800691c   0x0800691c   0x000002b0   Code   RO          821    x$fpl$ddiv          fz_ws.l(ddiv.o)
    0x08006bcc   0x08006bcc   0x0000005e   Code   RO          824    x$fpl$dfix          fz_ws.l(dfix.o)
    0x08006c2a   0x08006c2a   0x0000002e   Code   RO          829    x$fpl$dflt          fz_ws.l(dflt_clz.o)
    0x08006c58   0x08006c58   0x00000026   Code   RO          828    x$fpl$dfltu         fz_ws.l(dflt_clz.o)
    0x08006c7e   0x08006c7e   0x00000002   PAD
    0x08006c80   0x08006c80   0x00000154   Code   RO          834    x$fpl$dmul          fz_ws.l(dmul.o)
    0x08006dd4   0x08006dd4   0x0000009c   Code   RO          848    x$fpl$dnaninf       fz_ws.l(dnaninf.o)
    0x08006e70   0x08006e70   0x0000000c   Code   RO          850    x$fpl$dretinf       fz_ws.l(dretinf.o)
    0x08006e7c   0x08006e7c   0x00000056   Code   RO          836    x$fpl$f2d           fz_ws.l(f2d.o)
    0x08006ed2   0x08006ed2   0x0000008c   Code   RO          852    x$fpl$fnaninf       fz_ws.l(fnaninf.o)
    0x08006f5e   0x08006f5e   0x0000000a   Code   RO          854    x$fpl$fretinf       fz_ws.l(fretinf.o)
    0x08006f68   0x08006f68   0x00000000   Code   RO          856    x$fpl$usenofp       fz_ws.l(usenofp.o)
    0x08006f68   0x08006f68   0x000000a0   Data   RO          290    .constdata          at24cxx.o
    0x08007008   0x08007008   0x00000028   Data   RO          765    .constdata          c_w.l(_printf_hex_int.o)
    0x08007030   0x08007030   0x00000011   Data   RO          800    .constdata          c_w.l(__printf_flags_ss_wp.o)
    0x08007041   0x08007041   0x00000003   PAD
    0x08007044   0x08007044   0x00000052   Data   RO          255    .conststring        board_debug.o
    0x08007096   0x08007096   0x00000002   PAD
    0x08007098   0x08007098   0x00000078   Data   RO          359    .conststring        usmart.o
    0x08007110   0x08007110   0x000002b5   Data   RO          374    .conststring        usmart_config.o
    0x080073c5   0x080073c5   0x00000003   PAD
    0x080073c8   0x080073c8   0x00000020   Data   RO         1013    Region$$Table       anon$$obj.o


    Execution Region RW_IRAM1 (Exec base: 0x20000000, Load base: 0x080073e8, Size: 0x00000d70, Max: 0x00010000, ABSOLUTE, COMPRESSED[0x0000031c])

    Exec Addr    Load Addr    Size         Type   Attr      Idx    E Section Name        Object

    0x20000000   COMPRESSED   0x00000014   Data   RW          199    .data               system_stm32f10x.o
    0x20000014   COMPRESSED   0x0000008f   Data   RW          217    .data               motor_motion.o
    0x200000a3   COMPRESSED   0x00000001   PAD
    0x200000a4   COMPRESSED   0x00000050   Data   RW          291    .data               at24cxx.o
    0x200000f4   COMPRESSED   0x00000001   Data   RW          309    .data               output.o
    0x200000f5   COMPRESSED   0x00000001   Data   RW          328    .data               input.o
    0x200000f6   COMPRESSED   0x00000002   PAD
    0x200000f8   COMPRESSED   0x0000001c   Data   RW          360    .data               usmart.o
    0x20000114   COMPRESSED   0x00000184   Data   RW          375    .data               usmart_config.o
    0x20000298   COMPRESSED   0x00000380   Data   RW          403    .data               mcu_gpio.o
    0x20000618   COMPRESSED   0x0000000c   Data   RW          421    .data               mcu_softi2c.o
    0x20000624   COMPRESSED   0x00000008   Data   RW          475    .data               delay.o
    0x2000062c   COMPRESSED   0x00000006   Data   RW          507    .data               usart.o
    0x20000632   COMPRESSED   0x00000014   Data   RW          684    .data               stm32f10x_rcc.o
    0x20000646   COMPRESSED   0x00000002   PAD
    0x20000648        -       0x000000c8   Zero   RW          506    .bss                usart.o
    0x20000710        -       0x00000060   Zero   RW          891    .bss                c_w.l(libspace.o)
    0x20000770        -       0x00000200   Zero   RW          620    HEAP                startup_stm32f10x_hd.o
    0x20000970        -       0x00000400   Zero   RW          619    STACK               startup_stm32f10x_hd.o


==============================================================================

Image component sizes


      Code (inc. data)   RO Data    RW Data    ZI Data      Debug   Object Name

      1100        102        160         80          0       6488   at24cxx.o
      1624        656         82          0          0       2530   board_debug.o
       200         22          0          8          0       1692   delay.o
       432          4          0          0          0       2106   exti.o
       828         88          0          1          0       1804   input.o
       184         22          0          0          0        731   led.o
       272         54          0          0          0     259713   main.o
       288         12          0        896          0       5193   mcu_gpio.o
      1246          0          0         12          0       4423   mcu_softi2c.o
       220         22          0          0          0      12573   misc.o
      4384        510          0        143          0      10685   motor_motion.o
       644         98          0          1          0       1135   output.o
       292         14          0          0          0       1065   spi.o
        64         26        304          0       1536        824   startup_stm32f10x_hd.o
       284         10          0          0          0       4735   stm32f10x_exti.o
       860         38          0          0          0      14397   stm32f10x_gpio.o
        24          0          0          0          0       1062   stm32f10x_it.o
       932         36          0         20          0      17964   stm32f10x_rcc.o
       780         14          0          0          0      13826   stm32f10x_spi.o
      3610         88          0          0          0      43492   stm32f10x_tim.o
      1032         22          0          0          0      14800   stm32f10x_usart.o
         0          0          0          0          0         32   sys.o
       480         38          0         20          0       1659   system_stm32f10x.o
       132          8          0          0          0        880   tim.o
      1236         26          0          0          0       5299   tmc429.o
       324         18          0          6        200       3118   usart.o
      1864        428        120         28          0       3073   usmart.o
         0          0        693        388          0       1712   usmart_config.o
      1392         12          0          0          0       5341   usmart_str.o

    ----------------------------------------------------------------------
     24732       2368       1396       1608       1736     442352   Object Totals
         0          0         32          0          0          0   (incl. Generated)
         4          0          5          5          0          0   (incl. Padding)

    ----------------------------------------------------------------------

      Code (inc. data)   RO Data    RW Data    ZI Data      Debug   Library Member Name

        90          0          0          0          0          0   __dczerorl2.o
         8          0          0          0          0         68   __main.o
       392          4         17          0          0         92   __printf_flags_ss_wp.o
        14          0          0          0          0         68   __printf_wp.o
         0          0          0          0          0          0   __rtentry.o
        12          0          0          0          0          0   __rtentry2.o
         6          0          0          0          0          0   __rtentry4.o
        52          8          0          0          0          0   __scatter.o
        28          0          0          0          0          0   __scatter_zi.o
         6          0          0          0          0          0   _printf_c.o
        44          0          0          0          0        108   _printf_char.o
        48          6          0          0          0         96   _printf_char_common.o
        36          4          0          0          0         80   _printf_char_file.o
         6          0          0          0          0          0   _printf_d.o
       120         16          0          0          0         92   _printf_dec.o
        88          4         40          0          0         88   _printf_hex_int.o
       178          0          0          0          0         88   _printf_intcommon.o
        78          0          0          0          0        108   _printf_pad.o
         0          0          0          0          0          0   _printf_percent.o
         4          0          0          0          0          0   _printf_percent_end.o
         6          0          0          0          0          0   _printf_s.o
        82          0          0          0          0         80   _printf_str.o
         6          0          0          0          0          0   _printf_u.o
         6          0          0          0          0          0   _printf_x.o
        18          0          0          0          0         80   exit.o
         8          0          0          0          0         68   ferror.o
         6          0          0          0          0        152   heapauxi.o
         2          0          0          0          0          0   libinit.o
         2          0          0          0          0          0   libinit2.o
         2          0          0          0          0          0   libshutdown.o
         2          0          0          0          0          0   libshutdown2.o
         8          4          0          0         96         68   libspace.o
        24          4          0          0          0         84   noretval__2printf.o
       100          0          0          0          0         80   rt_memcpy_w.o
         2          0          0          0          0          0   rtexit.o
        10          0          0          0          0          0   rtexit2.o
       128          0          0          0          0         68   strcmpv7m.o
        62          0          0          0          0         76   strlen.o
        74          0          0          0          0         80   sys_stackheap_outer.o
         2          0          0          0          0         68   use_no_semi.o
         2          0          0          0          0         68   use_no_semi_2.o
        98          4          0          0          0         92   d2f.o
       688        140          0          0          0        208   ddiv.o
        94          4          0          0          0         92   dfix.o
        84          0          0          0          0        136   dflt_clz.o
       340         12          0          0          0        104   dmul.o
       156          4          0          0          0         92   dnaninf.o
        12          0          0          0          0         68   dretinf.o
        86          4          0          0          0         84   f2d.o
       140          4          0          0          0         84   fnaninf.o
        10          0          0          0          0         68   fretinf.o
         0          0          0          0          0          0   usenofp.o

    ----------------------------------------------------------------------
      3484        222         60          0         96       2888   Library Totals
        14          0          3          0          0          0   (incl. Padding)

    ----------------------------------------------------------------------

      Code (inc. data)   RO Data    RW Data    ZI Data      Debug   Library Name

      1762         50         57          0         96       1860   c_w.l
      1708        172          0          0          0       1028   fz_ws.l

    ----------------------------------------------------------------------
      3484        222         60          0         96       2888   Library Totals

    ----------------------------------------------------------------------

==============================================================================


      Code (inc. data)   RO Data    RW Data    ZI Data      Debug   

     28216       2590       1456       1608       1832     441440   Grand Totals
     28216       2590       1456        796       1832     441440   ELF Image Totals (compressed)
     28216       2590       1456        796          0          0   ROM Totals

==============================================================================

    Total RO  Size (Code + RO Data)                29672 (  28.98kB)
    Total RW  Size (RW Data + ZI Data)              3440 (   3.36kB)
    Total ROM Size (Code + RO Data + RW Data)      30468 (  29.75kB)

==============================================================================

